    Blocking waiting for file lock on package cache
   Compiling mere-kernel v0.0.2 (C:\Users\mark_\Code\worktrees\mere-graph-semantics\crates\graph\graph-kernel)
warning: unused imports: `astar`, `dijkstra`, `has_path_connecting`, and `kosaraju_scc`
  --> C:\Users\mark_\Code\worktrees\mere-graph-semantics\crates\graph\graph-kernel\src\graph\mod.rs:21:22
   |
21 | use petgraph::algo::{astar, dijkstra, has_path_connecting, kosaraju_scc};
   |                      ^^^^^  ^^^^^^^^  ^^^^^^^^^^^^^^^^^^^  ^^^^^^^^^^^^
   |
   = note: `#[warn(unused_imports)]` (part of `#[warn(unused)]`) on by default

warning: unused imports: `Archived`, `Place`, and `Resolver`
  --> C:\Users\mark_\Code\worktrees\mere-graph-semantics\crates\graph\graph-kernel\src\graph\mod.rs:25:21
   |
25 | use rkyv::{Archive, Archived, Deserialize, Place, Resolver, Serialize, rancor::Fallible};
   |                     ^^^^^^^^               ^^^^^  ^^^^^^^^

warning: unused import: `HashSet`
  --> C:\Users\mark_\Code\worktrees\mere-graph-semantics\crates\graph\graph-kernel\src\graph\mod.rs:26:43
   |
26 | use std::collections::{BTreeMap, HashMap, HashSet};
   |                                           ^^^^^^^

warning: unused imports: `GraphSnapshot`, `PersistedAddress`, `PersistedArrangementEdgeData`, `PersistedArrangementSubKind`, `PersistedContainmentEdgeData`, `PersistedContainmentSubKind`, `PersistedEdgeFamily`, `PersistedEdge`, `PersistedImportedEdgeData`, `PersistedImportedSubKind`, `PersistedNavigationTrigger`, `PersistedNodeSessionState`, `PersistedNode`, `PersistedProvenanceEdgeData`, `PersistedProvenanceSubKind`, `PersistedSemanticEdgeData`, `PersistedSemanticSubKind`, `PersistedTraversalEdgeData`, `PersistedTraversalMetrics`, and `PersistedTraversalRecord`
  --> C:\Users\mark_\Code\worktrees\mere-graph-semantics\crates\graph\graph-kernel\src\graph\mod.rs:35:5
   |
35 |     GraphSnapshot, PersistedAddress, PersistedArrangementEdgeData, PersistedArrangementSubKind,
   |     ^^^^^^^^^^^^^  ^^^^^^^^^^^^^^^^  ^^^^^^^^^^^^^^^^^^^^^^^^^^^^  ^^^^^^^^^^^^^^^^^^^^^^^^^^^
36 |     PersistedContainmentEdgeData, PersistedContainmentSubKind, PersistedEdge, PersistedEdgeFamily,
   |     ^^^^^^^^^^^^^^^^^^^^^^^^^^^^  ^^^^^^^^^^^^^^^^^^^^^^^^^^^  ^^^^^^^^^^^^^  ^^^^^^^^^^^^^^^^^^^
37 |     PersistedImportedEdgeData, PersistedImportedSubKind, PersistedNavigationTrigger, PersistedNode,
   |     ^^^^^^^^^^^^^^^^^^^^^^^^^  ^^^^^^^^^^^^^^^^^^^^^^^^  ^^^^^^^^^^^^^^^^^^^^^^^^^^  ^^^^^^^^^^^^^
38 |     PersistedNodeSessionState, PersistedProvenanceEdgeData, PersistedProvenanceSubKind,
   |     ^^^^^^^^^^^^^^^^^^^^^^^^^  ^^^^^^^^^^^^^^^^^^^^^^^^^^^  ^^^^^^^^^^^^^^^^^^^^^^^^^^
39 |     PersistedSemanticEdgeData, PersistedSemanticSubKind, PersistedTraversalEdgeData,
   |     ^^^^^^^^^^^^^^^^^^^^^^^^^  ^^^^^^^^^^^^^^^^^^^^^^^^  ^^^^^^^^^^^^^^^^^^^^^^^^^^
40 |     PersistedTraversalMetrics, PersistedTraversalRecord,
   |     ^^^^^^^^^^^^^^^^^^^^^^^^^  ^^^^^^^^^^^^^^^^^^^^^^^^

warning: unused import: `VecDeque`
  --> C:\Users\mark_\Code\worktrees\mere-graph-semantics\crates\graph\graph-kernel\src\graph\query.rs:17:42
   |
17 | use std::collections::{HashMap, HashSet, VecDeque};
   |                                          ^^^^^^^^

warning: unused import: `EdgeRef`
  --> C:\Users\mark_\Code\worktrees\mere-graph-semantics\crates\graph\graph-kernel\src\graph\mod.rs:24:23
   |
24 | use petgraph::visit::{EdgeRef, IntoEdgeReferences};
   |                       ^^^^^^^

warning: unused import: `rancor::Fallible`
  --> C:\Users\mark_\Code\worktrees\mere-graph-semantics\crates\graph\graph-kernel\src\graph\mod.rs:25:72
   |
25 | use rkyv::{Archive, Archived, Deserialize, Place, Resolver, Serialize, rancor::Fallible};
   |                                                                        ^^^^^^^^^^^^^^^^

warning: methods `navigate_node`, `branch_history`, `node_history_back`, and `node_history_forward` are never used
   --> C:\Users\mark_\Code\worktrees\mere-graph-semantics\crates\graph\graph-kernel\src\graph\mod.rs:583:19
    |
350 | impl Graph {
    | ---------- methods in this implementation
...
583 |     pub(crate) fn navigate_node(&mut self, key: NodeKey, url: &str) {
    |                   ^^^^^^^^^^^^^
...
597 |     pub(crate) fn branch_history(&mut self, child: NodeKey, parent: NodeKey) {
    |                   ^^^^^^^^^^^^^^
...
609 |     pub(crate) fn node_history_back(&mut self, key: NodeKey) -> Option<String> {
    |                   ^^^^^^^^^^^^^^^^^
...
619 |     pub(crate) fn node_history_forward(&mut self, key: NodeKey) -> Option<String> {
    |                   ^^^^^^^^^^^^^^^^^^^^
    |
    = note: `#[warn(dead_code)]` (part of `#[warn(unused)]`) on by default

warning: methods `assert_semantic_predicate`, `assert_semantic_relation_in_scope`, and `assert_semantic_predicate_in_scope` are never used
   --> C:\Users\mark_\Code\worktrees\mere-graph-semantics\crates\graph\graph-kernel\src\graph\edge_payload.rs:258:19
    |
 45 | impl EdgePayload {
    | ---------------- methods in this implementation
...
258 |     pub(crate) fn assert_semantic_predicate(&mut self, predicate: String) -> bool {
    |                   ^^^^^^^^^^^^^^^^^^^^^^^^^
...
262 |     pub(crate) fn assert_semantic_relation_in_scope(
    |                   ^^^^^^^^^^^^^^^^^^^^^^^^^^^^^^^^^
...
271 |     pub(crate) fn assert_semantic_predicate_in_scope(
    |                   ^^^^^^^^^^^^^^^^^^^^^^^^^^^^^^^^^^

warning: struct `LogIdAsString` is never constructed
   --> C:\Users\mark_\Code\worktrees\mere-graph-semantics\crates\graph\graph-kernel\src\graph\identity.rs:132:19
    |
132 | pub(crate) struct LogIdAsString;
    |                   ^^^^^^^^^^^^^

warning: multiple methods are never used
   --> C:\Users\mark_\Code\worktrees\mere-graph-semantics\crates\graph\graph-kernel\src\graph\edge_ops.rs:132:19
    |
 32 | impl Graph {
    | ---------- methods in this implementation
...
132 |     pub(crate) fn assert_semantic_predicate(
    |                   ^^^^^^^^^^^^^^^^^^^^^^^^^
...
199 |     pub(crate) fn replay_assert_relation_by_ids(
    |                   ^^^^^^^^^^^^^^^^^^^^^^^^^^^^^
...
210 |     pub(crate) fn replay_set_edge_semantic_predicate_by_ids(
    |                   ^^^^^^^^^^^^^^^^^^^^^^^^^^^^^^^^^^^^^^^^^
...
228 |     pub(crate) fn replay_assert_semantic_predicate_by_ids(
    |                   ^^^^^^^^^^^^^^^^^^^^^^^^^^^^^^^^^^^^^^^
...
256 |     pub(crate) fn dissolve_remove_node_collect_traversals(
    |                   ^^^^^^^^^^^^^^^^^^^^^^^^^^^^^^^^^^^^^^^
...
492 |     pub(crate) fn get_edge_mut(&mut self, key: EdgeKey) -> Option<&mut EdgePayload> {
    |                   ^^^^^^^^^^^^
...
498 |     pub(crate) fn set_edge_semantic_predicate(
    |                   ^^^^^^^^^^^^^^^^^^^^^^^^^^^

warning: method `get_node_mut` is never used
   --> C:\Users\mark_\Code\worktrees\mere-graph-semantics\crates\graph\graph-kernel\src\graph\query.rs:108:19
    |
101 | impl Graph {
    | ---------- method in this implementation
...
108 |     pub(crate) fn get_node_mut(&mut self, key: NodeKey) -> Option<&mut Node> {
    |                   ^^^^^^^^^^^^

warning: `mere-kernel` (lib) generated 12 warnings (run `cargo fix --lib -p mere-kernel` to apply 5 suggestions)
   Compiling turnstone-resource-capture-gate v0.0.0 (C:\Users\mark_\Code\repos\turnstone\docs\receipts\graph_semantics_p2_20261005\consumer_gate)
    Finished `test` profile [unoptimized + debuginfo] target(s) in 17.33s
     Running unittests src\lib.rs (C:/t/cargo-targets/turnstone\debug\deps\turnstone_resource_capture_gate-581b31b2673eeaa9.exe)

running 6 tests
test resource_capture_tests::legacy_surface_and_exact_edge_captures_keep_their_targets ... ok
test resource_capture_tests::a_resource_record_wakes_all_alias_surfaces_and_not_an_unrelated_surface ... ok
test resource_capture_tests::expanded_surface_scopes_keep_watch_matching_and_no_self_wake ... ok
test resource_capture_tests::shown_resource_retarget_and_clear_wake_only_the_named_surface ... ok
test resource_capture_tests::resource_pairs_union_both_endpoint_surfaces_and_deduplicate_self_pairs ... ok
test resource_capture_tests::malformed_or_unshown_resource_ids_do_not_become_bare_surface_wakes ... ok

test result: ok. 6 passed; 0 failed; 0 ignored; 0 measured; 0 filtered out; finished in 0.00s

