    Updating git repository `https://github.com/merely-made/wgpu-graft.git`
From https://github.com/merely-made/wgpu-graft
 * [new ref]         b5a5f487abad9f37fa5f840f477bd7fd3ec60aee -> refs/commit/b5a5f487abad9f37fa5f840f477bd7fd3ec60aee
error: invalid type: boolean `true`, expected a map
 --> ..\..\..\.cargo\git\checkouts\servo-e53a6e7b994a25fe\aac43a3\python\tidy\tests\lints-configuration\no-workspace\Cargo.toml:8:7
  |
8 | foo = true
  |       ^^^^
warning: patch `burn-remote v0.22.0 (https://github.com/merely-made/mere.git?rev=57b4893db6909d5ed9c4ccae30216f0d8164201a#57b4893d)` was not used in the crate graph
warning: patch `cubecl-runtime v0.11.0 (https://github.com/merely-made/mere.git?rev=57b4893db6909d5ed9c4ccae30216f0d8164201a#57b4893d)` was not used in the crate graph
warning: patch `p2panda-stream v0.7.1 (https://github.com/mark-ik/p2panda.git?tag=mere-p2panda-net-0.7.5#1bec457e)` was not used in the crate graph
help: Check that the patched package version and available features are compatible
      with the dependency requirements. If the patch has a different version from
      what is locked in the Cargo.lock file, run `cargo update` to use the new
      version. This may also occur with an optional dependency that is not enabled.
     Locking 3 packages to latest Rust 1.98.1 compatible versions
      Adding grafting v0.6.0 (https://github.com/merely-made/wgpu-graft.git?rev=b5a5f487abad9f37fa5f840f477bd7fd3ec60aee#b5a5f487)
      Adding grafting-frame v0.1.0 (https://github.com/merely-made/wgpu-graft.git?rev=b5a5f487abad9f37fa5f840f477bd7fd3ec60aee#b5a5f487)
      Adding servo-wgpu-interop-adapter v0.1.0 (https://github.com/merely-made/wgpu-graft.git?rev=b5a5f487abad9f37fa5f840f477bd7fd3ec60aee#b5a5f487)
 Downloading crates ...
  Downloaded fontconfig-parser v0.5.8
  Downloaded cgl v0.3.2
  Downloaded gaol v0.2.1
  Downloaded core-text v20.1.0
  Downloaded freetype v0.8.0
  Downloaded malloc_buf v0.0.6
  Downloaded objc v0.2.7
  Downloaded mach2 v0.7.0
  Downloaded os_pipe v1.2.3
  Downloaded ohos-pasteboard v0.1.0
  Downloaded ohos-sys-opaque-types v0.1.12
  Downloaded ohos-window-sys v0.1.8
  Downloaded ohos-pasteboard-sys v0.1.6
  Downloaded ohos-media-sys v0.1.2
  Downloaded tree_magic_mini v3.2.2
  Downloaded udmf v0.1.1
  Downloaded udmf-sys v0.1.5
  Downloaded wl-clipboard-rs v0.9.4
  Downloaded yuv v0.8.19
  Downloaded xml v1.4.0
