warning: patch `p2panda-stream v0.7.1 (https://github.com/mark-ik/p2panda.git?tag=mere-p2panda-net-0.7.4#0a54ab82)` was not used in the crate graph
help: Check that the patched package version and available features are compatible
      with the dependency requirements. If the patch has a different version from
      what is locked in the Cargo.lock file, run `cargo update` to use the new
      version. This may also occur with an optional dependency that is not enabled.
    Blocking waiting for file lock on package cache
   Compiling cef-dll-sys v151.8.1+151.3.24
   Compiling welding v0.15.0 (https://github.com/merely-made/wgpu-weld.git?rev=65d057def7db2b5034add6e316cbd51d97c163a1#65d057de)
error: failed to run custom build command for `cef-dll-sys v151.8.1+151.3.24`

Caused by:
  process didn't exit successfully: `C:\t\cargo-targets\turnstone\debug\build\cef-dll-sys-2fc1c38a0ec692e3\build-script-build` (exit code: 1)
  --- stdout
  cargo::rerun-if-changed=build.rs
  cargo::rerun-if-env-changed=FLATPAK
  cargo::rerun-if-env-changed=CEF_PATH
  Using CEF path from environment: C:\Users\mark_\Code\cef-cache\wgpu-weld\151.3.24\cef_windows_x86_64
  cargo::rerun-if-changed=C:\Users\mark_\Code\cef-cache\wgpu-weld\151.3.24\cef_windows_x86_64
  cargo::metadata=CEF_DIR=C:\Users\mark_\Code\cef-cache\wgpu-weld\151.3.24\cef_windows_x86_64
  cargo::rustc-link-search=native=C:\Users\mark_\Code\cef-cache\wgpu-weld\151.3.24\cef_windows_x86_64
  cargo::metadata=CEF_API_VERSION=15101

  --- stderr
  Error: The process cannot access the file because it is being used by another process. (os error 32)
