{"launch_method": "LaunchServices temporary application bundle", "launcher_exit": 0, "timeout": false, "success": false, "elapsed_seconds": 58.768, "binary_sha256": "d3000572241d4fa4859d7a92f53499f18cd1d30ace8c74a994eb7ba209043d9d", "scenario_sha256": "d7ea7fe6e147688ad7c90b727ea209b82a3209b497d59f9758b63d87646ccfa5", "receipt": "scenario.done", "captures": 7}
RESULT fail
captured app_default
FAIL: wait-file '/Users/markik/Code/tabard-app-receipts/2026-10-10/turnstone/native-03/seed/workshop/scenario.done' after 1800 frames: still missing or empty
FAIL: assert snap appearance-workshop-ok Eq 'true': got 'false'
captured app_saved_unselected
FAIL: assert snap appearance-theme Eq 'theme:copy-1': got ''
FAIL: assert snap appearance-theme Eq 'theme:copy-1': got ''
captured app_light
FAIL: assert snap appearance-theme Eq 'theme:copy-1': got ''
captured app_dark
FAIL: assert snap appearance-theme Eq 'theme:copy-1': got ''
captured app_hc_light
FAIL: assert snap appearance-theme Eq 'theme:copy-1': got ''
captured app_hc_dark
FAIL: assert snap appearance-css Contains '#142238': got ''
captured app_authored_narrow
presentation frames=147 captures=7 blank=0
capture /Users/markik/Code/tabard-app-receipts/2026-10-10/turnstone/native-03/seed/app/app_default.png digest=90342347df2b4ea9 blank=false
capture /Users/markik/Code/tabard-app-receipts/2026-10-10/turnstone/native-03/seed/app/app_saved_unselected.png digest=89bc2fb7093183be blank=false
capture /Users/markik/Code/tabard-app-receipts/2026-10-10/turnstone/native-03/seed/app/app_light.png digest=7f6d4fecda6f3450 blank=false
capture /Users/markik/Code/tabard-app-receipts/2026-10-10/turnstone/native-03/seed/app/app_dark.png digest=1766ae5686f620df blank=false
capture /Users/markik/Code/tabard-app-receipts/2026-10-10/turnstone/native-03/seed/app/app_hc_light.png digest=1feb8034722d6db9 blank=false
capture /Users/markik/Code/tabard-app-receipts/2026-10-10/turnstone/native-03/seed/app/app_hc_dark.png digest=112d8836f63cbbea blank=false
capture /Users/markik/Code/tabard-app-receipts/2026-10-10/turnstone/native-03/seed/app/app_authored_narrow.png digest=bf11e924a7b9e86f blank=false
FAIL: workshop scenario did not complete successfully
