2026-10-10T09:50:26.137626Z  INFO turnstone::launch: turnstone starting
2026-10-10T09:50:26.217039Z  WARN turnstone::identity: personae vault unavailable; falling back to the unsealed profile seed err=identity backend error: no OS auto-unlock backend on this platform yet; set PERSONAE_PASSPHRASE to use the portable passphrase vault instead
2026-10-10T09:50:26.507671Z  INFO turnstone::app::session_lifecycle: no session graph; starting on the sample graph
2026-10-10T09:50:27.732985Z  INFO actor{actor="actor"}: armillary: actor started actor="actor"
2026-10-10T09:50:27.732985Z  INFO actor{actor="actor"}: armillary: actor started actor="actor"
2026-10-10T09:50:27.733211Z  INFO fjall::keyspace: Opening keyspace at "/Users/markik/Code/tabard-app-receipts/2026-10-10/turnstone/native-09/turnstone-profile/cookies"
2026-10-10T09:50:27.911187Z  INFO actor{actor="actor"}: armillary: actor started actor="actor"
2026-10-10T09:50:27.911419Z  INFO actor{actor="download-custody"}: armillary: actor started actor="download-custody"
2026-10-10T09:50:27.911450Z  INFO actor{actor="recycle-bin"}: armillary: actor started actor="recycle-bin"
2026-10-10T09:50:27.911483Z  INFO actor{actor="trail-memory"}: armillary: actor started actor="trail-memory"
2026-10-10T09:50:27.911549Z  INFO actor{actor="turnstone-place"}: armillary: actor started actor="turnstone-place"
2026-10-10T09:50:27.911784Z  INFO actor{actor="recycle-bin"}: fjall::keyspace: Opening keyspace at "/Users/markik/Code/tabard-app-receipts/2026-10-10/turnstone/native-09/turnstone-profile/sessions/c5d2edee-32d8-4d89-9e14-fa87a6aa7eb4/bin"
2026-10-10T09:50:27.911799Z  INFO actor{actor="trail-memory"}: fjall::keyspace: Opening keyspace at "/Users/markik/Code/tabard-app-receipts/2026-10-10/turnstone/native-09/turnstone-profile/sessions/c5d2edee-32d8-4d89-9e14-fa87a6aa7eb4/memory"
2026-10-10T09:50:27.935759Z  INFO swarm_discovery::sender: no addresses for peer, not announcing
2026-10-10T09:50:27.952313Z  INFO swarm_discovery::sender: no addresses for peer, not announcing
2026-10-10T09:50:28.039329Z  INFO turnstone::shell::a11y_bridge: a11y_bridge: installed
2026-10-10T09:50:28.306845Z  INFO vello::wgpu_engine: Initialising shader modules in parallel using 14 threads
2026-10-10T09:50:28.671537Z  WARN swarm_discovery::socket: error sending mDNS: No route to host (os error 65)
2026-10-10T09:50:28.695880Z  WARN swarm_discovery::socket: error sending mDNS: No route to host (os error 65)
2026-10-10T09:50:29.462042Z  WARN swarm_discovery::socket: error sending mDNS: No route to host (os error 65)
2026-10-10T09:50:29.500884Z  WARN swarm_discovery::socket: error sending mDNS: No route to host (os error 65)
2026-10-10T09:50:30.234255Z  WARN swarm_discovery::socket: error sending mDNS: No route to host (os error 65)
2026-10-10T09:50:30.261079Z  WARN swarm_discovery::socket: error sending mDNS: No route to host (os error 65)
2026-10-10T09:50:30.368458Z  INFO actor{actor="actor"}: armillary: actor started actor="actor"
2026-10-10T09:50:31.028732Z  WARN swarm_discovery::socket: error sending mDNS: No route to host (os error 65)
2026-10-10T09:50:31.062138Z  WARN swarm_discovery::socket: error sending mDNS: No route to host (os error 65)
[genet-render-host] surface acquire skipped: Occluded
[genet-render-host] surface acquire skipped: Occluded
[genet-render-host] surface acquire skipped: Occluded
2026-10-10T09:50:31.787652Z  WARN swarm_discovery::socket: error sending mDNS: No route to host (os error 65)
2026-10-10T09:50:31.795501Z  WARN swarm_discovery::socket: error sending mDNS: No route to host (os error 65)
2026-10-10T09:50:32.549744Z  WARN swarm_discovery::socket: error sending mDNS: No route to host (os error 65)
2026-10-10T09:50:32.597883Z  WARN swarm_discovery::socket: error sending mDNS: No route to host (os error 65)
2026-10-10T09:50:32.912901Z  INFO turnstone::shell::render: capture state open=false text= suggestions=0 surfaces=3 chrome=false nodes=12
2026-10-10T09:50:33.356737Z  WARN swarm_discovery::socket: error sending mDNS: No route to host (os error 65)
2026-10-10T09:50:33.406138Z  WARN swarm_discovery::socket: error sending mDNS: No route to host (os error 65)
2026-10-10T09:50:34.153281Z  WARN swarm_discovery::socket: error sending mDNS: No route to host (os error 65)
2026-10-10T09:50:34.188648Z  WARN swarm_discovery::socket: error sending mDNS: No route to host (os error 65)
[genet-render-host] surface acquire skipped: Occluded
[cambium-winit] accessibility Installed, 195 nodes projected
[genet-render-host] surface acquire skipped: Occluded
[cambium-host] frame total=59349us hook=157us relayout=519us layout-update=115us tick=2us apply=0us layout-rebuild=0us style-resolve=0us layout-text=0us content-extent=0us mutations=0 layout-rebuilt=false leaf-boxes=373us leaf-render=27us leaf-repaints=1 fragments=36us emit=10443us raster=29056us acquire=92us clear=0us compose=0us capture=0us present=0us a11y=18773us raster-inner=28060us invalidate=2533us rebuild=82us master=2682us vello=21579us dirty-tiles=0 producer=4us staging=0us producer-calls=2 stages=0
[genet-render-host] surface acquire skipped: Occluded
[cambium-host] frame total=58330us hook=138us relayout=481us layout-update=103us tick=0us apply=0us layout-rebuild=0us style-resolve=0us layout-text=0us content-extent=0us mutations=0 layout-rebuilt=false leaf-boxes=354us leaf-render=20us leaf-repaints=1 fragments=27us emit=10721us raster=27691us acquire=93us clear=0us compose=0us capture=0us present=0us a11y=18933us raster-inner=26600us invalidate=2625us rebuild=83us master=1676us vello=21755us dirty-tiles=0 producer=1us staging=0us producer-calls=2 stages=0
[genet-render-host] surface acquire skipped: Occluded
[cambium-host] frame total=60991us hook=135us relayout=473us layout-update=103us tick=0us apply=0us layout-rebuild=0us style-resolve=0us layout-text=0us content-extent=0us mutations=0 layout-rebuilt=false leaf-boxes=345us leaf-render=22us leaf-repaints=1 fragments=26us emit=10484us raster=30610us acquire=95us clear=0us compose=0us capture=0us present=0us a11y=18921us raster-inner=29585us invalidate=2595us rebuild=81us master=2502us vello=23179us dirty-tiles=0 producer=1us staging=0us producer-calls=2 stages=0
2026-10-10T09:50:34.936540Z  WARN swarm_discovery::socket: error sending mDNS: No route to host (os error 65)
[cambium-host] frame total=60712us hook=138us relayout=475us layout-update=101us tick=0us apply=0us layout-rebuild=0us style-resolve=0us layout-text=0us content-extent=0us mutations=0 layout-rebuilt=false leaf-boxes=350us leaf-render=21us leaf-repaints=1 fragments=26us emit=10303us raster=29220us acquire=507us clear=355us compose=613us capture=0us present=105us a11y=18710us raster-inner=28399us invalidate=2622us rebuild=79us master=1625us vello=22817us dirty-tiles=0 producer=1us staging=0us producer-calls=2 stages=0
2026-10-10T09:50:34.985884Z  WARN swarm_discovery::socket: error sending mDNS: No route to host (os error 65)
[cambium-host] frame total=58240us hook=138us relayout=480us layout-update=104us tick=0us apply=0us layout-rebuild=0us style-resolve=0us layout-text=0us content-extent=0us mutations=0 layout-rebuilt=false leaf-boxes=350us leaf-render=22us leaf-repaints=1 fragments=26us emit=10508us raster=26480us acquire=487us clear=351us compose=707us capture=0us present=108us a11y=18693us raster-inner=25518us invalidate=2591us rebuild=109us master=1325us vello=21046us dirty-tiles=0 producer=1us staging=0us producer-calls=2 stages=0
[cambium-host] frame total=60955us hook=140us relayout=474us layout-update=101us tick=0us apply=0us layout-rebuild=0us style-resolve=0us layout-text=0us content-extent=0us mutations=0 layout-rebuilt=false leaf-boxes=348us leaf-render=21us leaf-repaints=1 fragments=27us emit=10548us raster=29703us acquire=124us clear=346us compose=593us capture=0us present=115us a11y=18624us raster-inner=28672us invalidate=2487us rebuild=102us master=2551us vello=22304us dirty-tiles=0 producer=1us staging=0us producer-calls=2 stages=0
[cambium-host] frame total=62347us hook=140us relayout=512us layout-update=118us tick=0us apply=0us layout-rebuild=0us style-resolve=0us layout-text=0us content-extent=0us mutations=0 layout-rebuilt=false leaf-boxes=369us leaf-render=22us leaf-repaints=1 fragments=35us emit=11649us raster=29887us acquire=122us clear=369us compose=622us capture=0us present=109us a11y=18640us raster-inner=28878us invalidate=2487us rebuild=81us master=2108us vello=22945us dirty-tiles=0 producer=2us staging=0us producer-calls=2 stages=0
[cambium-host] frame total=58462us hook=139us relayout=474us layout-update=102us tick=0us apply=0us layout-rebuild=0us style-resolve=0us layout-text=0us content-extent=0us mutations=0 layout-rebuilt=false leaf-boxes=347us leaf-render=22us leaf-repaints=1 fragments=27us emit=10385us raster=26993us acquire=127us clear=365us compose=701us capture=0us present=108us a11y=18885us raster-inner=26010us invalidate=2575us rebuild=83us master=1250us vello=21619us dirty-tiles=0 producer=1us staging=0us producer-calls=2 stages=0
[cambium-host] frame total=57755us hook=138us relayout=471us layout-update=100us tick=0us apply=0us layout-rebuild=0us style-resolve=0us layout-text=0us content-extent=0us mutations=0 layout-rebuilt=false leaf-boxes=346us leaf-render=22us leaf-repaints=1 fragments=26us emit=10370us raster=26547us acquire=119us clear=348us compose=604us capture=0us present=111us a11y=18762us raster-inner=25685us invalidate=2495us rebuild=78us master=1215us vello=21478us dirty-tiles=0 producer=2us staging=0us producer-calls=2 stages=0
[cambium-host] frame total=60242us hook=139us relayout=1113us layout-update=787us tick=0us apply=0us layout-rebuild=0us style-resolve=0us layout-text=0us content-extent=0us mutations=0 layout-rebuilt=false leaf-boxes=301us leaf-render=21us leaf-repaints=1 fragments=27us emit=10635us raster=27725us acquire=126us clear=361us compose=606us capture=0us present=113us a11y=18999us raster-inner=26758us invalidate=2466us rebuild=584us master=1507us vello=21756us dirty-tiles=2 producer=2us staging=0us producer-calls=2 stages=0
2026-10-10T09:50:35.701455Z  WARN swarm_discovery::socket: error sending mDNS: No route to host (os error 65)
2026-10-10T09:50:35.721695Z  WARN swarm_discovery::socket: error sending mDNS: No route to host (os error 65)
[cambium-host] frame total=315945us hook=138us relayout=254412us layout-update=254121us tick=0us apply=0us layout-rebuild=253409us style-resolve=31238us layout-text=220517us content-extent=359us mutations=3 layout-rebuilt=true leaf-boxes=260us leaf-render=26us leaf-repaints=1 fragments=34us emit=9969us raster=30940us acquire=123us clear=380us compose=614us capture=0us present=107us a11y=18794us raster-inner=29770us invalidate=2595us rebuild=3055us master=1394us vello=22292us dirty-tiles=11 producer=3us staging=0us producer-calls=2 stages=0
[cambium-host] frame total=61110us hook=152us relayout=1141us layout-update=805us tick=0us apply=0us layout-rebuild=0us style-resolve=0us layout-text=0us content-extent=0us mutations=0 layout-rebuilt=false leaf-boxes=311us leaf-render=22us leaf-repaints=1 fragments=27us emit=11025us raster=27752us acquire=120us clear=356us compose=708us capture=0us present=108us a11y=19295us raster-inner=26710us invalidate=2557us rebuild=1090us master=1360us vello=21205us dirty-tiles=4 producer=1us staging=0us producer-calls=2 stages=0
[cambium-host] frame total=311312us hook=135us relayout=250720us layout-update=250448us tick=0us apply=0us layout-rebuild=250317us style-resolve=31206us layout-text=217368us content-extent=357us mutations=2 layout-rebuilt=true leaf-boxes=244us leaf-render=24us leaf-repaints=1 fragments=33us emit=10400us raster=28672us acquire=121us clear=347us compose=640us capture=0us present=107us a11y=19698us raster-inner=27551us invalidate=2445us rebuild=1102us master=1271us vello=22321us dirty-tiles=4 producer=2us staging=0us producer-calls=2 stages=0
2026-10-10T09:50:36.450585Z  WARN swarm_discovery::socket: error sending mDNS: No route to host (os error 65)
2026-10-10T09:50:36.466921Z  WARN swarm_discovery::socket: error sending mDNS: No route to host (os error 65)
[cambium-host] frame total=579432us hook=138us relayout=250671us layout-update=250396us tick=0us apply=0us layout-rebuild=250282us style-resolve=31567us layout-text=216309us content-extent=373us mutations=19 layout-rebuilt=true leaf-boxes=244us leaf-render=23us leaf-repaints=1 fragments=54us emit=10869us raster=82305us acquire=126us clear=356us compose=646us capture=0us present=140us a11y=19145us raster-inner=81269us invalidate=2679us rebuild=55940us master=1469us vello=20729us dirty-tiles=247 producer=212679us staging=1925us producer-calls=2 stages=2
2026-10-10T09:50:37.192194Z  WARN swarm_discovery::socket: error sending mDNS: No route to host (os error 65)
2026-10-10T09:50:37.245356Z  WARN swarm_discovery::socket: error sending mDNS: No route to host (os error 65)
[cambium-host] frame total=311951us hook=138us relayout=252604us layout-update=252329us tick=0us apply=0us layout-rebuild=252217us style-resolve=31601us layout-text=218696us content-extent=397us mutations=1 layout-rebuilt=true leaf-boxes=247us leaf-render=24us leaf-repaints=1 fragments=34us emit=9870us raster=28380us acquire=130us clear=370us compose=679us capture=0us present=126us a11y=19365us raster-inner=26961us invalidate=2651us rebuild=645us master=1473us vello=21762us dirty-tiles=2 producer=3us staging=0us producer-calls=2 stages=0
[cambium-host] frame total=116656us hook=141us relayout=1088us layout-update=746us tick=0us apply=0us layout-rebuild=0us style-resolve=0us layout-text=0us content-extent=0us mutations=0 layout-rebuilt=false leaf-boxes=315us leaf-render=24us leaf-repaints=1 fragments=28us emit=10565us raster=83470us acquire=117us clear=375us compose=620us capture=0us present=109us a11y=19876us raster-inner=82477us invalidate=2544us rebuild=57616us master=1502us vello=20326us dirty-tiles=247 producer=3us staging=0us producer-calls=2 stages=0
2026-10-10T09:50:37.975310Z  WARN swarm_discovery::socket: error sending mDNS: No route to host (os error 65)
2026-10-10T09:50:38.009651Z  WARN swarm_discovery::socket: error sending mDNS: No route to host (os error 65)
[cambium-host] frame total=401405us hook=137us relayout=276648us layout-update=276366us tick=0us apply=0us layout-rebuild=276253us style-resolve=37669us layout-text=235840us content-extent=398us mutations=21 layout-rebuilt=true leaf-boxes=251us leaf-render=24us leaf-repaints=1 fragments=31us emit=10516us raster=92801us acquire=125us clear=365us compose=609us capture=0us present=108us a11y=19807us raster-inner=91808us invalidate=2617us rebuild=60186us master=2370us vello=25131us dirty-tiles=247 producer=3us staging=0us producer-calls=2 stages=0
[cambium-host] frame total=106161us hook=137us relayout=1052us layout-update=718us tick=0us apply=0us layout-rebuild=0us style-resolve=0us layout-text=0us content-extent=0us mutations=0 layout-rebuilt=false leaf-boxes=308us leaf-render=23us leaf-repaints=1 fragments=26us emit=10513us raster=73426us acquire=118us clear=342us compose=600us capture=0us present=110us a11y=19574us raster-inner=72135us invalidate=2626us rebuild=44178us master=1230us vello=23651us dirty-tiles=190 producer=1us staging=0us producer-calls=2 stages=0
[cambium-host] frame total=63419us hook=140us relayout=1095us layout-update=756us tick=0us apply=0us layout-rebuild=0us style-resolve=0us layout-text=0us content-extent=0us mutations=0 layout-rebuilt=false leaf-boxes=312us leaf-render=22us leaf-repaints=1 fragments=27us emit=11364us raster=30026us acquire=126us clear=368us compose=640us capture=0us present=107us a11y=19150us raster-inner=28678us invalidate=2727us rebuild=332us master=1305us vello=23800us dirty-tiles=1 producer=2us staging=0us producer-calls=2 stages=0
2026-10-10T09:50:38.767682Z  WARN swarm_discovery::socket: error sending mDNS: No route to host (os error 65)
2026-10-10T09:50:38.811192Z  WARN swarm_discovery::socket: error sending mDNS: No route to host (os error 65)
[cambium-host] frame total=359573us hook=137us relayout=288389us layout-update=288083us tick=0us apply=0us layout-rebuild=287260us style-resolve=32302us layout-text=251689us content-extent=405us mutations=2 layout-rebuilt=true leaf-boxes=275us leaf-render=25us leaf-repaints=1 fragments=34us emit=10232us raster=38935us acquire=119us clear=341us compose=590us capture=0us present=108us a11y=20070us raster-inner=38044us invalidate=2711us rebuild=4767us master=1443us vello=28602us dirty-tiles=19 producer=3us staging=0us producer-calls=2 stages=0
[cambium-host] frame total=114161us hook=138us relayout=1256us layout-update=920us tick=0us apply=0us layout-rebuild=0us style-resolve=0us layout-text=0us content-extent=0us mutations=0 layout-rebuilt=false leaf-boxes=310us leaf-render=22us leaf-repaints=1 fragments=26us emit=11008us raster=80447us acquire=121us clear=357us compose=612us capture=0us present=113us a11y=19499us raster-inner=79090us invalidate=2632us rebuild=42308us master=1544us vello=32116us dirty-tiles=177 producer=3us staging=0us producer-calls=2 stages=0
2026-10-10T09:50:39.539017Z  WARN swarm_discovery::socket: error sending mDNS: No route to host (os error 65)
2026-10-10T09:50:39.546356Z  WARN swarm_discovery::socket: error sending mDNS: No route to host (os error 65)
[cambium-host] frame total=592157us hook=102us relayout=311244us layout-update=310930us tick=0us apply=0us layout-rebuild=310790us style-resolve=37591us layout-text=270456us content-extent=436us mutations=348 layout-rebuilt=true leaf-boxes=277us leaf-render=27us leaf-repaints=1 fragments=36us emit=12301us raster=99788us acquire=122us clear=344us compose=623us capture=0us present=114us a11y=20242us raster-inner=98688us invalidate=2937us rebuild=61363us master=1410us vello=32177us dirty-tiles=247 producer=144018us staging=1278us producer-calls=2 stages=2
[cambium-host] frame total=72234us hook=103us relayout=496us layout-update=102us tick=0us apply=0us layout-rebuild=0us style-resolve=0us layout-text=0us content-extent=0us mutations=0 layout-rebuilt=false leaf-boxes=367us leaf-render=23us leaf-repaints=1 fragments=27us emit=11084us raster=38635us acquire=126us clear=371us compose=666us capture=0us present=117us a11y=20306us raster-inner=37648us invalidate=2742us rebuild=77us master=1314us vello=33010us dirty-tiles=0 producer=1us staging=0us producer-calls=2 stages=0
[cambium-host] frame total=72214us hook=99us relayout=486us layout-update=101us tick=0us apply=0us layout-rebuild=0us style-resolve=0us layout-text=0us content-extent=0us mutations=0 layout-rebuilt=false leaf-boxes=360us leaf-render=22us leaf-repaints=1 fragments=26us emit=10871us raster=39624us acquire=119us clear=357us compose=599us capture=0us present=114us a11y=19653us raster-inner=38415us invalidate=2814us rebuild=77us master=1356us vello=32764us dirty-tiles=0 producer=1us staging=0us producer-calls=2 stages=0
[cambium-host] frame total=69730us hook=100us relayout=486us layout-update=100us tick=0us apply=0us layout-rebuild=0us style-resolve=0us layout-text=0us content-extent=0us mutations=0 layout-rebuilt=false leaf-boxes=359us leaf-render=22us leaf-repaints=1 fragments=25us emit=10961us raster=36385us acquire=128us clear=372us compose=660us capture=0us present=112us a11y=20233us raster-inner=35553us invalidate=2623us rebuild=76us master=1493us vello=30579us dirty-tiles=0 producer=2us staging=0us producer-calls=2 stages=0
[cambium-host] frame total=74191us hook=115us relayout=495us layout-update=105us tick=0us apply=0us layout-rebuild=0us style-resolve=0us layout-text=0us content-extent=0us mutations=0 layout-rebuilt=false leaf-boxes=364us leaf-render=22us leaf-repaints=1 fragments=27us emit=11936us raster=40212us acquire=128us clear=368us compose=615us capture=0us present=110us a11y=19902us raster-inner=38844us invalidate=2709us rebuild=87us master=1480us vello=34023us dirty-tiles=0 producer=2us staging=0us producer-calls=2 stages=0
[cambium-host] frame total=70163us hook=100us relayout=483us layout-update=100us tick=0us apply=0us layout-rebuild=0us style-resolve=0us layout-text=0us content-extent=0us mutations=0 layout-rebuilt=false leaf-boxes=357us leaf-render=22us leaf-repaints=1 fragments=27us emit=11502us raster=36674us acquire=121us clear=356us compose=631us capture=0us present=112us a11y=19888us raster-inner=35370us invalidate=2770us rebuild=83us master=1531us vello=30491us dirty-tiles=0 producer=2us staging=0us producer-calls=2 stages=0
2026-10-10T09:50:40.277987Z  WARN swarm_discovery::socket: error sending mDNS: No route to host (os error 65)
2026-10-10T09:50:40.327866Z  WARN swarm_discovery::socket: error sending mDNS: No route to host (os error 65)
[cambium-host] frame total=69121us hook=100us relayout=483us layout-update=100us tick=0us apply=0us layout-rebuild=0us style-resolve=0us layout-text=0us content-extent=0us mutations=0 layout-rebuilt=false leaf-boxes=358us leaf-render=22us leaf-repaints=1 fragments=26us emit=10602us raster=36537us acquire=120us clear=351us compose=608us capture=0us present=109us a11y=19919us raster-inner=35288us invalidate=2779us rebuild=80us master=1246us vello=30639us dirty-tiles=0 producer=3us staging=0us producer-calls=2 stages=0
[cambium-host] frame total=69612us hook=102us relayout=493us layout-update=102us tick=0us apply=0us layout-rebuild=0us style-resolve=0us layout-text=0us content-extent=0us mutations=0 layout-rebuilt=false leaf-boxes=365us leaf-render=23us leaf-repaints=1 fragments=28us emit=10781us raster=37021us acquire=123us clear=381us compose=615us capture=0us present=115us a11y=19682us raster-inner=35765us invalidate=2765us rebuild=80us master=1479us vello=30895us dirty-tiles=0 producer=3us staging=0us producer-calls=2 stages=0
[cambium-host] frame total=69014us hook=100us relayout=494us layout-update=102us tick=0us apply=0us layout-rebuild=0us style-resolve=0us layout-text=0us content-extent=0us mutations=0 layout-rebuilt=false leaf-boxes=365us leaf-render=23us leaf-repaints=1 fragments=27us emit=10576us raster=36536us acquire=116us clear=354us compose=602us capture=0us present=109us a11y=19832us raster-inner=35146us invalidate=2803us rebuild=83us master=1366us vello=30387us dirty-tiles=0 producer=2us staging=0us producer-calls=2 stages=0
[cambium-host] frame total=69307us hook=101us relayout=483us layout-update=99us tick=0us apply=0us layout-rebuild=0us style-resolve=0us layout-text=0us content-extent=0us mutations=0 layout-rebuilt=false leaf-boxes=358us leaf-render=22us leaf-repaints=1 fragments=25us emit=11274us raster=36243us acquire=122us clear=393us compose=635us capture=0us present=105us a11y=19662us raster-inner=35021us invalidate=2754us rebuild=77us master=1408us vello=30234us dirty-tiles=0 producer=2us staging=0us producer-calls=2 stages=0
[cambium-host] frame total=69700us hook=100us relayout=490us layout-update=101us tick=0us apply=0us layout-rebuild=0us style-resolve=0us layout-text=0us content-extent=0us mutations=0 layout-rebuilt=false leaf-boxes=363us leaf-render=23us leaf-repaints=1 fragments=26us emit=10874us raster=36877us acquire=118us clear=365us compose=601us capture=0us present=108us a11y=19875us raster-inner=35496us invalidate=2791us rebuild=84us master=1436us vello=30659us dirty-tiles=0 producer=1us staging=0us producer-calls=2 stages=0
2026-10-10T09:50:41.053748Z  WARN swarm_discovery::socket: error sending mDNS: No route to host (os error 65)
2026-10-10T09:50:41.085380Z  WARN swarm_discovery::socket: error sending mDNS: No route to host (os error 65)
[cambium-host] frame total=304053us hook=101us relayout=488us layout-update=99us tick=0us apply=0us layout-rebuild=0us style-resolve=0us layout-text=0us content-extent=0us mutations=0 layout-rebuilt=false leaf-boxes=363us leaf-render=22us leaf-repaints=1 fragments=26us emit=10551us raster=36479us acquire=125us clear=390us compose=614us capture=234211us present=108us a11y=20688us raster-inner=35347us invalidate=2673us rebuild=77us master=1407us vello=30593us dirty-tiles=0 producer=1us staging=0us producer-calls=2 stages=0
[turnstone-stage-probe] mapped:{"box_shadow_masks":0,"copies":[{"arm_to_map_ms":514,"byte_count":4361088,"height":656,"label":"staged-css","raw_path":"/Users/markik/Code/tabard-app-receipts/2026-10-10/turnstone/native-09/stage-diagnostic/staged-css.rgba","width":1662},{"arm_to_map_ms":512,"byte_count":15104000,"height":1600,"label":"fresh-full","raw_path":"/Users/markik/Code/tabard-app-receipts/2026-10-10/turnstone/native-09/stage-diagnostic/fresh-full.rgba","width":2360}],"copy_order":"original child copy first; fresh sampler then fresh full packet; arm both probe copies after both rasters; collect both before raw writes","css_image_key":"0xc000000074616263","full_fonts":4,"full_ops":434,"full_raster_key":"0x7461620073740002","full_viewport":[1180,800],"live_texture_registrations":{"after_replay":2,"after_sampler":2,"before":2},"original_capture_armed_first":true,"original_child":{"capture_kind":"legacy","height":1600,"layout_scale":"assumed2; requirewide2360","mode":"dark","width":2360},"sampler_logical_size":[831,328],"sampler_raster_key":"0x7461620073740001","source_registry_operations":"none"}
2026-10-10T09:50:41.798297Z  WARN swarm_discovery::socket: error sending mDNS: No route to host (os error 65)
2026-10-10T09:50:41.830463Z  WARN swarm_discovery::socket: error sending mDNS: No route to host (os error 65)
[cambium-host] frame total=579781us hook=102us relayout=384781us layout-update=384431us tick=0us apply=0us layout-rebuild=384326us style-resolve=32435us layout-text=274203us content-extent=379us mutations=0 layout-rebuilt=true leaf-boxes=316us leaf-render=29us leaf-repaints=1 fragments=35us emit=10757us raster=50868us acquire=483us clear=376us compose=717us capture=0us present=112us a11y=19430us raster-inner=50002us invalidate=1923us rebuild=30213us master=818us vello=16889us dirty-tiles=130 producer=108493us staging=1506us producer-calls=2 stages=2
[cambium-host] frame total=51927us hook=101us relayout=489us layout-update=102us tick=0us apply=0us layout-rebuild=0us style-resolve=0us layout-text=0us content-extent=0us mutations=0 layout-rebuilt=false leaf-boxes=361us leaf-render=22us leaf-repaints=1 fragments=29us emit=11010us raster=18195us acquire=533us clear=360us compose=632us capture=0us present=106us a11y=20203us raster-inner=17388us invalidate=1864us rebuild=45us master=727us vello=14525us dirty-tiles=0 producer=1us staging=0us producer-calls=2 stages=0
[cambium-host] frame total=49764us hook=99us relayout=482us layout-update=98us tick=0us apply=0us layout-rebuild=0us style-resolve=0us layout-text=0us content-extent=0us mutations=0 layout-rebuilt=false leaf-boxes=358us leaf-render=22us leaf-repaints=1 fragments=28us emit=10606us raster=17906us acquire=122us clear=370us compose=607us capture=0us present=110us a11y=19166us raster-inner=16710us invalidate=1807us rebuild=44us master=717us vello=13922us dirty-tiles=0 producer=1us staging=0us producer-calls=2 stages=0
[cambium-host] frame total=50931us hook=103us relayout=490us layout-update=102us tick=0us apply=0us layout-rebuild=0us style-resolve=0us layout-text=0us content-extent=0us mutations=0 layout-rebuilt=false leaf-boxes=360us leaf-render=24us leaf-repaints=1 fragments=35us emit=11467us raster=18243us acquire=125us clear=373us compose=612us capture=0us present=117us a11y=19078us raster-inner=17200us invalidate=1728us rebuild=44us master=704us vello=14508us dirty-tiles=0 producer=1us staging=0us producer-calls=2 stages=0
[cambium-host] frame total=50828us hook=100us relayout=484us layout-update=100us tick=0us apply=0us layout-rebuild=0us style-resolve=0us layout-text=0us content-extent=0us mutations=0 layout-rebuilt=false leaf-boxes=359us leaf-render=22us leaf-repaints=1 fragments=27us emit=11624us raster=18142us acquire=116us clear=350us compose=697us capture=0us present=114us a11y=18907us raster-inner=16770us invalidate=1820us rebuild=44us master=750us vello=13945us dirty-tiles=0 producer=1us staging=0us producer-calls=2 stages=0
2026-10-10T09:50:42.569995Z  WARN swarm_discovery::socket: error sending mDNS: No route to host (os error 65)
2026-10-10T09:50:42.577547Z  WARN swarm_discovery::socket: error sending mDNS: No route to host (os error 65)
[cambium-host] frame total=50520us hook=100us relayout=482us layout-update=99us tick=0us apply=0us layout-rebuild=0us style-resolve=0us layout-text=0us content-extent=0us mutations=0 layout-rebuilt=false leaf-boxes=359us leaf-render=21us leaf-repaints=1 fragments=27us emit=10781us raster=18567us acquire=120us clear=359us compose=627us capture=0us present=118us a11y=19074us raster-inner=17145us invalidate=1738us rebuild=42us master=1112us vello=14040us dirty-tiles=0 producer=2us staging=0us producer-calls=2 stages=0
[cambium-host] frame total=89555us hook=100us relayout=1469us layout-update=1149us tick=0us apply=0us layout-rebuild=0us style-resolve=0us layout-text=0us content-extent=0us mutations=0 layout-rebuilt=false leaf-boxes=294us leaf-render=23us leaf-repaints=1 fragments=31us emit=11511us raster=55919us acquire=121us clear=352us compose=603us capture=0us present=108us a11y=19078us raster-inner=55212us invalidate=1845us rebuild=34800us master=781us vello=17515us dirty-tiles=130 producer=1us staging=0us producer-calls=2 stages=0
[cambium-host] frame total=53145us hook=135us relayout=512us layout-update=120us tick=0us apply=0us layout-rebuild=0us style-resolve=0us layout-text=0us content-extent=0us mutations=0 layout-rebuilt=false leaf-boxes=365us leaf-render=24us leaf-repaints=1 fragments=36us emit=11623us raster=19186us acquire=117us clear=348us compose=601us capture=0us present=107us a11y=20206us raster-inner=18060us invalidate=1684us rebuild=42us master=840us vello=15297us dirty-tiles=0 producer=2us staging=0us producer-calls=2 stages=0
[cambium-host] frame total=51748us hook=97us relayout=481us layout-update=99us tick=0us apply=0us layout-rebuild=0us style-resolve=0us layout-text=0us content-extent=0us mutations=0 layout-rebuilt=false leaf-boxes=356us leaf-render=22us leaf-repaints=1 fragments=25us emit=10974us raster=19634us acquire=124us clear=362us compose=653us capture=0us present=111us a11y=19025us raster-inner=18351us invalidate=1766us rebuild=44us master=792us vello=15456us dirty-tiles=0 producer=2us staging=0us producer-calls=2 stages=0
[cambium-host] frame total=52680us hook=113us relayout=499us layout-update=103us tick=0us apply=0us layout-rebuild=0us style-resolve=0us layout-text=0us content-extent=0us mutations=0 layout-rebuilt=false leaf-boxes=368us leaf-render=24us leaf-repaints=1 fragments=43us emit=11680us raster=19855us acquire=124us clear=360us compose=599us capture=0us present=114us a11y=19012us raster-inner=18650us invalidate=1760us rebuild=44us master=888us vello=15779us dirty-tiles=0 producer=1us staging=0us producer-calls=2 stages=0
[cambium-host] frame total=51187us hook=100us relayout=487us layout-update=99us tick=0us apply=0us layout-rebuild=0us style-resolve=0us layout-text=0us content-extent=0us mutations=0 layout-rebuilt=false leaf-boxes=361us leaf-render=23us leaf-repaints=1 fragments=26us emit=10664us raster=19263us acquire=123us clear=364us compose=609us capture=0us present=112us a11y=19171us raster-inner=18041us invalidate=1751us rebuild=41us master=717us vello=15296us dirty-tiles=0 producer=2us staging=0us producer-calls=2 stages=0
[cambium-host] frame total=50946us hook=99us relayout=489us layout-update=99us tick=0us apply=0us layout-rebuild=0us style-resolve=0us layout-text=0us content-extent=0us mutations=0 layout-rebuilt=false leaf-boxes=365us leaf-render=22us leaf-repaints=1 fragments=27us emit=10751us raster=18748us acquire=119us clear=355us compose=615us capture=0us present=110us a11y=19362us raster-inner=17975us invalidate=1672us rebuild=41us master=906us vello=15170us dirty-tiles=0 producer=1us staging=0us producer-calls=2 stages=0
2026-10-10T09:50:43.340325Z  WARN swarm_discovery::socket: error sending mDNS: No route to host (os error 65)
2026-10-10T09:50:43.387565Z  WARN swarm_discovery::socket: error sending mDNS: No route to host (os error 65)
[cambium-host] frame total=183787us hook=113us relayout=496us layout-update=104us tick=0us apply=0us layout-rebuild=0us style-resolve=0us layout-text=0us content-extent=0us mutations=0 layout-rebuilt=false leaf-boxes=366us leaf-render=22us leaf-repaints=1 fragments=28us emit=11568us raster=20820us acquire=135us clear=401us compose=685us capture=129824us present=109us a11y=19319us raster-inner=19342us invalidate=1804us rebuild=57us master=960us vello=16317us dirty-tiles=0 producer=1us staging=0us producer-calls=2 stages=0
[cambium-host] frame total=294412us hook=98us relayout=212952us layout-update=212648us tick=0us apply=0us layout-rebuild=212538us style-resolve=32615us layout-text=175907us content-extent=401us mutations=6 layout-rebuilt=true leaf-boxes=273us leaf-render=26us leaf-repaints=1 fragments=35us emit=10839us raster=49460us acquire=136us clear=368us compose=634us capture=0us present=114us a11y=19499us raster-inner=48044us invalidate=1822us rebuild=32796us master=840us vello=12351us dirty-tiles=130 producer=3us staging=0us producer-calls=2 stages=0
2026-10-10T09:50:44.113074Z  WARN swarm_discovery::socket: error sending mDNS: No route to host (os error 65)
2026-10-10T09:50:44.118383Z  WARN swarm_discovery::socket: error sending mDNS: No route to host (os error 65)
[cambium-host] frame total=48146us hook=100us relayout=492us layout-update=108us tick=0us apply=0us layout-rebuild=0us style-resolve=0us layout-text=0us content-extent=0us mutations=0 layout-rebuilt=false leaf-boxes=358us leaf-render=23us leaf-repaints=1 fragments=27us emit=10838us raster=15962us acquire=122us clear=358us compose=629us capture=0us present=108us a11y=19238us raster-inner=14885us invalidate=1788us rebuild=43us master=700us vello=12108us dirty-tiles=0 producer=2us staging=0us producer-calls=2 stages=0
[cambium-host] frame total=49540us hook=100us relayout=495us layout-update=110us tick=0us apply=0us layout-rebuild=0us style-resolve=0us layout-text=0us content-extent=0us mutations=0 layout-rebuilt=false leaf-boxes=360us leaf-render=21us leaf-repaints=1 fragments=27us emit=11399us raster=16226us acquire=123us clear=362us compose=609us capture=0us present=108us a11y=19822us raster-inner=14806us invalidate=1812us rebuild=40us master=828us vello=11913us dirty-tiles=0 producer=1us staging=0us producer-calls=2 stages=0
[cambium-host] frame total=47641us hook=101us relayout=496us layout-update=111us tick=0us apply=0us layout-rebuild=0us style-resolve=0us layout-text=0us content-extent=0us mutations=0 layout-rebuilt=false leaf-boxes=356us leaf-render=25us leaf-repaints=1 fragments=26us emit=10616us raster=15614us acquire=116us clear=360us compose=599us capture=0us present=111us a11y=19328us raster-inner=14668us invalidate=1681us rebuild=41us master=840us vello=11871us dirty-tiles=0 producer=1us staging=0us producer-calls=2 stages=0
[cambium-host] frame total=47444us hook=100us relayout=488us layout-update=108us tick=0us apply=0us layout-rebuild=0us style-resolve=0us layout-text=0us content-extent=0us mutations=0 layout-rebuilt=false leaf-boxes=355us leaf-render=22us leaf-repaints=1 fragments=26us emit=10638us raster=15557us acquire=120us clear=357us compose=597us capture=0us present=103us a11y=19185us raster-inner=14468us invalidate=1849us rebuild=44us master=700us vello=11643us dirty-tiles=0 producer=1us staging=0us producer-calls=2 stages=0
[cambium-host] frame total=47653us hook=101us relayout=488us layout-update=108us tick=0us apply=0us layout-rebuild=0us style-resolve=0us layout-text=0us content-extent=0us mutations=0 layout-rebuilt=false leaf-boxes=355us leaf-render=21us leaf-repaints=1 fragments=26us emit=10815us raster=15453us acquire=122us clear=362us compose=603us capture=0us present=110us a11y=19303us raster-inner=14464us invalidate=1815us rebuild=41us master=831us vello=11547us dirty-tiles=0 producer=1us staging=0us producer-calls=2 stages=0
[cambium-host] frame total=47789us hook=101us relayout=495us layout-update=110us tick=0us apply=0us layout-rebuild=0us style-resolve=0us layout-text=0us content-extent=0us mutations=0 layout-rebuilt=false leaf-boxes=358us leaf-render=23us leaf-repaints=1 fragments=27us emit=10832us raster=15638us acquire=127us clear=384us compose=644us capture=0us present=110us a11y=19159us raster-inner=14363us invalidate=1716us rebuild=42us master=685us vello=11681us dirty-tiles=0 producer=1us staging=0us producer-calls=2 stages=0
[cambium-host] frame total=49220us hook=101us relayout=495us layout-update=109us tick=0us apply=0us layout-rebuild=0us style-resolve=0us layout-text=0us content-extent=0us mutations=0 layout-rebuilt=false leaf-boxes=359us leaf-render=23us leaf-repaints=1 fragments=27us emit=10560us raster=16415us acquire=116us clear=346us compose=721us capture=0us present=108us a11y=20064us raster-inner=15113us invalidate=1706us rebuild=42us master=1065us vello=12043us dirty-tiles=0 producer=1us staging=0us producer-calls=2 stages=0
turnstone-theme: captured workshop_authored
turnstone-theme: captured workshop_narrow
turnstone-theme: RESULT ok (51 frames, 2 captures)
2026-10-10T09:50:44.883066Z  WARN swarm_discovery::socket: error sending mDNS: No route to host (os error 65)
2026-10-10T09:50:44.888078Z  WARN swarm_discovery::socket: error sending mDNS: No route to host (os error 65)
2026-10-10T09:50:45.076595Z  INFO turnstone::shell::render: capture state open=false text= suggestions=0 surfaces=3 chrome=false nodes=12
2026-10-10T09:50:45.650770Z  WARN swarm_discovery::socket: error sending mDNS: No route to host (os error 65)
2026-10-10T09:50:45.683134Z  WARN swarm_discovery::socket: error sending mDNS: No route to host (os error 65)
2026-10-10T09:50:46.431637Z  WARN swarm_discovery::socket: error sending mDNS: No route to host (os error 65)
2026-10-10T09:50:46.450985Z  WARN swarm_discovery::socket: error sending mDNS: No route to host (os error 65)
2026-10-10T09:50:46.704293Z  INFO turnstone::shell::render: capture state open=false text= suggestions=0 surfaces=3 chrome=false nodes=12
2026-10-10T09:50:47.179141Z  WARN swarm_discovery::socket: error sending mDNS: No route to host (os error 65)
2026-10-10T09:50:47.185554Z  WARN swarm_discovery::socket: error sending mDNS: No route to host (os error 65)
2026-10-10T09:50:47.814777Z  INFO turnstone::shell::render: capture state open=false text= suggestions=0 surfaces=3 chrome=false nodes=12
2026-10-10T09:50:47.904902Z  WARN swarm_discovery::socket: error sending mDNS: No route to host (os error 65)
2026-10-10T09:50:47.932219Z  WARN swarm_discovery::socket: error sending mDNS: No route to host (os error 65)
2026-10-10T09:50:48.642416Z  WARN swarm_discovery::socket: error sending mDNS: No route to host (os error 65)
2026-10-10T09:50:48.645652Z  WARN swarm_discovery::socket: error sending mDNS: No route to host (os error 65)
2026-10-10T09:50:48.781990Z  INFO turnstone::shell::render: capture state open=false text= suggestions=0 surfaces=3 chrome=false nodes=12
2026-10-10T09:50:49.376474Z  WARN swarm_discovery::socket: error sending mDNS: No route to host (os error 65)
2026-10-10T09:50:49.394976Z  WARN swarm_discovery::socket: error sending mDNS: No route to host (os error 65)
2026-10-10T09:50:49.748783Z  INFO turnstone::shell::render: capture state open=false text= suggestions=0 surfaces=3 chrome=false nodes=12
2026-10-10T09:50:50.167036Z  WARN swarm_discovery::socket: error sending mDNS: No route to host (os error 65)
2026-10-10T09:50:50.179581Z  WARN swarm_discovery::socket: error sending mDNS: No route to host (os error 65)
2026-10-10T09:50:50.897427Z  WARN swarm_discovery::socket: error sending mDNS: No route to host (os error 65)
2026-10-10T09:50:50.944425Z  WARN swarm_discovery::socket: error sending mDNS: No route to host (os error 65)
2026-10-10T09:50:51.091979Z  INFO turnstone::shell::render: capture state open=false text= suggestions=0 surfaces=3 chrome=false nodes=12
2026-10-10T09:50:51.694360Z  WARN swarm_discovery::socket: error sending mDNS: No route to host (os error 65)
2026-10-10T09:50:51.744857Z  WARN swarm_discovery::socket: error sending mDNS: No route to host (os error 65)
2026-10-10T09:50:51.756528Z  INFO actor{actor="actor"}: armillary: actor finished actor="actor" lifetime_ms=21388
2026-10-10T09:50:51.758678Z  INFO actor{actor="actor"}: armillary: actor finished actor="actor" lifetime_ms=23848
2026-10-10T09:50:51.846793Z  INFO actor{actor="trail-memory"}: armillary: actor finished actor="trail-memory" lifetime_ms=23935
2026-10-10T09:50:51.846831Z  INFO actor{actor="download-custody"}: armillary: actor finished actor="download-custody" lifetime_ms=23935
2026-10-10T09:50:51.846821Z  INFO actor{actor="turnstone-place"}: armillary: actor finished actor="turnstone-place" lifetime_ms=23935
2026-10-10T09:50:51.848134Z  INFO actor{actor="actor"}: armillary: actor finished actor="actor" lifetime_ms=24115
2026-10-10T09:50:51.848162Z  INFO actor{actor="actor"}: armillary: actor finished actor="actor" lifetime_ms=24115
