warning: patch `burn-remote v0.22.0 (https://github.com/merely-made/mere.git?rev=edf175f9c0a8645318ac8925adf0af6956f61425#edf175f9)` was not used in the crate graph
warning: patch `cubecl-runtime v0.11.0 (https://github.com/merely-made/mere.git?rev=edf175f9c0a8645318ac8925adf0af6956f61425#edf175f9)` was not used in the crate graph
warning: patch `p2panda-stream v0.7.1 (https://github.com/mark-ik/p2panda.git?tag=mere-p2panda-net-0.7.4#0a54ab82)` was not used in the crate graph
help: Check that the patched package version and available features are compatible
      with the dependency requirements. If the patch has a different version from
      what is locked in the Cargo.lock file, run `cargo update` to use the new
      version. This may also occur with an optional dependency that is not enabled.
    Blocking waiting for file lock on package cache
    Blocking waiting for file lock on package cache
fontsan v0.7.0
├── fontsan feature "libz-sys"
│   ├── genet-livery v0.0.4 (https://github.com/merely-made/genet.git?rev=679d8314aab4ec9f57a903c79dde244c3c565c1e#679d8314)
│   │   └── genet-livery feature "default"
│   │       ├── genet-documents v0.1.0 (https://github.com/merely-made/genet.git?rev=679d8314aab4ec9f57a903c79dde244c3c565c1e#679d8314)
│   │       │   ├── genet-documents feature "default"
│   │       │   │   └── turnstone v0.1.0 (C:\Users\mark_\Code\repos\turnstone)
│   │       │   │       ├── turnstone feature "default" (command-line)
│   │       │   │       ├── turnstone feature "scry" (command-line)
│   │       │   │       ├── turnstone feature "servo" (command-line)
│   │       │   │       └── turnstone feature "weld" (command-line)
│   │       │   └── genet-documents feature "livery"
│   │       │       └── turnstone v0.1.0 (C:\Users\mark_\Code\repos\turnstone) (*)
│   │       ├── genet-render v0.2.0 (https://github.com/merely-made/genet.git?rev=679d8314aab4ec9f57a903c79dde244c3c565c1e#679d8314)
│   │       │   ├── genet-render feature "accesskit"
│   │       │   │   └── genet-render feature "default"
│   │       │   │       └── turnstone v0.1.0 (C:\Users\mark_\Code\repos\turnstone) (*)
│   │       │   ├── genet-render feature "default" (*)
│   │       │   └── genet-render feature "livery"
│   │       │       └── genet-documents v0.1.0 (https://github.com/merely-made/genet.git?rev=679d8314aab4ec9f57a903c79dde244c3c565c1e#679d8314) (*)
│   │       │       └── genet-render feature "default" (*)
│   │       ├── pictograph v0.2.0 (https://github.com/merely-made/mere.git?rev=edf175f9c0a8645318ac8925adf0af6956f61425#edf175f9)
│   │       │   ├── pictograph feature "canvas"
│   │       │   │   └── mere feature "canvas"
│   │       │   │       └── mere feature "default"
│   │       │   │           └── turnstone v0.1.0 (C:\Users\mark_\Code\repos\turnstone) (*)
│   │       │   ├── pictograph feature "default"
│   │       │   │   └── mere v0.0.2 (https://github.com/merely-made/mere.git?rev=edf175f9c0a8645318ac8925adf0af6956f61425#edf175f9)
│   │       │   │       ├── mere feature "canvas" (*)
│   │       │   │       ├── mere feature "default" (*)
│   │       │   │       ├── mere feature "graph"
│   │       │   │       │   ├── mere feature "canvas" (*)
│   │       │   │       │   ├── mere feature "default" (*)
│   │       │   │       │   ├── mere feature "linked-data"
│   │       │   │       │   │   └── mere feature "default" (*)
│   │       │   │       │   └── mere feature "workbench"
│   │       │   │       │       └── mere feature "default" (*)
│   │       │   │       ├── mere feature "linked-data" (*)
│   │       │   │       ├── mere feature "pictograph"
│   │       │   │       │   └── mere feature "canvas" (*)
│   │       │   │       └── mere feature "workbench" (*)
│   │       │   └── pictograph feature "signals"
│   │       │       └── pictograph feature "canvas" (*)
│   │       ├── taproot v0.1.0 (https://github.com/merely-made/genet.git?rev=679d8314aab4ec9f57a903c79dde244c3c565c1e#679d8314)
│   │       │   └── taproot feature "default"
│   │       │       └── turnstone v0.1.0 (C:\Users\mark_\Code\repos\turnstone) (*)
│   │       └── turnstone v0.1.0 (C:\Users\mark_\Code\repos\turnstone) (*)
│   └── servo-fonts v0.5.0 (https://github.com/servo/servo?rev=1d44e5dd6a8b64c02f9dbf7fcbdf4ebdd0740019#1d44e5dd)
│       ├── servo-fonts feature "bundled_freetype"
│       │   └── servo feature "bundled_freetype"
│       │       └── servo feature "default"
│       │           ├── servo-wgpu-interop-adapter v0.1.0 (https://github.com/merely-made/wgpu-graft.git?rev=01f3c9f3d68df3247e6b7ec7f65ffbca57e9b2d4#01f3c9f3)
│       │           │   ├── servo-wgpu-interop-adapter feature "servo"
│       │           │   │   └── turnstone v0.1.0 (C:\Users\mark_\Code\repos\turnstone) (*)
│       │           │   └── servo-wgpu-interop-adapter feature "wgpu-30"
│       │           │       └── turnstone v0.1.0 (C:\Users\mark_\Code\repos\turnstone) (*)
│       │           └── turnstone v0.1.0 (C:\Users\mark_\Code\repos\turnstone) (*)
│       └── servo-fonts feature "default"
│           ├── servo v0.5.0 (https://github.com/servo/servo?rev=1d44e5dd6a8b64c02f9dbf7fcbdf4ebdd0740019#1d44e5dd)
│           │   ├── servo feature "baked-in-resources"
│           │   │   └── servo feature "default" (*)
│           │   ├── servo feature "bundled_freetype" (*)
│           │   ├── servo feature "clipboard"
│           │   │   └── servo feature "default" (*)
│           │   ├── servo feature "default" (*)
│           │   ├── servo feature "js_jit"
│           │   │   └── servo feature "default" (*)
│           │   └── servo feature "no-wgl"
│           │       └── turnstone v0.1.0 (C:\Users\mark_\Code\repos\turnstone) (*)
│           ├── servo-canvas v0.5.0 (https://github.com/servo/servo?rev=1d44e5dd6a8b64c02f9dbf7fcbdf4ebdd0740019#1d44e5dd)
│           │   └── servo-canvas feature "default"
│           │       └── servo-constellation v0.5.0 (https://github.com/servo/servo?rev=1d44e5dd6a8b64c02f9dbf7fcbdf4ebdd0740019#1d44e5dd)
│           │           └── servo-constellation feature "default"
│           │               └── servo v0.5.0 (https://github.com/servo/servo?rev=1d44e5dd6a8b64c02f9dbf7fcbdf4ebdd0740019#1d44e5dd) (*)
│           ├── servo-constellation v0.5.0 (https://github.com/servo/servo?rev=1d44e5dd6a8b64c02f9dbf7fcbdf4ebdd0740019#1d44e5dd) (*)
│           ├── servo-layout v0.5.0 (https://github.com/servo/servo?rev=1d44e5dd6a8b64c02f9dbf7fcbdf4ebdd0740019#1d44e5dd)
│           │   └── servo-layout feature "default"
│           │       └── servo v0.5.0 (https://github.com/servo/servo?rev=1d44e5dd6a8b64c02f9dbf7fcbdf4ebdd0740019#1d44e5dd) (*)
│           ├── servo-layout-api v0.5.0 (https://github.com/servo/servo?rev=1d44e5dd6a8b64c02f9dbf7fcbdf4ebdd0740019#1d44e5dd)
│           │   └── servo-layout-api feature "default"
│           │       ├── servo v0.5.0 (https://github.com/servo/servo?rev=1d44e5dd6a8b64c02f9dbf7fcbdf4ebdd0740019#1d44e5dd) (*)
│           │       ├── servo-constellation v0.5.0 (https://github.com/servo/servo?rev=1d44e5dd6a8b64c02f9dbf7fcbdf4ebdd0740019#1d44e5dd) (*)
│           │       ├── servo-layout v0.5.0 (https://github.com/servo/servo?rev=1d44e5dd6a8b64c02f9dbf7fcbdf4ebdd0740019#1d44e5dd) (*)
│           │       └── servo-script v0.5.0 (https://github.com/servo/servo?rev=1d44e5dd6a8b64c02f9dbf7fcbdf4ebdd0740019#1d44e5dd)
│           │           ├── servo-script feature "default"
│           │           │   ├── servo v0.5.0 (https://github.com/servo/servo?rev=1d44e5dd6a8b64c02f9dbf7fcbdf4ebdd0740019#1d44e5dd) (*)
│           │           │   └── servo-layout v0.5.0 (https://github.com/servo/servo?rev=1d44e5dd6a8b64c02f9dbf7fcbdf4ebdd0740019#1d44e5dd) (*)
│           │           └── servo-script feature "js_jit"
│           │               └── servo feature "js_jit" (*)
│           ├── servo-net v0.5.0 (https://github.com/servo/servo?rev=1d44e5dd6a8b64c02f9dbf7fcbdf4ebdd0740019#1d44e5dd)
│           │   └── servo-net feature "default"
│           │       ├── servo v0.5.0 (https://github.com/servo/servo?rev=1d44e5dd6a8b64c02f9dbf7fcbdf4ebdd0740019#1d44e5dd) (*)
│           │       ├── servo-constellation v0.5.0 (https://github.com/servo/servo?rev=1d44e5dd6a8b64c02f9dbf7fcbdf4ebdd0740019#1d44e5dd) (*)
│           │       └── servo-devtools v0.5.0 (https://github.com/servo/servo?rev=1d44e5dd6a8b64c02f9dbf7fcbdf4ebdd0740019#1d44e5dd)
│           │           └── servo-devtools feature "default"
│           │               └── servo v0.5.0 (https://github.com/servo/servo?rev=1d44e5dd6a8b64c02f9dbf7fcbdf4ebdd0740019#1d44e5dd) (*)
│           └── servo-script v0.5.0 (https://github.com/servo/servo?rev=1d44e5dd6a8b64c02f9dbf7fcbdf4ebdd0740019#1d44e5dd) (*)
└── fontsan feature "wuff"
    ├── genet-livery v0.0.4 (https://github.com/merely-made/genet.git?rev=679d8314aab4ec9f57a903c79dde244c3c565c1e#679d8314) (*)
    └── servo-fonts v0.5.0 (https://github.com/servo/servo?rev=1d44e5dd6a8b64c02f9dbf7fcbdf4ebdd0740019#1d44e5dd) (*)
