warning: patch `boa_engine v1.0.0-dev (https://github.com/mark-ik/boa.git?branch=genet#52cfb6ff)` was not used in the crate graph
  |
  = help: perhaps you meant one of the following:
          	https://github.com/mark-ik/boa.git
warning: patch `boa_gc v1.0.0-dev (https://github.com/mark-ik/boa.git?branch=genet#52cfb6ff)` was not used in the crate graph
  |
  = help: perhaps you meant one of the following:
          	https://github.com/mark-ik/boa.git
warning: unused import: `NSWindow`
   --> crates/cambium/cambium-genet-winit-host/src/decorations.rs:511:25
    |
511 |     use objc2_app_kit::{NSWindow, NSWindowButton};
    |                         ^^^^^^^^
    |
    = note: `#[warn(unused_imports)]` (part of `#[warn(unused)]`) on by default

warning: unnecessary `unsafe` block
   --> crates/cambium/cambium-genet-winit-host/src/decorations.rs:540:46
    |
540 |             view.convertRect_fromView(frame, unsafe { ns_window.contentView() }.as_deref());
    |                                              ^^^^^^ unnecessary `unsafe` block
    |
    = note: `#[warn(unused_unsafe)]` (part of `#[warn(unused)]`) on by default

warning: function `window_control_node` is never used
   --> crates/cambium/cambium-genet-winit-host/src/decorations.rs:113:4
    |
113 | fn window_control_node<D>(dom: &D, root: NodeId, accessible_label: &str) -> Option<NodeId>
    |    ^^^^^^^^^^^^^^^^^^^
    |
    = note: `#[warn(dead_code)]` (part of `#[warn(unused)]`) on by default

warning: function `window_control_rect` is never used
   --> crates/cambium/cambium-genet-winit-host/src/decorations.rs:139:15
    |
139 | pub(crate) fn window_control_rect<D>(
    |               ^^^^^^^^^^^^^^^^^^^

warning: `cambium-genet-winit-host` (lib) generated 4 warnings (run `cargo fix --lib -p cambium-genet-winit-host` to apply 1 suggestion)
    Finished `test` profile [unoptimized + debuginfo] target(s) in 2.13s
     Running tests/usability.rs (/Users/markik/Code/targets/knot-tabard-apps/debug/deps/usability-e5d529a68dbd081b)

running 1 test
test every_text_field_lays_out_at_its_authored_height ... ok

test result: ok. 1 passed; 0 failed; 0 ignored; 0 measured; 2 filtered out; finished in 1.55s

