2026-10-10T10:21:44.891221Z  INFO turnstone::launch: turnstone starting
2026-10-10T10:21:44.969665Z  WARN turnstone::identity: personae vault unavailable; falling back to the unsealed profile seed err=identity backend error: no OS auto-unlock backend on this platform yet; set PERSONAE_PASSPHRASE to use the portable passphrase vault instead
2026-10-10T10:21:45.485652Z  INFO turnstone::app::session_lifecycle: no session graph; starting on the sample graph
2026-10-10T10:21:47.071895Z  INFO actor{actor="actor"}: armillary: actor started actor="actor"
2026-10-10T10:21:47.071896Z  INFO actor{actor="actor"}: armillary: actor started actor="actor"
2026-10-10T10:21:47.072109Z  INFO fjall::keyspace: Opening keyspace at "/Users/markik/Code/tabard-app-receipts/2026-10-10/turnstone/native-11/turnstone-profile/cookies"
2026-10-10T10:21:47.209884Z  INFO actor{actor="actor"}: armillary: actor started actor="actor"
2026-10-10T10:21:47.210099Z  INFO actor{actor="download-custody"}: armillary: actor started actor="download-custody"
2026-10-10T10:21:47.210135Z  INFO actor{actor="trail-memory"}: armillary: actor started actor="trail-memory"
2026-10-10T10:21:47.210106Z  INFO actor{actor="recycle-bin"}: armillary: actor started actor="recycle-bin"
2026-10-10T10:21:47.210244Z  INFO actor{actor="turnstone-place"}: armillary: actor started actor="turnstone-place"
2026-10-10T10:21:47.210492Z  INFO actor{actor="trail-memory"}: fjall::keyspace: Opening keyspace at "/Users/markik/Code/tabard-app-receipts/2026-10-10/turnstone/native-11/turnstone-profile/sessions/cab58027-0e44-4fc8-8398-e63e5511731e/memory"
2026-10-10T10:21:47.210532Z  INFO actor{actor="recycle-bin"}: fjall::keyspace: Opening keyspace at "/Users/markik/Code/tabard-app-receipts/2026-10-10/turnstone/native-11/turnstone-profile/sessions/cab58027-0e44-4fc8-8398-e63e5511731e/bin"
2026-10-10T10:21:47.237080Z  INFO swarm_discovery::sender: no addresses for peer, not announcing
2026-10-10T10:21:47.250069Z  INFO swarm_discovery::sender: no addresses for peer, not announcing
2026-10-10T10:21:47.338623Z  INFO turnstone::shell::a11y_bridge: a11y_bridge: installed
2026-10-10T10:21:47.797351Z  INFO vello::wgpu_engine: Initialising shader modules in parallel using 14 threads
2026-10-10T10:21:47.992428Z  WARN swarm_discovery::socket: error sending mDNS: No route to host (os error 65)
2026-10-10T10:21:48.009564Z  WARN swarm_discovery::socket: error sending mDNS: No route to host (os error 65)
2026-10-10T10:21:48.774325Z  WARN swarm_discovery::socket: error sending mDNS: No route to host (os error 65)
2026-10-10T10:21:48.825227Z  WARN swarm_discovery::socket: error sending mDNS: No route to host (os error 65)
2026-10-10T10:21:49.535866Z  WARN swarm_discovery::socket: error sending mDNS: No route to host (os error 65)
2026-10-10T10:21:49.565243Z  WARN swarm_discovery::socket: error sending mDNS: No route to host (os error 65)
2026-10-10T10:21:50.016460Z  INFO actor{actor="actor"}: armillary: actor started actor="actor"
2026-10-10T10:21:50.274426Z  WARN swarm_discovery::socket: error sending mDNS: No route to host (os error 65)
2026-10-10T10:21:50.278280Z  WARN swarm_discovery::socket: error sending mDNS: No route to host (os error 65)
2026-10-10T10:21:51.042469Z  WARN swarm_discovery::socket: error sending mDNS: No route to host (os error 65)
2026-10-10T10:21:51.046117Z  WARN swarm_discovery::socket: error sending mDNS: No route to host (os error 65)
[genet-render-host] surface acquire skipped: Occluded
[genet-render-host] surface acquire skipped: Occluded
[genet-render-host] surface acquire skipped: Occluded
[genet-render-host] surface acquire skipped: Occluded
2026-10-10T10:21:51.803292Z  WARN swarm_discovery::socket: error sending mDNS: No route to host (os error 65)
2026-10-10T10:21:51.833809Z  WARN swarm_discovery::socket: error sending mDNS: No route to host (os error 65)
2026-10-10T10:21:52.602103Z  WARN swarm_discovery::socket: error sending mDNS: No route to host (os error 65)
2026-10-10T10:21:52.617698Z  WARN swarm_discovery::socket: error sending mDNS: No route to host (os error 65)
2026-10-10T10:21:52.713582Z  INFO turnstone::shell::render: capture state open=false text= suggestions=0 surfaces=3 chrome=false nodes=12
2026-10-10T10:21:53.375593Z  WARN swarm_discovery::socket: error sending mDNS: No route to host (os error 65)
2026-10-10T10:21:53.414415Z  WARN swarm_discovery::socket: error sending mDNS: No route to host (os error 65)
2026-10-10T10:21:54.126329Z  WARN swarm_discovery::socket: error sending mDNS: No route to host (os error 65)
2026-10-10T10:21:54.136753Z  WARN swarm_discovery::socket: error sending mDNS: No route to host (os error 65)
[genet-render-host] surface acquire skipped: Occluded
[cambium-winit] accessibility Installed, 195 nodes projected
[genet-render-host] surface acquire skipped: Occluded
[cambium-host] frame total=60598us hook=160us relayout=514us layout-update=108us tick=0us apply=0us layout-rebuild=0us style-resolve=0us layout-text=0us content-extent=0us mutations=0 layout-rebuilt=false leaf-boxes=378us leaf-render=24us leaf-repaints=1 fragments=37us emit=10613us raster=29203us acquire=93us clear=0us compose=0us capture=0us present=0us a11y=19705us raster-inner=28233us invalidate=2499us rebuild=77us master=2250us vello=22176us dirty-tiles=0 producer=7us staging=0us producer-calls=2 stages=0
[genet-render-host] surface acquire skipped: Occluded
[cambium-host] frame total=63058us hook=139us relayout=499us layout-update=105us tick=0us apply=0us layout-rebuild=0us style-resolve=0us layout-text=0us content-extent=0us mutations=0 layout-rebuilt=false leaf-boxes=368us leaf-render=23us leaf-repaints=1 fragments=26us emit=12020us raster=31050us acquire=101us clear=0us compose=0us capture=0us present=0us a11y=18975us raster-inner=30001us invalidate=2620us rebuild=84us master=2750us vello=23303us dirty-tiles=0 producer=3us staging=0us producer-calls=2 stages=0
[genet-render-host] surface acquire skipped: Occluded
[cambium-host] frame total=60791us hook=140us relayout=480us layout-update=101us tick=0us apply=0us layout-rebuild=0us style-resolve=0us layout-text=0us content-extent=0us mutations=0 layout-rebuilt=false leaf-boxes=352us leaf-render=23us leaf-repaints=1 fragments=28us emit=10866us raster=29980us acquire=93us clear=0us compose=0us capture=0us present=0us a11y=18954us raster-inner=28977us invalidate=2530us rebuild=77us master=2280us vello=22770us dirty-tiles=0 producer=3us staging=0us producer-calls=2 stages=0
[genet-render-host] surface acquire skipped: Occluded
[cambium-host] frame total=60162us hook=142us relayout=486us layout-update=105us tick=0us apply=0us layout-rebuild=0us style-resolve=0us layout-text=0us content-extent=0us mutations=0 layout-rebuilt=false leaf-boxes=355us leaf-render=22us leaf-repaints=1 fragments=29us emit=10676us raster=29495us acquire=93us clear=0us compose=0us capture=0us present=0us a11y=18995us raster-inner=28534us invalidate=2550us rebuild=80us master=2176us vello=22498us dirty-tiles=0 producer=2us staging=0us producer-calls=2 stages=0
2026-10-10T10:21:54.906783Z  WARN swarm_discovery::socket: error sending mDNS: No route to host (os error 65)
2026-10-10T10:21:54.926517Z  WARN swarm_discovery::socket: error sending mDNS: No route to host (os error 65)
[cambium-host] frame total=63185us hook=139us relayout=485us layout-update=104us tick=0us apply=0us layout-rebuild=0us style-resolve=0us layout-text=0us content-extent=0us mutations=0 layout-rebuilt=false leaf-boxes=356us leaf-render=22us leaf-repaints=1 fragments=28us emit=10758us raster=29986us acquire=555us clear=462us compose=727us capture=0us present=131us a11y=19649us raster-inner=28957us invalidate=2565us rebuild=79us master=2110us vello=22937us dirty-tiles=0 producer=2us staging=0us producer-calls=2 stages=0
[cambium-host] frame total=62889us hook=141us relayout=476us layout-update=102us tick=0us apply=0us layout-rebuild=0us style-resolve=0us layout-text=0us content-extent=0us mutations=0 layout-rebuilt=false leaf-boxes=349us leaf-render=22us leaf-repaints=1 fragments=28us emit=10827us raster=30383us acquire=528us clear=370us compose=751us capture=0us present=115us a11y=19005us raster-inner=29428us invalidate=2535us rebuild=77us master=2250us vello=23320us dirty-tiles=0 producer=2us staging=0us producer-calls=2 stages=0
[cambium-host] frame total=59029us hook=139us relayout=483us layout-update=102us tick=0us apply=0us layout-rebuild=0us style-resolve=0us layout-text=0us content-extent=0us mutations=0 layout-rebuilt=false leaf-boxes=353us leaf-render=24us leaf-repaints=1 fragments=28us emit=10647us raster=26938us acquire=123us clear=363us compose=622us capture=0us present=114us a11y=19309us raster-inner=25799us invalidate=2492us rebuild=78us master=1339us vello=21425us dirty-tiles=0 producer=3us staging=0us producer-calls=2 stages=0
[cambium-host] frame total=58792us hook=141us relayout=482us layout-update=102us tick=0us apply=0us layout-rebuild=0us style-resolve=0us layout-text=0us content-extent=0us mutations=0 layout-rebuilt=false leaf-boxes=354us leaf-render=23us leaf-repaints=1 fragments=33us emit=10743us raster=26956us acquire=127us clear=350us compose=615us capture=0us present=110us a11y=18973us raster-inner=25890us invalidate=2501us rebuild=77us master=1413us vello=21425us dirty-tiles=0 producer=2us staging=0us producer-calls=2 stages=0
[cambium-host] frame total=58651us hook=139us relayout=480us layout-update=104us tick=0us apply=0us layout-rebuild=0us style-resolve=0us layout-text=0us content-extent=0us mutations=0 layout-rebuilt=false leaf-boxes=350us leaf-render=23us leaf-repaints=1 fragments=29us emit=10800us raster=26739us acquire=121us clear=359us compose=625us capture=0us present=104us a11y=18993us raster-inner=25701us invalidate=2536us rebuild=79us master=1354us vello=21323us dirty-tiles=0 producer=2us staging=0us producer-calls=2 stages=0
[cambium-host] frame total=58786us hook=140us relayout=483us layout-update=105us tick=0us apply=0us layout-rebuild=0us style-resolve=0us layout-text=0us content-extent=0us mutations=0 layout-rebuilt=false leaf-boxes=352us leaf-render=22us leaf-repaints=1 fragments=30us emit=10775us raster=26819us acquire=124us clear=373us compose=640us capture=0us present=110us a11y=19027us raster-inner=25757us invalidate=2611us rebuild=80us master=1323us vello=21255us dirty-tiles=0 producer=2us staging=0us producer-calls=2 stages=0
[cambium-host] frame total=60827us hook=139us relayout=1143us layout-update=810us tick=0us apply=0us layout-rebuild=0us style-resolve=0us layout-text=0us content-extent=0us mutations=0 layout-rebuilt=false leaf-boxes=307us leaf-render=22us leaf-repaints=1 fragments=27us emit=10873us raster=27998us acquire=129us clear=372us compose=672us capture=0us present=108us a11y=18967us raster-inner=27138us invalidate=2560us rebuild=1281us master=1352us vello=21479us dirty-tiles=2 producer=3us staging=0us producer-calls=2 stages=0
2026-10-10T10:21:55.680904Z  WARN swarm_discovery::socket: error sending mDNS: No route to host (os error 65)
2026-10-10T10:21:55.687582Z  WARN swarm_discovery::socket: error sending mDNS: No route to host (os error 65)
[cambium-host] frame total=322740us hook=140us relayout=258949us layout-update=258659us tick=0us apply=0us layout-rebuild=257912us style-resolve=32737us layout-text=223492us content-extent=403us mutations=3 layout-rebuilt=true leaf-boxes=260us leaf-render=25us leaf-repaints=1 fragments=32us emit=10660us raster=32569us acquire=126us clear=354us compose=625us capture=0us present=115us a11y=18730us raster-inner=31540us invalidate=2526us rebuild=2852us master=2228us vello=22673us dirty-tiles=11 producer=3us staging=0us producer-calls=2 stages=0
[cambium-host] frame total=61758us hook=143us relayout=1148us layout-update=810us tick=0us apply=0us layout-rebuild=0us style-resolve=0us layout-text=0us content-extent=0us mutations=0 layout-rebuilt=false leaf-boxes=309us leaf-render=25us leaf-repaints=1 fragments=32us emit=10708us raster=29253us acquire=140us clear=401us compose=661us capture=0us present=117us a11y=18736us raster-inner=28129us invalidate=2525us rebuild=1106us master=1276us vello=22724us dirty-tiles=4 producer=3us staging=0us producer-calls=2 stages=0
2026-10-10T10:21:56.435040Z  WARN swarm_discovery::socket: error sending mDNS: No route to host (os error 65)
[cambium-host] frame total=320816us hook=141us relayout=260975us layout-update=260680us tick=0us apply=0us layout-rebuild=260544us style-resolve=32710us layout-text=225508us content-extent=408us mutations=2 layout-rebuilt=true leaf-boxes=267us leaf-render=23us leaf-repaints=1 fragments=33us emit=10748us raster=28096us acquire=131us clear=385us compose=660us capture=0us present=106us a11y=19068us raster-inner=26920us invalidate=2570us rebuild=1095us master=1482us vello=21305us dirty-tiles=4 producer=3us staging=0us producer-calls=2 stages=0
2026-10-10T10:21:56.480720Z  WARN swarm_discovery::socket: error sending mDNS: No route to host (os error 65)
[cambium-host] frame total=593232us hook=142us relayout=257956us layout-update=257649us tick=0us apply=0us layout-rebuild=257530us style-resolve=32898us layout-text=222510us content-extent=412us mutations=19 layout-rebuilt=true leaf-boxes=272us leaf-render=24us leaf-repaints=1 fragments=40us emit=11123us raster=84381us acquire=144us clear=403us compose=688us capture=0us present=111us a11y=19402us raster-inner=83398us invalidate=2543us rebuild=57829us master=1386us vello=21211us dirty-tiles=247 producer=217029us staging=1397us producer-calls=2 stages=2
2026-10-10T10:21:57.235215Z  WARN swarm_discovery::socket: error sending mDNS: No route to host (os error 65)
2026-10-10T10:21:57.239797Z  WARN swarm_discovery::socket: error sending mDNS: No route to host (os error 65)
[cambium-host] frame total=319544us hook=139us relayout=259315us layout-update=259022us tick=0us apply=0us layout-rebuild=258906us style-resolve=32899us layout-text=223295us content-extent=411us mutations=1 layout-rebuilt=true leaf-boxes=264us leaf-render=24us leaf-repaints=1 fragments=34us emit=10769us raster=28752us acquire=136us clear=390us compose=658us capture=0us present=112us a11y=18969us raster-inner=27582us invalidate=2554us rebuild=659us master=1374us vello=22581us dirty-tiles=2 producer=3us staging=0us producer-calls=2 stages=0
[cambium-host] frame total=121452us hook=139us relayout=1043us layout-update=711us tick=0us apply=0us layout-rebuild=0us style-resolve=0us layout-text=0us content-extent=0us mutations=0 layout-rebuilt=false leaf-boxes=306us leaf-render=22us leaf-repaints=1 fragments=29us emit=11232us raster=88518us acquire=134us clear=392us compose=672us capture=0us present=112us a11y=18913us raster-inner=87525us invalidate=2547us rebuild=63014us master=1398us vello=20042us dirty-tiles=247 producer=2us staging=0us producer-calls=2 stages=0
2026-10-10T10:21:57.969240Z  WARN swarm_discovery::socket: error sending mDNS: No route to host (os error 65)
2026-10-10T10:21:58.007713Z  WARN swarm_discovery::socket: error sending mDNS: No route to host (os error 65)
[cambium-host] frame total=409046us hook=141us relayout=281757us layout-update=281448us tick=0us apply=0us layout-rebuild=281332us style-resolve=33594us layout-text=244562us content-extent=429us mutations=21 layout-rebuilt=true leaf-boxes=278us leaf-render=26us leaf-repaints=1 fragments=34us emit=11454us raster=94720us acquire=129us clear=367us compose=636us capture=0us present=108us a11y=19422us raster-inner=93556us invalidate=2711us rebuild=63448us master=1568us vello=25292us dirty-tiles=247 producer=3us staging=0us producer-calls=2 stages=0
[cambium-host] frame total=112349us hook=141us relayout=1081us layout-update=740us tick=0us apply=0us layout-rebuild=0us style-resolve=0us layout-text=0us content-extent=0us mutations=0 layout-rebuilt=false leaf-boxes=314us leaf-render=23us leaf-repaints=1 fragments=29us emit=11406us raster=78508us acquire=162us clear=454us compose=789us capture=0us present=118us a11y=19386us raster-inner=77250us invalidate=2674us rebuild=48734us master=1450us vello=23897us dirty-tiles=190 producer=2us staging=0us producer-calls=2 stages=0
[cambium-host] frame total=61795us hook=138us relayout=1125us layout-update=786us tick=0us apply=0us layout-rebuild=0us style-resolve=0us layout-text=0us content-extent=0us mutations=0 layout-rebuilt=false leaf-boxes=313us leaf-render=22us leaf-repaints=1 fragments=27us emit=11119us raster=28365us acquire=129us clear=404us compose=660us capture=0us present=111us a11y=19323us raster-inner=26893us invalidate=2672us rebuild=362us master=1459us vello=21919us dirty-tiles=1 producer=3us staging=0us producer-calls=2 stages=0
2026-10-10T10:21:58.724721Z  WARN swarm_discovery::socket: error sending mDNS: No route to host (os error 65)
2026-10-10T10:21:58.737274Z  WARN swarm_discovery::socket: error sending mDNS: No route to host (os error 65)
[cambium-host] frame total=384071us hook=153us relayout=307018us layout-update=306706us tick=0us apply=0us layout-rebuild=305780us style-resolve=37901us layout-text=264636us content-extent=423us mutations=2 layout-rebuilt=true leaf-boxes=282us leaf-render=25us leaf-repaints=1 fragments=34us emit=12181us raster=43436us acquire=132us clear=395us compose=641us capture=0us present=115us a11y=19338us raster-inner=41968us invalidate=2747us rebuild=5090us master=1540us vello=32105us dirty-tiles=19 producer=3us staging=0us producer-calls=2 stages=0
[cambium-host] frame total=120657us hook=139us relayout=1284us layout-update=945us tick=0us apply=0us layout-rebuild=0us style-resolve=0us layout-text=0us content-extent=0us mutations=0 layout-rebuilt=false leaf-boxes=311us leaf-render=23us leaf-repaints=1 fragments=28us emit=11049us raster=86289us acquire=135us clear=404us compose=663us capture=0us present=109us a11y=19945us raster-inner=84986us invalidate=2697us rebuild=45377us master=1566us vello=34853us dirty-tiles=177 producer=3us staging=0us producer-calls=2 stages=0
2026-10-10T10:21:59.443943Z  WARN swarm_discovery::socket: error sending mDNS: No route to host (os error 65)
2026-10-10T10:21:59.448035Z  WARN swarm_discovery::socket: error sending mDNS: No route to host (os error 65)
[cambium-host] frame total=591935us hook=103us relayout=308857us layout-update=308517us tick=0us apply=0us layout-rebuild=308410us style-resolve=33448us layout-text=272282us content-extent=431us mutations=348 layout-rebuilt=true leaf-boxes=301us leaf-render=26us leaf-repaints=1 fragments=39us emit=11054us raster=102078us acquire=130us clear=382us compose=655us capture=0us present=112us a11y=19504us raster-inner=100758us invalidate=2924us rebuild=65739us master=1478us vello=30130us dirty-tiles=247 producer=145233us staging=1711us producer-calls=2 stages=2
[cambium-host] frame total=72035us hook=103us relayout=514us layout-update=104us tick=0us apply=0us layout-rebuild=0us style-resolve=0us layout-text=0us content-extent=0us mutations=0 layout-rebuilt=false leaf-boxes=383us leaf-render=23us leaf-repaints=1 fragments=28us emit=12001us raster=37848us acquire=128us clear=386us compose=677us capture=0us present=145us a11y=19925us raster-inner=36673us invalidate=2693us rebuild=79us master=1495us vello=31838us dirty-tiles=0 producer=3us staging=0us producer-calls=2 stages=0
[cambium-host] frame total=70615us hook=102us relayout=500us layout-update=103us tick=0us apply=0us layout-rebuild=0us style-resolve=0us layout-text=0us content-extent=0us mutations=0 layout-rebuilt=false leaf-boxes=369us leaf-render=23us leaf-repaints=1 fragments=30us emit=11157us raster=37326us acquire=154us clear=546us compose=802us capture=0us present=147us a11y=19575us raster-inner=35907us invalidate=2737us rebuild=79us master=1391us vello=31215us dirty-tiles=0 producer=3us staging=0us producer-calls=2 stages=0
[cambium-host] frame total=74913us hook=103us relayout=500us layout-update=104us tick=0us apply=0us layout-rebuild=0us style-resolve=0us layout-text=0us content-extent=0us mutations=0 layout-rebuilt=false leaf-boxes=368us leaf-render=24us leaf-repaints=1 fragments=34us emit=11941us raster=40537us acquire=151us clear=460us compose=733us capture=0us present=178us a11y=20000us raster-inner=38443us invalidate=2755us rebuild=78us master=1508us vello=33598us dirty-tiles=0 producer=2us staging=0us producer-calls=2 stages=0
2026-10-10T10:22:00.203543Z  WARN swarm_discovery::socket: error sending mDNS: No route to host (os error 65)
[cambium-host] frame total=73109us hook=103us relayout=505us layout-update=104us tick=0us apply=0us layout-rebuild=0us style-resolve=0us layout-text=0us content-extent=0us mutations=0 layout-rebuilt=false leaf-boxes=374us leaf-render=24us leaf-repaints=1 fragments=30us emit=11661us raster=39818us acquire=131us clear=378us compose=667us capture=0us present=109us a11y=19434us raster-inner=38181us invalidate=2722us rebuild=77us master=1431us vello=33383us dirty-tiles=0 producer=3us staging=0us producer-calls=2 stages=0
2026-10-10T10:22:00.242369Z  WARN swarm_discovery::socket: error sending mDNS: No route to host (os error 65)
[cambium-host] frame total=70263us hook=105us relayout=505us layout-update=104us tick=0us apply=0us layout-rebuild=0us style-resolve=0us layout-text=0us content-extent=0us mutations=0 layout-rebuilt=false leaf-boxes=374us leaf-render=24us leaf-repaints=1 fragments=30us emit=11128us raster=37124us acquire=128us clear=373us compose=629us capture=0us present=110us a11y=19855us raster-inner=35608us invalidate=2674us rebuild=79us master=1478us vello=30867us dirty-tiles=0 producer=3us staging=0us producer-calls=2 stages=0
[cambium-host] frame total=69794us hook=104us relayout=501us layout-update=106us tick=0us apply=0us layout-rebuild=0us style-resolve=0us layout-text=0us content-extent=0us mutations=0 layout-rebuilt=false leaf-boxes=369us leaf-render=22us leaf-repaints=1 fragments=30us emit=11202us raster=36945us acquire=130us clear=374us compose=629us capture=0us present=111us a11y=19492us raster-inner=35723us invalidate=2751us rebuild=78us master=1607us vello=30791us dirty-tiles=0 producer=3us staging=0us producer-calls=2 stages=0
[cambium-host] frame total=73757us hook=101us relayout=493us layout-update=100us tick=0us apply=0us layout-rebuild=0us style-resolve=0us layout-text=0us content-extent=0us mutations=0 layout-rebuilt=false leaf-boxes=367us leaf-render=22us leaf-repaints=1 fragments=30us emit=11368us raster=40279us acquire=135us clear=405us compose=671us capture=0us present=114us a11y=19890us raster-inner=39032us invalidate=2706us rebuild=78us master=1410us vello=33431us dirty-tiles=0 producer=2us staging=0us producer-calls=2 stages=0
[cambium-host] frame total=73509us hook=105us relayout=494us layout-update=103us tick=0us apply=0us layout-rebuild=0us style-resolve=0us layout-text=0us content-extent=0us mutations=0 layout-rebuilt=false leaf-boxes=364us leaf-render=23us leaf-repaints=1 fragments=31us emit=11695us raster=40075us acquire=125us clear=385us compose=649us capture=0us present=119us a11y=19560us raster-inner=38461us invalidate=2733us rebuild=82us master=1612us vello=33513us dirty-tiles=0 producer=2us staging=0us producer-calls=2 stages=0
[cambium-host] frame total=70487us hook=102us relayout=514us layout-update=103us tick=0us apply=0us layout-rebuild=0us style-resolve=0us layout-text=0us content-extent=0us mutations=0 layout-rebuilt=false leaf-boxes=383us leaf-render=24us leaf-repaints=1 fragments=30us emit=11101us raster=37071us acquire=138us clear=412us compose=657us capture=0us present=120us a11y=20065us raster-inner=35510us invalidate=2735us rebuild=79us master=1357us vello=30790us dirty-tiles=0 producer=3us staging=0us producer-calls=2 stages=0
[cambium-host] frame total=72289us hook=103us relayout=494us layout-update=102us tick=0us apply=0us layout-rebuild=0us style-resolve=0us layout-text=0us content-extent=0us mutations=0 layout-rebuilt=false leaf-boxes=366us leaf-render=23us leaf-repaints=1 fragments=33us emit=11964us raster=37962us acquire=147us clear=424us compose=706us capture=0us present=152us a11y=20026us raster-inner=35949us invalidate=2739us rebuild=79us master=1506us vello=31135us dirty-tiles=0 producer=3us staging=0us producer-calls=2 stages=0
2026-10-10T10:22:00.986100Z  WARN swarm_discovery::socket: error sending mDNS: No route to host (os error 65)
2026-10-10T10:22:01.033852Z  WARN swarm_discovery::socket: error sending mDNS: No route to host (os error 65)
[cambium-host] frame total=209964us hook=105us relayout=503us layout-update=106us tick=0us apply=0us layout-rebuild=0us style-resolve=0us layout-text=0us content-extent=0us mutations=0 layout-rebuilt=false leaf-boxes=371us leaf-render=23us leaf-repaints=1 fragments=33us emit=12065us raster=38092us acquire=136us clear=428us compose=700us capture=137927us present=155us a11y=19515us raster-inner=36517us invalidate=2704us rebuild=83us master=1631us vello=31602us dirty-tiles=0 producer=1us staging=0us producer-calls=2 stages=0
2026-10-10T10:22:01.757589Z  WARN swarm_discovery::socket: error sending mDNS: No route to host (os error 65)
2026-10-10T10:22:01.788630Z  WARN swarm_discovery::socket: error sending mDNS: No route to host (os error 65)
[cambium-host] frame total=587492us hook=105us relayout=390045us layout-update=389699us tick=0us apply=0us layout-rebuild=389593us style-resolve=33755us layout-text=278977us content-extent=395us mutations=0 layout-rebuilt=true leaf-boxes=316us leaf-render=25us leaf-repaints=1 fragments=40us emit=10986us raster=52847us acquire=548us clear=416us compose=812us capture=0us present=124us a11y=19586us raster-inner=51395us invalidate=1886us rebuild=31529us master=925us vello=16892us dirty-tiles=130 producer=108866us staging=1409us producer-calls=2 stages=2
[cambium-host] frame total=50085us hook=102us relayout=489us layout-update=103us tick=0us apply=0us layout-rebuild=0us style-resolve=0us layout-text=0us content-extent=0us mutations=0 layout-rebuilt=false leaf-boxes=361us leaf-render=21us leaf-repaints=1 fragments=35us emit=10974us raster=17216us acquire=599us clear=406us compose=699us capture=0us present=110us a11y=19183us raster-inner=16487us invalidate=1770us rebuild=43us master=890us vello=13620us dirty-tiles=0 producer=1us staging=0us producer-calls=2 stages=0
[cambium-host] frame total=49532us hook=103us relayout=487us layout-update=102us tick=0us apply=0us layout-rebuild=0us style-resolve=0us layout-text=0us content-extent=0us mutations=0 layout-rebuilt=false leaf-boxes=359us leaf-render=21us leaf-repaints=1 fragments=30us emit=11336us raster=16753us acquire=124us clear=372us compose=639us capture=0us present=112us a11y=19309us raster-inner=16072us invalidate=1740us rebuild=45us master=739us vello=13314us dirty-tiles=0 producer=2us staging=0us producer-calls=2 stages=0
[cambium-host] frame total=49690us hook=101us relayout=499us layout-update=102us tick=0us apply=0us layout-rebuild=0us style-resolve=0us layout-text=0us content-extent=0us mutations=0 layout-rebuilt=false leaf-boxes=369us leaf-render=24us leaf-repaints=1 fragments=29us emit=11221us raster=17038us acquire=124us clear=374us compose=628us capture=0us present=113us a11y=19290us raster-inner=16215us invalidate=1749us rebuild=42us master=772us vello=13427us dirty-tiles=0 producer=3us staging=0us producer-calls=2 stages=0
2026-10-10T10:22:02.545226Z  WARN swarm_discovery::socket: error sending mDNS: No route to host (os error 65)
2026-10-10T10:22:02.565565Z  WARN swarm_discovery::socket: error sending mDNS: No route to host (os error 65)
[cambium-host] frame total=50635us hook=101us relayout=493us layout-update=103us tick=0us apply=0us layout-rebuild=0us style-resolve=0us layout-text=0us content-extent=0us mutations=0 layout-rebuilt=false leaf-boxes=364us leaf-render=22us leaf-repaints=1 fragments=30us emit=11068us raster=17950us acquire=126us clear=364us compose=643us capture=0us present=109us a11y=19483us raster-inner=16272us invalidate=1762us rebuild=41us master=698us vello=13557us dirty-tiles=0 producer=2us staging=0us producer-calls=2 stages=0
[cambium-host] frame total=50300us hook=101us relayout=495us layout-update=102us tick=0us apply=0us layout-rebuild=0us style-resolve=0us layout-text=0us content-extent=0us mutations=0 layout-rebuilt=false leaf-boxes=364us leaf-render=26us leaf-repaints=1 fragments=29us emit=11709us raster=17023us acquire=128us clear=376us compose=644us capture=0us present=112us a11y=19416us raster-inner=16362us invalidate=1750us rebuild=43us master=882us vello=13527us dirty-tiles=0 producer=2us staging=0us producer-calls=2 stages=0
[cambium-host] frame total=90606us hook=107us relayout=1553us layout-update=1218us tick=0us apply=0us layout-rebuild=0us style-resolve=0us layout-text=0us content-extent=0us mutations=0 layout-rebuilt=false leaf-boxes=305us leaf-render=26us leaf-repaints=1 fragments=31us emit=11053us raster=56864us acquire=139us clear=411us compose=711us capture=0us present=105us a11y=19356us raster-inner=55464us invalidate=1722us rebuild=35038us master=967us vello=17556us dirty-tiles=130 producer=3us staging=0us producer-calls=2 stages=0
[cambium-host] frame total=53986us hook=105us relayout=516us layout-update=107us tick=0us apply=0us layout-rebuild=0us style-resolve=0us layout-text=0us content-extent=0us mutations=0 layout-rebuilt=false leaf-boxes=380us leaf-render=25us leaf-repaints=1 fragments=35us emit=11474us raster=20069us acquire=135us clear=427us compose=682us capture=0us present=115us a11y=20145us raster-inner=18241us invalidate=1738us rebuild=42us master=741us vello=15477us dirty-tiles=0 producer=3us staging=0us producer-calls=2 stages=0
[cambium-host] frame total=53120us hook=101us relayout=492us layout-update=102us tick=0us apply=0us layout-rebuild=0us style-resolve=0us layout-text=0us content-extent=0us mutations=0 layout-rebuilt=false leaf-boxes=364us leaf-render=23us leaf-repaints=1 fragments=28us emit=11893us raster=19548us acquire=125us clear=376us compose=638us capture=0us present=107us a11y=19540us raster-inner=17917us invalidate=1743us rebuild=42us master=793us vello=15091us dirty-tiles=0 producer=2us staging=0us producer-calls=2 stages=0
[cambium-host] frame total=52178us hook=100us relayout=500us layout-update=104us tick=0us apply=0us layout-rebuild=0us style-resolve=0us layout-text=0us content-extent=0us mutations=0 layout-rebuilt=false leaf-boxes=369us leaf-render=23us leaf-repaints=1 fragments=29us emit=11524us raster=18704us acquire=122us clear=369us compose=736us capture=0us present=115us a11y=19703us raster-inner=17978us invalidate=1737us rebuild=43us master=881us vello=15127us dirty-tiles=0 producer=3us staging=0us producer-calls=2 stages=0
[cambium-host] frame total=51369us hook=103us relayout=493us layout-update=101us tick=0us apply=0us layout-rebuild=0us style-resolve=0us layout-text=0us content-extent=0us mutations=0 layout-rebuilt=false leaf-boxes=366us leaf-render=23us leaf-repaints=1 fragments=27us emit=10952us raster=19039us acquire=126us clear=361us compose=629us capture=0us present=106us a11y=19259us raster-inner=17977us invalidate=1751us rebuild=42us master=858us vello=15133us dirty-tiles=0 producer=2us staging=0us producer-calls=2 stages=0
[cambium-host] frame total=52566us hook=99us relayout=497us layout-update=103us tick=0us apply=0us layout-rebuild=0us style-resolve=0us layout-text=0us content-extent=0us mutations=0 layout-rebuilt=false leaf-boxes=369us leaf-render=22us leaf-repaints=1 fragments=27us emit=10976us raster=19502us acquire=128us clear=404us compose=673us capture=0us present=164us a11y=19820us raster-inner=17735us invalidate=1742us rebuild=43us master=739us vello=14975us dirty-tiles=0 producer=3us staging=0us producer-calls=2 stages=0
2026-10-10T10:22:03.296770Z  WARN swarm_discovery::socket: error sending mDNS: No route to host (os error 65)
2026-10-10T10:22:03.318951Z  WARN swarm_discovery::socket: error sending mDNS: No route to host (os error 65)
[cambium-host] frame total=186592us hook=104us relayout=501us layout-update=101us tick=0us apply=0us layout-rebuild=0us style-resolve=0us layout-text=0us content-extent=0us mutations=0 layout-rebuilt=false leaf-boxes=373us leaf-render=23us leaf-repaints=1 fragments=29us emit=11081us raster=19643us acquire=123us clear=401us compose=662us capture=134512us present=113us a11y=19148us raster-inner=17940us invalidate=1748us rebuild=42us master=699us vello=15206us dirty-tiles=0 producer=3us staging=0us producer-calls=2 stages=0
2026-10-10T10:22:04.059876Z  WARN swarm_discovery::socket: error sending mDNS: No route to host (os error 65)
2026-10-10T10:22:04.103077Z  WARN swarm_discovery::socket: error sending mDNS: No route to host (os error 65)
[cambium-host] frame total=309247us hook=103us relayout=223051us layout-update=222720us tick=0us apply=0us layout-rebuild=222606us style-resolve=33845us layout-text=184722us content-extent=557us mutations=6 layout-rebuilt=true leaf-boxes=301us leaf-render=25us leaf-repaints=1 fragments=34us emit=11372us raster=53335us acquire=129us clear=394us compose=663us capture=0us present=148us a11y=19755us raster-inner=51572us invalidate=1844us rebuild=36610us master=843us vello=12009us dirty-tiles=130 producer=3us staging=0us producer-calls=2 stages=0
[cambium-host] frame total=48433us hook=105us relayout=508us layout-update=115us tick=0us apply=0us layout-rebuild=0us style-resolve=0us layout-text=0us content-extent=0us mutations=0 layout-rebuilt=false leaf-boxes=365us leaf-render=24us leaf-repaints=1 fragments=29us emit=11250us raster=15432us acquire=124us clear=366us compose=675us capture=0us present=134us a11y=19535us raster-inner=14184us invalidate=1772us rebuild=44us master=874us vello=11329us dirty-tiles=0 producer=2us staging=0us producer-calls=2 stages=0
[cambium-host] frame total=47457us hook=102us relayout=500us layout-update=113us tick=0us apply=0us layout-rebuild=0us style-resolve=0us layout-text=0us content-extent=0us mutations=0 layout-rebuilt=false leaf-boxes=360us leaf-render=24us leaf-repaints=1 fragments=28us emit=11009us raster=15102us acquire=125us clear=373us compose=634us capture=0us present=115us a11y=19192us raster-inner=14159us invalidate=1758us rebuild=43us master=738us vello=11378us dirty-tiles=0 producer=3us staging=0us producer-calls=2 stages=0
[cambium-host] frame total=48732us hook=104us relayout=503us layout-update=112us tick=0us apply=0us layout-rebuild=0us style-resolve=0us layout-text=0us content-extent=0us mutations=0 layout-rebuilt=false leaf-boxes=365us leaf-render=22us leaf-repaints=1 fragments=29us emit=11081us raster=15767us acquire=124us clear=392us compose=634us capture=0us present=110us a11y=19716us raster-inner=14319us invalidate=1765us rebuild=44us master=937us vello=11382us dirty-tiles=0 producer=2us staging=0us producer-calls=2 stages=0
[cambium-host] frame total=48161us hook=101us relayout=508us layout-update=112us tick=0us apply=0us layout-rebuild=0us style-resolve=0us layout-text=0us content-extent=0us mutations=0 layout-rebuilt=false leaf-boxes=368us leaf-render=25us leaf-repaints=1 fragments=30us emit=11661us raster=15254us acquire=120us clear=355us compose=633us capture=0us present=115us a11y=19109us raster-inner=14363us invalidate=1744us rebuild=42us master=826us vello=11512us dirty-tiles=0 producer=3us staging=0us producer-calls=2 stages=0
[cambium-host] frame total=48958us hook=104us relayout=504us layout-update=112us tick=0us apply=0us layout-rebuild=0us style-resolve=0us layout-text=0us content-extent=0us mutations=0 layout-rebuilt=false leaf-boxes=365us leaf-render=22us leaf-repaints=1 fragments=26us emit=11207us raster=15837us acquire=129us clear=361us compose=633us capture=0us present=121us a11y=19760us raster-inner=14394us invalidate=1761us rebuild=44us master=984us vello=11438us dirty-tiles=0 producer=2us staging=0us producer-calls=2 stages=0
[cambium-host] frame total=49870us hook=103us relayout=505us layout-update=114us tick=0us apply=0us layout-rebuild=0us style-resolve=0us layout-text=0us content-extent=0us mutations=0 layout-rebuilt=false leaf-boxes=363us leaf-render=24us leaf-repaints=1 fragments=29us emit=11340us raster=15953us acquire=125us clear=368us compose=622us capture=0us present=113us a11y=20437us raster-inner=14568us invalidate=1798us rebuild=45us master=874us vello=11618us dirty-tiles=0 producer=1us staging=0us producer-calls=2 stages=0
[cambium-host] frame total=48233us hook=103us relayout=499us layout-update=111us tick=0us apply=0us layout-rebuild=0us style-resolve=0us layout-text=0us content-extent=0us mutations=0 layout-rebuilt=false leaf-boxes=362us leaf-render=22us leaf-repaints=1 fragments=29us emit=11747us raster=15077us acquire=133us clear=385us compose=630us capture=0us present=115us a11y=19237us raster-inner=14130us invalidate=1760us rebuild=43us master=782us vello=11311us dirty-tiles=0 producer=2us staging=0us producer-calls=2 stages=0
turnstone-theme: captured workshop_authored
turnstone-theme: captured workshop_narrow
turnstone-theme: RESULT ok (51 frames, 2 captures)
2026-10-10T10:22:04.865975Z  WARN swarm_discovery::socket: error sending mDNS: No route to host (os error 65)
2026-10-10T10:22:04.868281Z  WARN swarm_discovery::socket: error sending mDNS: No route to host (os error 65)
2026-10-10T10:22:05.233678Z  INFO turnstone::shell::render: capture state open=false text= suggestions=0 surfaces=3 chrome=false nodes=12
2026-10-10T10:22:05.598008Z  WARN swarm_discovery::socket: error sending mDNS: No route to host (os error 65)
2026-10-10T10:22:05.650031Z  WARN swarm_discovery::socket: error sending mDNS: No route to host (os error 65)
2026-10-10T10:22:06.405874Z  WARN swarm_discovery::socket: error sending mDNS: No route to host (os error 65)
2026-10-10T10:22:06.435205Z  WARN swarm_discovery::socket: error sending mDNS: No route to host (os error 65)
2026-10-10T10:22:07.131915Z  INFO turnstone::shell::render: capture state open=false text= suggestions=0 surfaces=3 chrome=false nodes=12
2026-10-10T10:22:07.147156Z  WARN swarm_discovery::socket: error sending mDNS: No route to host (os error 65)
2026-10-10T10:22:07.194844Z  WARN swarm_discovery::socket: error sending mDNS: No route to host (os error 65)
2026-10-10T10:22:07.935374Z  WARN swarm_discovery::socket: error sending mDNS: No route to host (os error 65)
2026-10-10T10:22:07.977530Z  WARN swarm_discovery::socket: error sending mDNS: No route to host (os error 65)
2026-10-10T10:22:08.392355Z  INFO turnstone::shell::render: capture state open=false text= suggestions=0 surfaces=3 chrome=false nodes=12
2026-10-10T10:22:08.682175Z  WARN swarm_discovery::socket: error sending mDNS: No route to host (os error 65)
2026-10-10T10:22:08.688749Z  WARN swarm_discovery::socket: error sending mDNS: No route to host (os error 65)
2026-10-10T10:22:09.383025Z  INFO turnstone::shell::render: capture state open=false text= suggestions=0 surfaces=3 chrome=false nodes=12
2026-10-10T10:22:09.419023Z  WARN swarm_discovery::socket: error sending mDNS: No route to host (os error 65)
2026-10-10T10:22:09.446799Z  WARN swarm_discovery::socket: error sending mDNS: No route to host (os error 65)
2026-10-10T10:22:10.163538Z  WARN swarm_discovery::socket: error sending mDNS: No route to host (os error 65)
2026-10-10T10:22:10.209999Z  WARN swarm_discovery::socket: error sending mDNS: No route to host (os error 65)
2026-10-10T10:22:10.373014Z  INFO turnstone::shell::render: capture state open=false text= suggestions=0 surfaces=3 chrome=false nodes=12
2026-10-10T10:22:10.967353Z  WARN swarm_discovery::socket: error sending mDNS: No route to host (os error 65)
2026-10-10T10:22:10.988014Z  WARN swarm_discovery::socket: error sending mDNS: No route to host (os error 65)
2026-10-10T10:22:11.725318Z  INFO turnstone::shell::render: capture state open=false text= suggestions=0 surfaces=3 chrome=false nodes=12
2026-10-10T10:22:11.741964Z  WARN swarm_discovery::socket: error sending mDNS: No route to host (os error 65)
2026-10-10T10:22:11.756275Z  WARN swarm_discovery::socket: error sending mDNS: No route to host (os error 65)
2026-10-10T10:22:12.224245Z  INFO actor{actor="actor"}: armillary: actor finished actor="actor" lifetime_ms=22208
2026-10-10T10:22:12.226384Z  INFO actor{actor="actor"}: armillary: actor finished actor="actor" lifetime_ms=25017
2026-10-10T10:22:12.330244Z  INFO actor{actor="trail-memory"}: armillary: actor finished actor="trail-memory" lifetime_ms=25121
2026-10-10T10:22:12.330166Z  INFO actor{actor="download-custody"}: armillary: actor finished actor="download-custody" lifetime_ms=25121
2026-10-10T10:22:12.330338Z  INFO actor{actor="turnstone-place"}: armillary: actor finished actor="turnstone-place" lifetime_ms=25121
2026-10-10T10:22:12.331195Z  INFO actor{actor="actor"}: armillary: actor finished actor="actor" lifetime_ms=25260
2026-10-10T10:22:12.331400Z  INFO actor{actor="actor"}: armillary: actor finished actor="actor" lifetime_ms=25260
