2026-10-10T10:05:19.922514Z  INFO turnstone::launch: turnstone starting
2026-10-10T10:05:20.004166Z  WARN turnstone::identity: personae vault unavailable; falling back to the unsealed profile seed err=identity backend error: no OS auto-unlock backend on this platform yet; set PERSONAE_PASSPHRASE to use the portable passphrase vault instead
2026-10-10T10:05:20.316430Z  INFO turnstone::app::session_lifecycle: no session graph; starting on the sample graph
2026-10-10T10:05:21.537978Z  INFO actor{actor="actor"}: armillary: actor started actor="actor"
2026-10-10T10:05:21.537976Z  INFO actor{actor="actor"}: armillary: actor started actor="actor"
2026-10-10T10:05:21.538250Z  INFO fjall::keyspace: Opening keyspace at "/Users/markik/Code/tabard-app-receipts/2026-10-10/turnstone/native-10/turnstone-profile/cookies"
2026-10-10T10:05:21.708765Z  INFO actor{actor="actor"}: armillary: actor started actor="actor"
2026-10-10T10:05:21.709001Z  INFO actor{actor="download-custody"}: armillary: actor started actor="download-custody"
2026-10-10T10:05:21.709011Z  INFO actor{actor="recycle-bin"}: armillary: actor started actor="recycle-bin"
2026-10-10T10:05:21.709050Z  INFO actor{actor="trail-memory"}: armillary: actor started actor="trail-memory"
2026-10-10T10:05:21.709154Z  INFO actor{actor="turnstone-place"}: armillary: actor started actor="turnstone-place"
2026-10-10T10:05:21.709401Z  INFO actor{actor="trail-memory"}: fjall::keyspace: Opening keyspace at "/Users/markik/Code/tabard-app-receipts/2026-10-10/turnstone/native-10/turnstone-profile/sessions/61478f6d-9a2a-4109-95a0-aee0a3530133/memory"
2026-10-10T10:05:21.709406Z  INFO actor{actor="recycle-bin"}: fjall::keyspace: Opening keyspace at "/Users/markik/Code/tabard-app-receipts/2026-10-10/turnstone/native-10/turnstone-profile/sessions/61478f6d-9a2a-4109-95a0-aee0a3530133/bin"
2026-10-10T10:05:21.733071Z  INFO swarm_discovery::sender: no addresses for peer, not announcing
2026-10-10T10:05:21.746889Z  INFO swarm_discovery::sender: no addresses for peer, not announcing
2026-10-10T10:05:21.837151Z  INFO turnstone::shell::a11y_bridge: a11y_bridge: installed
2026-10-10T10:05:22.112331Z  INFO vello::wgpu_engine: Initialising shader modules in parallel using 14 threads
2026-10-10T10:05:22.517660Z  WARN swarm_discovery::socket: error sending mDNS: No route to host (os error 65)
2026-10-10T10:05:22.521738Z  WARN swarm_discovery::socket: error sending mDNS: No route to host (os error 65)
2026-10-10T10:05:23.244501Z  WARN swarm_discovery::socket: error sending mDNS: No route to host (os error 65)
2026-10-10T10:05:23.251473Z  WARN swarm_discovery::socket: error sending mDNS: No route to host (os error 65)
2026-10-10T10:05:24.006958Z  WARN swarm_discovery::socket: error sending mDNS: No route to host (os error 65)
2026-10-10T10:05:24.038359Z  WARN swarm_discovery::socket: error sending mDNS: No route to host (os error 65)
2026-10-10T10:05:24.070723Z  INFO actor{actor="actor"}: armillary: actor started actor="actor"
2026-10-10T10:05:24.764547Z  WARN swarm_discovery::socket: error sending mDNS: No route to host (os error 65)
2026-10-10T10:05:24.793237Z  WARN swarm_discovery::socket: error sending mDNS: No route to host (os error 65)
[genet-render-host] surface acquire skipped: Occluded
[genet-render-host] surface acquire skipped: Occluded
[genet-render-host] surface acquire skipped: Occluded
2026-10-10T10:05:25.497292Z  WARN swarm_discovery::socket: error sending mDNS: No route to host (os error 65)
2026-10-10T10:05:25.521676Z  WARN swarm_discovery::socket: error sending mDNS: No route to host (os error 65)
2026-10-10T10:05:26.253450Z  WARN swarm_discovery::socket: error sending mDNS: No route to host (os error 65)
2026-10-10T10:05:26.298348Z  WARN swarm_discovery::socket: error sending mDNS: No route to host (os error 65)
2026-10-10T10:05:26.605905Z  INFO turnstone::shell::render: capture state open=false text= suggestions=0 surfaces=3 chrome=false nodes=12
2026-10-10T10:05:27.027753Z  WARN swarm_discovery::socket: error sending mDNS: No route to host (os error 65)
2026-10-10T10:05:27.046184Z  WARN swarm_discovery::socket: error sending mDNS: No route to host (os error 65)
2026-10-10T10:05:27.768627Z  WARN swarm_discovery::socket: error sending mDNS: No route to host (os error 65)
2026-10-10T10:05:27.820231Z  WARN swarm_discovery::socket: error sending mDNS: No route to host (os error 65)
[turnstone-registration-probe] source generation=1 scene={"errors":[],"glyph_runs":13,"logical_size":[831,328],"ops":24,"revision":2}
[genet-render-host] surface acquire skipped: Occluded
[cambium-winit] accessibility Installed, 195 nodes projected
[genet-render-host] surface acquire skipped: Occluded
[cambium-host] frame total=59958us hook=197us relayout=527us layout-update=117us tick=2us apply=0us layout-rebuild=0us style-resolve=0us layout-text=0us content-extent=0us mutations=0 layout-rebuilt=false leaf-boxes=379us leaf-render=27us leaf-repaints=1 fragments=35us emit=10658us raster=29236us acquire=93us clear=0us compose=0us capture=0us present=0us a11y=18935us raster-inner=28230us invalidate=2676us rebuild=84us master=1831us vello=22167us dirty-tiles=0 producer=3us staging=0us producer-calls=2 stages=0
[genet-render-host] surface acquire skipped: Occluded
[cambium-host] frame total=59368us hook=178us relayout=479us layout-update=104us tick=0us apply=0us layout-rebuild=0us style-resolve=0us layout-text=0us content-extent=0us mutations=0 layout-rebuilt=false leaf-boxes=349us leaf-render=23us leaf-repaints=1 fragments=29us emit=10560us raster=28323us acquire=93us clear=0us compose=0us capture=0us present=0us a11y=19457us raster-inner=27469us invalidate=2601us rebuild=78us master=1429us vello=22123us dirty-tiles=0 producer=2us staging=0us producer-calls=2 stages=0
2026-10-10T10:05:28.532321Z  WARN swarm_discovery::socket: error sending mDNS: No route to host (os error 65)
2026-10-10T10:05:28.547711Z  WARN swarm_discovery::socket: error sending mDNS: No route to host (os error 65)
[genet-render-host] surface acquire skipped: Occluded
[cambium-host] frame total=59156us hook=173us relayout=475us layout-update=102us tick=0us apply=0us layout-rebuild=0us style-resolve=0us layout-text=0us content-extent=0us mutations=0 layout-rebuilt=false leaf-boxes=348us leaf-render=21us leaf-repaints=1 fragments=25us emit=10369us raster=28647us acquire=96us clear=0us compose=0us capture=0us present=0us a11y=19126us raster-inner=27885us invalidate=2618us rebuild=83us master=1532us vello=23219us dirty-tiles=0 producer=2us staging=0us producer-calls=2 stages=0
[cambium-host] frame total=59019us hook=174us relayout=474us layout-update=101us tick=0us apply=0us layout-rebuild=0us style-resolve=0us layout-text=0us content-extent=0us mutations=0 layout-rebuilt=false leaf-boxes=347us leaf-render=23us leaf-repaints=1 fragments=25us emit=10626us raster=26987us acquire=514us clear=365us compose=676us capture=0us present=111us a11y=18808us raster-inner=26168us invalidate=2637us rebuild=81us master=1338us vello=21697us dirty-tiles=0 producer=3us staging=0us producer-calls=2 stages=0
[cambium-host] frame total=58059us hook=173us relayout=475us layout-update=102us tick=0us apply=0us layout-rebuild=0us style-resolve=0us layout-text=0us content-extent=0us mutations=0 layout-rebuilt=false leaf-boxes=348us leaf-render=22us leaf-repaints=1 fragments=26us emit=10381us raster=26078us acquire=523us clear=383us compose=606us capture=0us present=106us a11y=19051us raster-inner=25317us invalidate=2589us rebuild=83us master=1282us vello=20921us dirty-tiles=0 producer=3us staging=0us producer-calls=2 stages=0
[cambium-host] frame total=61013us hook=179us relayout=496us layout-update=112us tick=0us apply=0us layout-rebuild=0us style-resolve=0us layout-text=0us content-extent=0us mutations=0 layout-rebuilt=false leaf-boxes=357us leaf-render=24us leaf-repaints=1 fragments=27us emit=11672us raster=28223us acquire=124us clear=365us compose=612us capture=0us present=110us a11y=18945us raster-inner=27319us invalidate=2582us rebuild=97us master=1281us vello=22892us dirty-tiles=0 producer=3us staging=0us producer-calls=2 stages=0
[cambium-host] frame total=58312us hook=173us relayout=466us layout-update=96us tick=0us apply=0us layout-rebuild=0us style-resolve=0us layout-text=0us content-extent=0us mutations=0 layout-rebuilt=false leaf-boxes=344us leaf-render=22us leaf-repaints=1 fragments=26us emit=10848us raster=26595us acquire=122us clear=357us compose=717us capture=0us present=115us a11y=18634us raster-inner=25808us invalidate=2555us rebuild=77us master=1387us vello=21355us dirty-tiles=0 producer=3us staging=0us producer-calls=2 stages=0
[cambium-host] frame total=57662us hook=175us relayout=479us layout-update=102us tick=0us apply=0us layout-rebuild=0us style-resolve=0us layout-text=0us content-extent=0us mutations=0 layout-rebuilt=false leaf-boxes=351us leaf-render=22us leaf-repaints=1 fragments=25us emit=10306us raster=26411us acquire=119us clear=397us compose=637us capture=0us present=118us a11y=18737us raster-inner=25547us invalidate=2596us rebuild=83us master=1286us vello=21090us dirty-tiles=0 producer=3us staging=0us producer-calls=2 stages=0
[cambium-host] frame total=60441us hook=176us relayout=511us layout-update=132us tick=0us apply=0us layout-rebuild=0us style-resolve=0us layout-text=0us content-extent=0us mutations=0 layout-rebuilt=false leaf-boxes=352us leaf-render=24us leaf-repaints=1 fragments=35us emit=10564us raster=29031us acquire=118us clear=350us compose=606us capture=0us present=106us a11y=18680us raster-inner=28072us invalidate=2620us rebuild=83us master=1668us vello=22840us dirty-tiles=0 producer=3us staging=0us producer-calls=2 stages=0
2026-10-10T10:05:29.253969Z  WARN swarm_discovery::socket: error sending mDNS: No route to host (os error 65)
2026-10-10T10:05:29.297700Z  WARN swarm_discovery::socket: error sending mDNS: No route to host (os error 65)
[cambium-host] frame total=64542us hook=188us relayout=1164us layout-update=826us tick=0us apply=0us layout-rebuild=0us style-resolve=0us layout-text=0us content-extent=0us mutations=0 layout-rebuilt=false leaf-boxes=312us leaf-render=22us leaf-repaints=1 fragments=26us emit=10537us raster=31640us acquire=134us clear=402us compose=674us capture=0us present=121us a11y=19256us raster-inner=30549us invalidate=2588us rebuild=576us master=2780us vello=23441us dirty-tiles=2 producer=3us staging=0us producer-calls=2 stages=0
[cambium-host] frame total=325320us hook=179us relayout=266144us layout-update=265859us tick=0us apply=0us layout-rebuild=265141us style-resolve=38263us layout-text=225378us content-extent=374us mutations=3 layout-rebuilt=true leaf-boxes=254us leaf-render=25us leaf-repaints=1 fragments=33us emit=9636us raster=29016us acquire=123us clear=343us compose=598us capture=0us present=113us a11y=18714us raster-inner=27986us invalidate=2599us rebuild=2708us master=1291us vello=20973us dirty-tiles=11 producer=4us staging=0us producer-calls=2 stages=0
[cambium-host] frame total=59748us hook=177us relayout=1125us layout-update=785us tick=0us apply=0us layout-rebuild=0us style-resolve=0us layout-text=0us content-extent=0us mutations=0 layout-rebuilt=false leaf-boxes=312us leaf-render=24us leaf-repaints=1 fragments=26us emit=10930us raster=27143us acquire=119us clear=376us compose=602us capture=0us present=113us a11y=18740us raster-inner=26282us invalidate=2665us rebuild=1092us master=1339us vello=20744us dirty-tiles=4 producer=3us staging=0us producer-calls=2 stages=0
2026-10-10T10:05:30.019777Z  WARN swarm_discovery::socket: error sending mDNS: No route to host (os error 65)
2026-10-10T10:05:30.046156Z  WARN swarm_discovery::socket: error sending mDNS: No route to host (os error 65)
[cambium-host] frame total=311873us hook=183us relayout=252260us layout-update=251987us tick=0us apply=0us layout-rebuild=251856us style-resolve=31445us layout-text=218012us content-extent=358us mutations=2 layout-rebuilt=true leaf-boxes=244us leaf-render=24us leaf-repaints=1 fragments=34us emit=10467us raster=28734us acquire=128us clear=354us compose=607us capture=0us present=109us a11y=18570us raster-inner=27668us invalidate=2464us rebuild=1113us master=1312us vello=22318us dirty-tiles=4 producer=3us staging=0us producer-calls=2 stages=0
[turnstone-registration-probe] source generation=2 scene={"errors":[],"glyph_runs":13,"logical_size":[831,328],"ops":24,"revision":3}
2026-10-10T10:05:30.773677Z  WARN swarm_discovery::socket: error sending mDNS: No route to host (os error 65)
2026-10-10T10:05:30.784027Z  WARN swarm_discovery::socket: error sending mDNS: No route to host (os error 65)
[cambium-host] frame total=591952us hook=187us relayout=261717us layout-update=261437us tick=0us apply=0us layout-rebuild=261312us style-resolve=37586us layout-text=221265us content-extent=372us mutations=19 layout-rebuilt=true leaf-boxes=247us leaf-render=24us leaf-repaints=1 fragments=38us emit=11430us raster=83773us acquire=129us clear=363us compose=636us capture=0us present=144us a11y=18961us raster-inner=82957us invalidate=2554us rebuild=56213us master=1282us vello=22395us dirty-tiles=247 producer=212664us staging=1501us producer-calls=2 stages=2
[cambium-host] frame total=319695us hook=175us relayout=259652us layout-update=259368us tick=0us apply=0us layout-rebuild=259243us style-resolve=37411us layout-text=219627us content-extent=396us mutations=1 layout-rebuilt=true leaf-boxes=254us leaf-render=25us leaf-repaints=1 fragments=34us emit=10439us raster=29259us acquire=129us clear=366us compose=635us capture=0us present=111us a11y=18637us raster-inner=28004us invalidate=2579us rebuild=663us master=1411us vello=22935us dirty-tiles=2 producer=4us staging=0us producer-calls=2 stages=0
[cambium-host] frame total=116389us hook=175us relayout=1041us layout-update=703us tick=0us apply=0us layout-rebuild=0us style-resolve=0us layout-text=0us content-extent=0us mutations=0 layout-rebuilt=false leaf-boxes=306us leaf-render=28us leaf-repaints=1 fragments=27us emit=10675us raster=84124us acquire=123us clear=359us compose=618us capture=0us present=114us a11y=18870us raster-inner=83078us invalidate=2756us rebuild=59114us master=1409us vello=19370us dirty-tiles=247 producer=3us staging=0us producer-calls=2 stages=0
2026-10-10T10:05:31.503689Z  WARN swarm_discovery::socket: error sending mDNS: No route to host (os error 65)
2026-10-10T10:05:31.555305Z  WARN swarm_discovery::socket: error sending mDNS: No route to host (os error 65)
[cambium-host] frame total=397812us hook=178us relayout=273895us layout-update=273606us tick=0us apply=0us layout-rebuild=273493us style-resolve=32549us layout-text=238160us content-extent=384us mutations=21 layout-rebuilt=true leaf-boxes=257us leaf-render=27us leaf-repaints=1 fragments=33us emit=10319us raster=92287us acquire=121us clear=356us compose=685us capture=0us present=113us a11y=19561us raster-inner=91220us invalidate=2775us rebuild=60521us master=1418us vello=25115us dirty-tiles=247 producer=3us staging=0us producer-calls=2 stages=0
[cambium-host] frame total=111535us hook=175us relayout=1063us layout-update=729us tick=0us apply=0us layout-rebuild=0us style-resolve=0us layout-text=0us content-extent=0us mutations=0 layout-rebuilt=false leaf-boxes=306us leaf-render=24us leaf-repaints=1 fragments=27us emit=10530us raster=78387us acquire=128us clear=384us compose=648us capture=0us present=142us a11y=19783us raster-inner=77460us invalidate=2735us rebuild=46424us master=2551us vello=24301us dirty-tiles=190 producer=3us staging=0us producer-calls=2 stages=0
[cambium-host] frame total=64138us hook=176us relayout=1108us layout-update=769us tick=0us apply=0us layout-rebuild=0us style-resolve=0us layout-text=0us content-extent=0us mutations=0 layout-rebuilt=false leaf-boxes=312us leaf-render=23us leaf-repaints=1 fragments=29us emit=10901us raster=31097us acquire=121us clear=350us compose=607us capture=0us present=113us a11y=19259us raster-inner=30111us invalidate=2641us rebuild=338us master=1336us vello=24362us dirty-tiles=1 producer=3us staging=0us producer-calls=2 stages=0
2026-10-10T10:05:32.296985Z  WARN swarm_discovery::socket: error sending mDNS: No route to host (os error 65)
2026-10-10T10:05:32.339347Z  WARN swarm_discovery::socket: error sending mDNS: No route to host (os error 65)
[cambium-host] frame total=371843us hook=178us relayout=298143us layout-update=297810us tick=0us apply=0us layout-rebuild=296912us style-resolve=37500us layout-text=256772us content-extent=450us mutations=2 layout-rebuilt=true leaf-boxes=301us leaf-render=26us leaf-repaints=1 fragments=32us emit=10754us raster=40998us acquire=127us clear=372us compose=636us capture=0us present=113us a11y=19888us raster-inner=40007us invalidate=2737us rebuild=4940us master=1771us vello=29815us dirty-tiles=19 producer=3us staging=0us producer-calls=2 stages=0
[cambium-host] frame total=156673us hook=243us relayout=1705us layout-update=1219us tick=0us apply=0us layout-rebuild=0us style-resolve=0us layout-text=0us content-extent=0us mutations=0 layout-rebuilt=false leaf-boxes=444us leaf-render=36us leaf-repaints=1 fragments=45us emit=13271us raster=115566us acquire=143us clear=503us compose=724us capture=0us present=113us a11y=23418us raster-inner=113586us invalidate=3307us rebuild=60687us master=3690us vello=43612us dirty-tiles=177 producer=4us staging=0us producer-calls=2 stages=0
2026-10-10T10:05:33.051578Z  WARN swarm_discovery::socket: error sending mDNS: No route to host (os error 65)
2026-10-10T10:05:33.074925Z  WARN swarm_discovery::socket: error sending mDNS: No route to host (os error 65)
[turnstone-registration-probe] source generation=3 scene={"errors":[],"glyph_runs":13,"logical_size":[831,328],"ops":24,"revision":4}
[cambium-host] frame total=594987us hook=107us relayout=305589us layout-update=305212us tick=0us apply=0us layout-rebuild=305107us style-resolve=33352us layout-text=268970us content-extent=699us mutations=348 layout-rebuilt=true leaf-boxes=334us leaf-render=30us leaf-repaints=1 fragments=42us emit=11321us raster=101642us acquire=126us clear=361us compose=661us capture=0us present=115us a11y=19737us raster-inner=100129us invalidate=3058us rebuild=64155us master=1735us vello=30701us dirty-tiles=247 producer=150430us staging=1483us producer-calls=2 stages=2
[cambium-host] frame total=73035us hook=105us relayout=516us layout-update=104us tick=0us apply=0us layout-rebuild=0us style-resolve=0us layout-text=0us content-extent=0us mutations=0 layout-rebuilt=false leaf-boxes=384us leaf-render=23us leaf-repaints=1 fragments=31us emit=11992us raster=39058us acquire=126us clear=365us compose=615us capture=0us present=114us a11y=19818us raster-inner=37874us invalidate=2898us rebuild=89us master=1626us vello=32730us dirty-tiles=0 producer=3us staging=0us producer-calls=2 stages=0
[cambium-host] frame total=73463us hook=109us relayout=504us layout-update=106us tick=0us apply=0us layout-rebuild=0us style-resolve=0us layout-text=0us content-extent=0us mutations=0 layout-rebuilt=false leaf-boxes=371us leaf-render=23us leaf-repaints=1 fragments=31us emit=12052us raster=38822us acquire=147us clear=443us compose=700us capture=0us present=119us a11y=20231us raster-inner=37044us invalidate=2989us rebuild=87us master=1577us vello=31894us dirty-tiles=0 producer=3us staging=0us producer-calls=2 stages=0
2026-10-10T10:05:33.816312Z  WARN swarm_discovery::socket: error sending mDNS: No route to host (os error 65)
2026-10-10T10:05:33.856501Z  WARN swarm_discovery::socket: error sending mDNS: No route to host (os error 65)
[cambium-host] frame total=73945us hook=104us relayout=496us layout-update=101us tick=0us apply=0us layout-rebuild=0us style-resolve=0us layout-text=0us content-extent=0us mutations=0 layout-rebuilt=false leaf-boxes=369us leaf-render=22us leaf-repaints=1 fragments=28us emit=11145us raster=40771us acquire=126us clear=380us compose=630us capture=0us present=106us a11y=19890us raster-inner=39488us invalidate=2710us rebuild=79us master=1442us vello=33818us dirty-tiles=0 producer=2us staging=0us producer-calls=2 stages=0
[cambium-host] frame total=72875us hook=102us relayout=481us layout-update=97us tick=0us apply=0us layout-rebuild=0us style-resolve=0us layout-text=0us content-extent=0us mutations=0 layout-rebuilt=false leaf-boxes=359us leaf-render=20us leaf-repaints=1 fragments=25us emit=12127us raster=38312us acquire=122us clear=351us compose=599us capture=0us present=106us a11y=20382us raster-inner=36585us invalidate=2765us rebuild=79us master=1581us vello=31677us dirty-tiles=0 producer=3us staging=0us producer-calls=2 stages=0
[cambium-host] frame total=71519us hook=104us relayout=498us layout-update=100us tick=0us apply=0us layout-rebuild=0us style-resolve=0us layout-text=0us content-extent=0us mutations=0 layout-rebuilt=false leaf-boxes=370us leaf-render=23us leaf-repaints=1 fragments=28us emit=11274us raster=37826us acquire=124us clear=355us compose=652us capture=0us present=123us a11y=20262us raster-inner=36339us invalidate=2817us rebuild=83us master=1526us vello=31363us dirty-tiles=0 producer=3us staging=0us producer-calls=2 stages=0
[cambium-host] frame total=74170us hook=107us relayout=494us layout-update=100us tick=0us apply=0us layout-rebuild=0us style-resolve=0us layout-text=0us content-extent=0us mutations=0 layout-rebuilt=false leaf-boxes=367us leaf-render=24us leaf-repaints=1 fragments=29us emit=11280us raster=41253us acquire=130us clear=368us compose=628us capture=0us present=117us a11y=19492us raster-inner=39704us invalidate=2878us rebuild=84us master=2017us vello=34190us dirty-tiles=0 producer=3us staging=0us producer-calls=2 stages=0
[cambium-host] frame total=72340us hook=107us relayout=537us layout-update=105us tick=0us apply=0us layout-rebuild=0us style-resolve=0us layout-text=0us content-extent=0us mutations=0 layout-rebuilt=false leaf-boxes=402us leaf-render=25us leaf-repaints=1 fragments=29us emit=11557us raster=38477us acquire=152us clear=443us compose=748us capture=0us present=160us a11y=19843us raster-inner=37224us invalidate=2855us rebuild=85us master=1482us vello=32320us dirty-tiles=0 producer=3us staging=0us producer-calls=2 stages=0
[cambium-host] frame total=74008us hook=106us relayout=501us layout-update=101us tick=0us apply=0us layout-rebuild=0us style-resolve=0us layout-text=0us content-extent=0us mutations=0 layout-rebuilt=false leaf-boxes=373us leaf-render=23us leaf-repaints=1 fragments=30us emit=11169us raster=40851us acquire=135us clear=398us compose=650us capture=0us present=108us a11y=19787us raster-inner=39032us invalidate=2850us rebuild=84us master=1445us vello=34126us dirty-tiles=0 producer=2us staging=0us producer-calls=2 stages=0
[cambium-host] frame total=70875us hook=106us relayout=502us layout-update=104us tick=0us apply=0us layout-rebuild=0us style-resolve=0us layout-text=0us content-extent=0us mutations=0 layout-rebuilt=false leaf-boxes=371us leaf-render=23us leaf-repaints=1 fragments=30us emit=10890us raster=37241us acquire=130us clear=371us compose=619us capture=0us present=112us a11y=20601us raster-inner=35381us invalidate=2852us rebuild=84us master=1301us vello=30670us dirty-tiles=0 producer=3us staging=0us producer-calls=2 stages=0
2026-10-10T10:05:34.617640Z  WARN swarm_discovery::socket: error sending mDNS: No route to host (os error 65)
[cambium-host] frame total=72651us hook=105us relayout=489us layout-update=100us tick=0us apply=0us layout-rebuild=0us style-resolve=0us layout-text=0us content-extent=0us mutations=0 layout-rebuilt=false leaf-boxes=363us leaf-render=22us leaf-repaints=1 fragments=27us emit=10864us raster=39882us acquire=132us clear=419us compose=659us capture=0us present=118us a11y=19684us raster-inner=38136us invalidate=2674us rebuild=82us master=1481us vello=33221us dirty-tiles=0 producer=3us staging=0us producer-calls=2 stages=0
2026-10-10T10:05:34.652014Z  WARN swarm_discovery::socket: error sending mDNS: No route to host (os error 65)
[cambium-host] frame total=232525us hook=104us relayout=496us layout-update=100us tick=0us apply=0us layout-rebuild=0us style-resolve=0us layout-text=0us content-extent=0us mutations=0 layout-rebuilt=false leaf-boxes=369us leaf-render=23us leaf-repaints=1 fragments=26us emit=11679us raster=37958us acquire=125us clear=358us compose=666us capture=161259us present=137us a11y=19447us raster-inner=36411us invalidate=2919us rebuild=89us master=1567us vello=31308us dirty-tiles=0 producer=2us staging=0us producer-calls=2 stages=0
2026-10-10T10:05:35.397518Z  WARN swarm_discovery::socket: error sending mDNS: No route to host (os error 65)
[turnstone-registration-probe] mapped:{"copies":[{"arm_to_map_ms":526,"byte_count":4361088,"height":656,"label":"original-registration","raw_path":"/Users/markik/Code/tabard-app-receipts/2026-10-10/turnstone/native-10/registration-diagnostic/original-registration.rgba","width":1662},{"arm_to_map_ms":523,"byte_count":4361088,"height":656,"label":"new-stage","raw_path":"/Users/markik/Code/tabard-app-receipts/2026-10-10/turnstone/native-10/registration-diagnostic/new-stage.rgba","width":1662},{"arm_to_map_ms":518,"byte_count":4361088,"height":656,"label":"direct-registration","raw_path":"/Users/markik/Code/tabard-app-receipts/2026-10-10/turnstone/native-10/registration-diagnostic/direct-registration.rgba","width":1662},{"arm_to_map_ms":515,"byte_count":4361088,"height":656,"label":"original-after-new","raw_path":"/Users/markik/Code/tabard-app-receipts/2026-10-10/turnstone/native-10/registration-diagnostic/original-after-new.rgba","width":1662},{"arm_to_map_ms":512,"byte_count":4361088,"height":656,"label":"actual-source","raw_path":"/Users/markik/Code/tabard-app-receipts/2026-10-10/turnstone/native-10/registration-diagnostic/actual-source.rgba","width":1662}],"image_keys":{"new_direct":"0xc000000074617002","new_stage":"0xc000000074617001","original":"0xc000000074616263"},"live_registrations":{"after_direct":4,"after_old_again":4,"after_original":2,"after_stage":3,"before":2},"mode":"dark","new_stage_effect":"new image identity deliberately causes renderer normal cache invalidation; original sampler and child copy precede it","order":"original child capture FIRST; sample original image; stage source under newkey and sample; direct insert source under anothernewkey and sample; sample original image again after both new registrations; then arm5copies; collectall before rawwrites","original_child":{"height":1600,"kind":"legacy","scale":"assumed2,requirewide2360","width":2360},"original_registry_image":"never restaged/unregistered by diagnostic","probe_raster_base":"0x7461620072670001","producer_wrapper":"one initial registry replacement; same actual source Rc; original SceneProducer delegated; no source copies during producer render","source_alpha":"Straight","source_encoding":"Srgb","source_format":"Rgba8Unorm","source_generation":3,"source_scene":{"errors":[],"glyph_runs":13,"logical_size":[831,328],"ops":24,"revision":4},"source_usage":"TextureUsages(COPY_SRC | TEXTURE_BINDING | STORAGE_BINDING | RENDER_ATTACHMENT)"}
2026-10-10T10:05:35.421893Z  WARN swarm_discovery::socket: error sending mDNS: No route to host (os error 65)
[turnstone-registration-probe] source generation=4 scene={"errors":[],"glyph_runs":13,"logical_size":[598,328],"ops":24,"revision":4}
[cambium-host] frame total=587785us hook=106us relayout=393194us layout-update=392846us tick=0us apply=0us layout-rebuild=392739us style-resolve=35534us layout-text=274506us content-extent=394us mutations=0 layout-rebuilt=true leaf-boxes=313us leaf-render=29us leaf-repaints=1 fragments=49us emit=11336us raster=52489us acquire=518us clear=353us compose=672us capture=0us present=108us a11y=19294us raster-inner=51874us invalidate=1811us rebuild=30913us master=870us vello=17619us dirty-tiles=130 producer=107565us staging=1360us producer-calls=2 stages=2
[cambium-host] frame total=52571us hook=106us relayout=496us layout-update=103us tick=0us apply=0us layout-rebuild=0us style-resolve=0us layout-text=0us content-extent=0us mutations=0 layout-rebuilt=false leaf-boxes=365us leaf-render=24us leaf-repaints=1 fragments=29us emit=11059us raster=19666us acquire=556us clear=376us compose=640us capture=0us present=110us a11y=19271us raster-inner=17585us invalidate=1815us rebuild=42us master=883us vello=14676us dirty-tiles=0 producer=2us staging=0us producer-calls=2 stages=0
2026-10-10T10:05:36.154498Z  WARN swarm_discovery::socket: error sending mDNS: No route to host (os error 65)
2026-10-10T10:05:36.197875Z  WARN swarm_discovery::socket: error sending mDNS: No route to host (os error 65)
[cambium-host] frame total=51722us hook=106us relayout=496us layout-update=108us tick=0us apply=0us layout-rebuild=0us style-resolve=0us layout-text=0us content-extent=0us mutations=0 layout-rebuilt=false leaf-boxes=361us leaf-render=23us leaf-repaints=1 fragments=26us emit=10621us raster=19958us acquire=118us clear=393us compose=628us capture=0us present=108us a11y=18994us raster-inner=17440us invalidate=1680us rebuild=41us master=686us vello=14762us dirty-tiles=0 producer=3us staging=0us producer-calls=2 stages=0
[cambium-host] frame total=52796us hook=105us relayout=486us layout-update=101us tick=0us apply=0us layout-rebuild=0us style-resolve=0us layout-text=0us content-extent=0us mutations=0 layout-rebuilt=false leaf-boxes=359us leaf-render=22us leaf-repaints=1 fragments=26us emit=10770us raster=20695us acquire=125us clear=370us compose=610us capture=0us present=123us a11y=19217us raster-inner=18077us invalidate=1795us rebuild=42us master=684us vello=15346us dirty-tiles=0 producer=3us staging=0us producer-calls=2 stages=0
[cambium-host] frame total=51652us hook=106us relayout=485us layout-update=102us tick=0us apply=0us layout-rebuild=0us style-resolve=0us layout-text=0us content-extent=0us mutations=0 layout-rebuilt=false leaf-boxes=358us leaf-render=21us leaf-repaints=1 fragments=26us emit=10670us raster=19718us acquire=117us clear=359us compose=607us capture=0us present=127us a11y=19172us raster-inner=19023us invalidate=1681us rebuild=42us master=1029us vello=15537us dirty-tiles=0 producer=3us staging=0us producer-calls=2 stages=0
[cambium-host] frame total=52870us hook=103us relayout=487us layout-update=100us tick=0us apply=0us layout-rebuild=0us style-resolve=0us layout-text=0us content-extent=0us mutations=0 layout-rebuilt=false leaf-boxes=361us leaf-render=22us leaf-repaints=1 fragments=24us emit=10704us raster=20584us acquire=125us clear=361us compose=627us capture=0us present=115us a11y=19473us raster-inner=18085us invalidate=1759us rebuild=43us master=698us vello=15375us dirty-tiles=0 producer=3us staging=0us producer-calls=2 stages=0
[cambium-host] frame total=92241us hook=103us relayout=1495us layout-update=1169us tick=0us apply=0us layout-rebuild=0us style-resolve=0us layout-text=0us content-extent=0us mutations=0 layout-rebuilt=false leaf-boxes=299us leaf-render=23us leaf-repaints=1 fragments=26us emit=11862us raster=57855us acquire=128us clear=384us compose=634us capture=0us present=110us a11y=19378us raster-inner=55697us invalidate=1812us rebuild=34369us master=851us vello=18483us dirty-tiles=130 producer=2us staging=0us producer-calls=2 stages=0
[cambium-host] frame total=52587us hook=107us relayout=490us layout-update=100us tick=0us apply=0us layout-rebuild=0us style-resolve=0us layout-text=0us content-extent=0us mutations=0 layout-rebuilt=false leaf-boxes=365us leaf-render=22us leaf-repaints=1 fragments=26us emit=11239us raster=20091us acquire=118us clear=346us compose=603us capture=0us present=119us a11y=19180us raster-inner=18947us invalidate=1711us rebuild=42us master=691us vello=16275us dirty-tiles=0 producer=3us staging=0us producer-calls=2 stages=0
[cambium-host] frame total=52866us hook=105us relayout=486us layout-update=99us tick=0us apply=0us layout-rebuild=0us style-resolve=0us layout-text=0us content-extent=0us mutations=0 layout-rebuilt=false leaf-boxes=363us leaf-render=21us leaf-repaints=1 fragments=25us emit=10528us raster=21091us acquire=117us clear=364us compose=599us capture=0us present=105us a11y=19178us raster-inner=19113us invalidate=1686us rebuild=42us master=796us vello=16404us dirty-tiles=0 producer=3us staging=0us producer-calls=2 stages=0
[cambium-host] frame total=53764us hook=104us relayout=492us layout-update=99us tick=0us apply=0us layout-rebuild=0us style-resolve=0us layout-text=0us content-extent=0us mutations=0 layout-rebuilt=false leaf-boxes=368us leaf-render=21us leaf-repaints=1 fragments=25us emit=10827us raster=21646us acquire=121us clear=360us compose=620us capture=0us present=114us a11y=19187us raster-inner=19135us invalidate=1727us rebuild=42us master=709us vello=16428us dirty-tiles=0 producer=3us staging=0us producer-calls=2 stages=0
[cambium-host] frame total=53511us hook=105us relayout=495us layout-update=101us tick=0us apply=0us layout-rebuild=0us style-resolve=0us layout-text=0us content-extent=0us mutations=0 layout-rebuilt=false leaf-boxes=369us leaf-render=22us leaf-repaints=1 fragments=25us emit=10623us raster=21664us acquire=125us clear=373us compose=610us capture=0us present=110us a11y=19108us raster-inner=19161us invalidate=1709us rebuild=42us master=784us vello=16343us dirty-tiles=0 producer=2us staging=0us producer-calls=2 stages=0
2026-10-10T10:05:36.943943Z  WARN swarm_discovery::socket: error sending mDNS: No route to host (os error 65)
2026-10-10T10:05:36.959226Z  WARN swarm_discovery::socket: error sending mDNS: No route to host (os error 65)
[cambium-host] frame total=51638us hook=105us relayout=485us layout-update=100us tick=0us apply=0us layout-rebuild=0us style-resolve=0us layout-text=0us content-extent=0us mutations=0 layout-rebuilt=false leaf-boxes=359us leaf-render=22us leaf-repaints=1 fragments=26us emit=10623us raster=19838us acquire=115us clear=364us compose=596us capture=0us present=110us a11y=19110us raster-inner=18848us invalidate=1704us rebuild=43us master=630us vello=16227us dirty-tiles=0 producer=3us staging=0us producer-calls=2 stages=0
[cambium-host] frame total=181106us hook=103us relayout=488us layout-update=101us tick=0us apply=0us layout-rebuild=0us style-resolve=0us layout-text=0us content-extent=0us mutations=0 layout-rebuilt=false leaf-boxes=361us leaf-render=22us leaf-repaints=1 fragments=25us emit=11125us raster=20423us acquire=118us clear=373us compose=615us capture=128621us present=117us a11y=18832us raster-inner=19649us invalidate=1687us rebuild=44us master=750us vello=16898us dirty-tiles=0 producer=3us staging=0us producer-calls=2 stages=0
2026-10-10T10:05:37.691358Z  WARN swarm_discovery::socket: error sending mDNS: No route to host (os error 65)
2026-10-10T10:05:37.698921Z  WARN swarm_discovery::socket: error sending mDNS: No route to host (os error 65)
[cambium-host] frame total=305286us hook=108us relayout=220024us layout-update=219717us tick=0us apply=0us layout-rebuild=219599us style-resolve=36270us layout-text=180539us content-extent=431us mutations=6 layout-rebuilt=true leaf-boxes=274us leaf-render=29us leaf-repaints=1 fragments=35us emit=10454us raster=53019us acquire=122us clear=365us compose=638us capture=0us present=106us a11y=20138us raster-inner=51436us invalidate=1754us rebuild=35276us master=892us vello=13271us dirty-tiles=130 producer=3us staging=0us producer-calls=2 stages=0
[cambium-host] frame total=50102us hook=103us relayout=496us layout-update=109us tick=0us apply=0us layout-rebuild=0us style-resolve=0us layout-text=0us content-extent=0us mutations=0 layout-rebuilt=false leaf-boxes=360us leaf-render=22us leaf-repaints=1 fragments=27us emit=10633us raster=17996us acquire=125us clear=363us compose=691us capture=0us present=141us a11y=19253us raster-inner=15868us invalidate=1803us rebuild=45us master=886us vello=12898us dirty-tiles=0 producer=3us staging=0us producer-calls=2 stages=0
[cambium-host] frame total=50976us hook=107us relayout=517us layout-update=122us tick=0us apply=0us layout-rebuild=0us style-resolve=0us layout-text=0us content-extent=0us mutations=0 layout-rebuilt=false leaf-boxes=367us leaf-render=24us leaf-repaints=1 fragments=30us emit=11940us raster=16957us acquire=118us clear=365us compose=658us capture=0us present=133us a11y=19760us raster-inner=15992us invalidate=1702us rebuild=43us master=956us vello=13093us dirty-tiles=0 producer=8us staging=0us producer-calls=2 stages=0
[cambium-host] frame total=49885us hook=103us relayout=497us layout-update=112us tick=0us apply=0us layout-rebuild=0us style-resolve=0us layout-text=0us content-extent=0us mutations=0 layout-rebuilt=false leaf-boxes=358us leaf-render=22us leaf-repaints=1 fragments=32us emit=10902us raster=17792us acquire=148us clear=362us compose=600us capture=0us present=110us a11y=19065us raster-inner=16031us invalidate=1821us rebuild=46us master=920us vello=13006us dirty-tiles=0 producer=3us staging=0us producer-calls=2 stages=0
[cambium-host] frame total=48880us hook=104us relayout=494us layout-update=111us tick=0us apply=0us layout-rebuild=0us style-resolve=0us layout-text=0us content-extent=0us mutations=0 layout-rebuilt=false leaf-boxes=356us leaf-render=23us leaf-repaints=1 fragments=27us emit=11389us raster=16171us acquire=113us clear=368us compose=593us capture=0us present=110us a11y=19241us raster-inner=15467us invalidate=1745us rebuild=44us master=718us vello=12710us dirty-tiles=0 producer=3us staging=0us producer-calls=2 stages=0
[cambium-host] frame total=49189us hook=105us relayout=506us layout-update=113us tick=0us apply=0us layout-rebuild=0us style-resolve=0us layout-text=0us content-extent=0us mutations=0 layout-rebuilt=false leaf-boxes=362us leaf-render=27us leaf-repaints=1 fragments=29us emit=11584us raster=16305us acquire=114us clear=349us compose=588us capture=0us present=106us a11y=19230us raster-inner=15573us invalidate=1692us rebuild=42us master=694us vello=12921us dirty-tiles=0 producer=2us staging=0us producer-calls=2 stages=0
[cambium-host] frame total=50235us hook=108us relayout=512us layout-update=113us tick=0us apply=0us layout-rebuild=0us style-resolve=0us layout-text=0us content-extent=0us mutations=0 layout-rebuilt=false leaf-boxes=373us leaf-render=23us leaf-repaints=1 fragments=26us emit=11157us raster=17224us acquire=121us clear=466us compose=653us capture=0us present=143us a11y=19545us raster-inner=15540us invalidate=1759us rebuild=44us master=986us vello=12580us dirty-tiles=0 producer=3us staging=0us producer-calls=2 stages=0
2026-10-10T10:05:38.447595Z  WARN swarm_discovery::socket: error sending mDNS: No route to host (os error 65)
[cambium-host] frame total=50794us hook=103us relayout=497us layout-update=108us tick=0us apply=0us layout-rebuild=0us style-resolve=0us layout-text=0us content-extent=0us mutations=0 layout-rebuilt=false leaf-boxes=364us leaf-render=22us leaf-repaints=1 fragments=26us emit=11804us raster=17087us acquire=119us clear=362us compose=737us capture=0us present=134us a11y=19652us raster-inner=16378us invalidate=1849us rebuild=46us master=948us vello=13303us dirty-tiles=0 producer=3us staging=0us producer-calls=2 stages=0
turnstone-theme: captured workshop_authored
turnstone-theme: captured workshop_narrow
turnstone-theme: RESULT ok (51 frames, 2 captures)
2026-10-10T10:05:38.497927Z  WARN swarm_discovery::socket: error sending mDNS: No route to host (os error 65)
2026-10-10T10:05:38.970236Z  INFO turnstone::shell::render: capture state open=false text= suggestions=0 surfaces=3 chrome=false nodes=12
2026-10-10T10:05:39.269425Z  WARN swarm_discovery::socket: error sending mDNS: No route to host (os error 65)
2026-10-10T10:05:39.285516Z  WARN swarm_discovery::socket: error sending mDNS: No route to host (os error 65)
2026-10-10T10:05:40.045969Z  WARN swarm_discovery::socket: error sending mDNS: No route to host (os error 65)
2026-10-10T10:05:40.090321Z  WARN swarm_discovery::socket: error sending mDNS: No route to host (os error 65)
2026-10-10T10:05:40.581332Z  INFO turnstone::shell::render: capture state open=false text= suggestions=0 surfaces=3 chrome=false nodes=12
2026-10-10T10:05:40.853906Z  WARN swarm_discovery::socket: error sending mDNS: No route to host (os error 65)
2026-10-10T10:05:40.899125Z  WARN swarm_discovery::socket: error sending mDNS: No route to host (os error 65)
2026-10-10T10:05:41.639053Z  WARN swarm_discovery::socket: error sending mDNS: No route to host (os error 65)
2026-10-10T10:05:41.656382Z  WARN swarm_discovery::socket: error sending mDNS: No route to host (os error 65)
2026-10-10T10:05:41.717549Z  INFO turnstone::shell::render: capture state open=false text= suggestions=0 surfaces=3 chrome=false nodes=12
2026-10-10T10:05:42.363190Z  WARN swarm_discovery::socket: error sending mDNS: No route to host (os error 65)
2026-10-10T10:05:42.411059Z  WARN swarm_discovery::socket: error sending mDNS: No route to host (os error 65)
2026-10-10T10:05:42.705807Z  INFO turnstone::shell::render: capture state open=false text= suggestions=0 surfaces=3 chrome=false nodes=12
2026-10-10T10:05:43.172217Z  WARN swarm_discovery::socket: error sending mDNS: No route to host (os error 65)
2026-10-10T10:05:43.187602Z  WARN swarm_discovery::socket: error sending mDNS: No route to host (os error 65)
2026-10-10T10:05:43.683970Z  INFO turnstone::shell::render: capture state open=false text= suggestions=0 surfaces=3 chrome=false nodes=12
2026-10-10T10:05:43.926654Z  WARN swarm_discovery::socket: error sending mDNS: No route to host (os error 65)
2026-10-10T10:05:43.967097Z  WARN swarm_discovery::socket: error sending mDNS: No route to host (os error 65)
2026-10-10T10:05:44.672245Z  WARN swarm_discovery::socket: error sending mDNS: No route to host (os error 65)
2026-10-10T10:05:44.687579Z  WARN swarm_discovery::socket: error sending mDNS: No route to host (os error 65)
2026-10-10T10:05:45.053395Z  INFO turnstone::shell::render: capture state open=false text= suggestions=0 surfaces=3 chrome=false nodes=12
2026-10-10T10:05:45.420211Z  WARN swarm_discovery::socket: error sending mDNS: No route to host (os error 65)
2026-10-10T10:05:45.454600Z  WARN swarm_discovery::socket: error sending mDNS: No route to host (os error 65)
2026-10-10T10:05:45.514503Z  INFO actor{actor="actor"}: armillary: actor finished actor="actor" lifetime_ms=21444
2026-10-10T10:05:45.516874Z  INFO actor{actor="actor"}: armillary: actor finished actor="actor" lifetime_ms=23808
2026-10-10T10:05:45.564602Z  INFO actor{actor="download-custody"}: armillary: actor finished actor="download-custody" lifetime_ms=23856
2026-10-10T10:05:45.564631Z  INFO actor{actor="trail-memory"}: armillary: actor finished actor="trail-memory" lifetime_ms=23856
2026-10-10T10:05:45.564872Z  INFO actor{actor="turnstone-place"}: armillary: actor finished actor="turnstone-place" lifetime_ms=23856
2026-10-10T10:05:45.565647Z  INFO actor{actor="actor"}: armillary: actor finished actor="actor" lifetime_ms=24028
2026-10-10T10:05:45.565737Z  INFO actor{actor="actor"}: armillary: actor finished actor="actor" lifetime_ms=24028
