2026-10-10T09:06:34.473065Z  INFO turnstone::launch: turnstone starting
2026-10-10T09:06:34.544856Z  WARN turnstone::identity: personae vault unavailable; falling back to the unsealed profile seed err=identity backend error: no OS auto-unlock backend on this platform yet; set PERSONAE_PASSPHRASE to use the portable passphrase vault instead
2026-10-10T09:06:34.790688Z  INFO turnstone::app::session_lifecycle: no session graph; starting on the sample graph
2026-10-10T09:06:36.014597Z  INFO actor{actor="actor"}: armillary: actor started actor="actor"
2026-10-10T09:06:36.014600Z  INFO actor{actor="actor"}: armillary: actor started actor="actor"
2026-10-10T09:06:36.014875Z  INFO fjall::keyspace: Opening keyspace at "/Users/markik/Code/tabard-app-receipts/2026-10-10/turnstone/native-06/turnstone-profile/cookies"
2026-10-10T09:06:36.247748Z  INFO actor{actor="actor"}: armillary: actor started actor="actor"
2026-10-10T09:06:36.247935Z  INFO actor{actor="download-custody"}: armillary: actor started actor="download-custody"
2026-10-10T09:06:36.247954Z  INFO actor{actor="recycle-bin"}: armillary: actor started actor="recycle-bin"
2026-10-10T09:06:36.248038Z  INFO actor{actor="trail-memory"}: armillary: actor started actor="trail-memory"
2026-10-10T09:06:36.248116Z  INFO actor{actor="turnstone-place"}: armillary: actor started actor="turnstone-place"
2026-10-10T09:06:36.248319Z  INFO actor{actor="trail-memory"}: fjall::keyspace: Opening keyspace at "/Users/markik/Code/tabard-app-receipts/2026-10-10/turnstone/native-06/turnstone-profile/sessions/d36138f6-8867-48db-8b5e-c4c83c62a152/memory"
2026-10-10T09:06:36.248350Z  INFO actor{actor="recycle-bin"}: fjall::keyspace: Opening keyspace at "/Users/markik/Code/tabard-app-receipts/2026-10-10/turnstone/native-06/turnstone-profile/sessions/d36138f6-8867-48db-8b5e-c4c83c62a152/bin"
2026-10-10T09:06:36.273363Z  INFO swarm_discovery::sender: no addresses for peer, not announcing
2026-10-10T09:06:36.288964Z  INFO swarm_discovery::sender: no addresses for peer, not announcing
2026-10-10T09:06:36.377568Z  INFO turnstone::shell::a11y_bridge: a11y_bridge: installed
2026-10-10T09:06:36.678259Z  INFO vello::wgpu_engine: Initialising shader modules in parallel using 14 threads
2026-10-10T09:06:37.020604Z  WARN swarm_discovery::socket: error sending mDNS: No route to host (os error 65)
2026-10-10T09:06:37.064954Z  WARN swarm_discovery::socket: error sending mDNS: No route to host (os error 65)
2026-10-10T09:06:37.807454Z  WARN swarm_discovery::socket: error sending mDNS: No route to host (os error 65)
2026-10-10T09:06:37.824196Z  WARN swarm_discovery::socket: error sending mDNS: No route to host (os error 65)
2026-10-10T09:06:38.474462Z  INFO actor{actor="actor"}: armillary: actor started actor="actor"
2026-10-10T09:06:38.528695Z  WARN swarm_discovery::socket: error sending mDNS: No route to host (os error 65)
2026-10-10T09:06:38.550058Z  WARN swarm_discovery::socket: error sending mDNS: No route to host (os error 65)
2026-10-10T09:06:39.258473Z  WARN swarm_discovery::socket: error sending mDNS: No route to host (os error 65)
2026-10-10T09:06:39.263820Z  WARN swarm_discovery::socket: error sending mDNS: No route to host (os error 65)
[genet-render-host] surface acquire skipped: Occluded
[genet-render-host] surface acquire skipped: Occluded
[genet-render-host] surface acquire skipped: Occluded
2026-10-10T09:06:40.017543Z  WARN swarm_discovery::socket: error sending mDNS: No route to host (os error 65)
2026-10-10T09:06:40.060063Z  WARN swarm_discovery::socket: error sending mDNS: No route to host (os error 65)
2026-10-10T09:06:40.787201Z  WARN swarm_discovery::socket: error sending mDNS: No route to host (os error 65)
2026-10-10T09:06:40.829032Z  WARN swarm_discovery::socket: error sending mDNS: No route to host (os error 65)
2026-10-10T09:06:41.039078Z  INFO turnstone::shell::render: capture state open=false text= suggestions=0 surfaces=3 chrome=false nodes=12
2026-10-10T09:06:41.592502Z  WARN swarm_discovery::socket: error sending mDNS: No route to host (os error 65)
2026-10-10T09:06:41.643857Z  WARN swarm_discovery::socket: error sending mDNS: No route to host (os error 65)
2026-10-10T09:06:42.367015Z  WARN swarm_discovery::socket: error sending mDNS: No route to host (os error 65)
2026-10-10T09:06:42.416397Z  WARN swarm_discovery::socket: error sending mDNS: No route to host (os error 65)
[genet-render-host] surface acquire skipped: Occluded
[cambium-winit] accessibility Installed, 195 nodes projected
[genet-render-host] surface acquire skipped: Occluded
[cambium-host] frame total=59739us hook=153us relayout=487us layout-update=108us tick=0us apply=0us layout-rebuild=0us style-resolve=0us layout-text=0us content-extent=0us mutations=0 layout-rebuilt=false leaf-boxes=350us leaf-render=25us leaf-repaints=1 fragments=33us emit=10910us raster=28630us acquire=106us clear=0us compose=0us capture=0us present=0us a11y=19152us raster-inner=27686us invalidate=2677us rebuild=80us master=2157us vello=21631us dirty-tiles=0 producer=4us staging=0us producer-calls=2 stages=0
[genet-render-host] surface acquire skipped: Occluded
[cambium-host] frame total=60587us hook=136us relayout=478us layout-update=102us tick=0us apply=0us layout-rebuild=0us style-resolve=0us layout-text=0us content-extent=0us mutations=0 layout-rebuilt=false leaf-boxes=349us leaf-render=23us leaf-repaints=1 fragments=27us emit=10893us raster=29826us acquire=97us clear=0us compose=0us capture=0us present=0us a11y=18884us raster-inner=29008us invalidate=2648us rebuild=82us master=2135us vello=22904us dirty-tiles=0 producer=2us staging=0us producer-calls=2 stages=0
[genet-render-host] surface acquire skipped: Occluded
[cambium-host] frame total=60351us hook=136us relayout=469us layout-update=100us tick=0us apply=0us layout-rebuild=0us style-resolve=0us layout-text=0us content-extent=0us mutations=0 layout-rebuilt=false leaf-boxes=342us leaf-render=22us leaf-repaints=1 fragments=26us emit=10874us raster=29560us acquire=96us clear=0us compose=0us capture=0us present=0us a11y=18952us raster-inner=28750us invalidate=2569us rebuild=77us master=2378us vello=22546us dirty-tiles=0 producer=2us staging=0us producer-calls=2 stages=0
2026-10-10T09:06:43.129818Z  WARN swarm_discovery::socket: error sending mDNS: No route to host (os error 65)
[cambium-host] frame total=62012us hook=140us relayout=567us layout-update=107us tick=0us apply=0us layout-rebuild=0us style-resolve=0us layout-text=0us content-extent=0us mutations=0 layout-rebuilt=false leaf-boxes=430us leaf-render=25us leaf-repaints=1 fragments=33us emit=10708us raster=29175us acquire=524us clear=355us compose=663us capture=0us present=118us a11y=19343us raster-inner=28363us invalidate=2469us rebuild=79us master=2060us vello=22667us dirty-tiles=0 producer=3us staging=0us producer-calls=2 stages=0
2026-10-10T09:06:43.168094Z  WARN swarm_discovery::socket: error sending mDNS: No route to host (os error 65)
[cambium-host] frame total=58841us hook=141us relayout=479us layout-update=103us tick=0us apply=0us layout-rebuild=0us style-resolve=0us layout-text=0us content-extent=0us mutations=0 layout-rebuilt=false leaf-boxes=350us leaf-render=22us leaf-repaints=1 fragments=27us emit=10787us raster=26466us acquire=507us clear=367us compose=644us capture=0us present=107us a11y=19050us raster-inner=25653us invalidate=2437us rebuild=76us master=1379us vello=21296us dirty-tiles=0 producer=2us staging=0us producer-calls=2 stages=0
[cambium-host] frame total=59093us hook=138us relayout=482us layout-update=104us tick=0us apply=0us layout-rebuild=0us style-resolve=0us layout-text=0us content-extent=0us mutations=0 layout-rebuilt=false leaf-boxes=352us leaf-render=22us leaf-repaints=1 fragments=26us emit=11044us raster=27082us acquire=124us clear=357us compose=619us capture=0us present=110us a11y=18849us raster-inner=26319us invalidate=2513us rebuild=77us master=1367us vello=21900us dirty-tiles=0 producer=2us staging=0us producer-calls=2 stages=0
[cambium-host] frame total=57768us hook=140us relayout=469us layout-update=102us tick=0us apply=0us layout-rebuild=0us style-resolve=0us layout-text=0us content-extent=0us mutations=0 layout-rebuilt=false leaf-boxes=342us leaf-render=21us leaf-repaints=1 fragments=24us emit=10736us raster=26132us acquire=121us clear=351us compose=604us capture=0us present=114us a11y=18818us raster-inner=25358us invalidate=2522us rebuild=81us master=1271us vello=21021us dirty-tiles=0 producer=1us staging=0us producer-calls=2 stages=0
[cambium-host] frame total=61251us hook=137us relayout=472us layout-update=102us tick=0us apply=0us layout-rebuild=0us style-resolve=0us layout-text=0us content-extent=0us mutations=0 layout-rebuilt=false leaf-boxes=343us leaf-render=22us leaf-repaints=1 fragments=26us emit=10734us raster=29545us acquire=120us clear=347us compose=592us capture=0us present=109us a11y=18914us raster-inner=28564us invalidate=2576us rebuild=94us master=2211us vello=22574us dirty-tiles=0 producer=2us staging=0us producer-calls=2 stages=0
[cambium-host] frame total=57952us hook=137us relayout=477us layout-update=101us tick=0us apply=0us layout-rebuild=0us style-resolve=0us layout-text=0us content-extent=0us mutations=0 layout-rebuilt=false leaf-boxes=350us leaf-render=22us leaf-repaints=1 fragments=27us emit=10632us raster=26502us acquire=125us clear=365us compose=610us capture=0us present=112us a11y=18705us raster-inner=25746us invalidate=2616us rebuild=78us master=1311us vello=21256us dirty-tiles=0 producer=1us staging=0us producer-calls=2 stages=0
[cambium-host] frame total=59549us hook=139us relayout=1142us layout-update=810us tick=0us apply=0us layout-rebuild=0us style-resolve=0us layout-text=0us content-extent=0us mutations=0 layout-rebuilt=false leaf-boxes=304us leaf-render=24us leaf-repaints=1 fragments=27us emit=10773us raster=27009us acquire=121us clear=352us compose=622us capture=0us present=108us a11y=18866us raster-inner=26256us invalidate=2464us rebuild=590us master=1271us vello=21454us dirty-tiles=2 producer=2us staging=0us producer-calls=2 stages=0
2026-10-10T09:06:43.882114Z  WARN swarm_discovery::socket: error sending mDNS: No route to host (os error 65)
2026-10-10T09:06:43.913526Z  WARN swarm_discovery::socket: error sending mDNS: No route to host (os error 65)
[cambium-host] frame total=310807us hook=138us relayout=250387us layout-update=250085us tick=0us apply=0us layout-rebuild=249367us style-resolve=31391us layout-text=216280us content-extent=413us mutations=3 layout-rebuilt=true leaf-boxes=262us leaf-render=36us leaf-repaints=1 fragments=31us emit=10791us raster=28777us acquire=123us clear=363us compose=627us capture=0us present=112us a11y=19046us raster-inner=27973us invalidate=2571us rebuild=2660us master=1451us vello=20909us dirty-tiles=11 producer=3us staging=0us producer-calls=2 stages=0
[cambium-host] frame total=61453us hook=136us relayout=1119us layout-update=786us tick=0us apply=0us layout-rebuild=0us style-resolve=0us layout-text=0us content-extent=0us mutations=0 layout-rebuilt=false leaf-boxes=306us leaf-render=23us leaf-repaints=1 fragments=26us emit=11310us raster=28649us acquire=117us clear=350us compose=605us capture=0us present=111us a11y=18641us raster-inner=27471us invalidate=2610us rebuild=1014us master=1513us vello=21928us dirty-tiles=4 producer=3us staging=0us producer-calls=2 stages=0
[cambium-host] frame total=312714us hook=138us relayout=253605us layout-update=253331us tick=0us apply=0us layout-rebuild=253197us style-resolve=31365us layout-text=219764us content-extent=361us mutations=2 layout-rebuilt=true leaf-boxes=244us leaf-render=25us leaf-repaints=1 fragments=32us emit=10844us raster=27427us acquire=123us clear=396us compose=639us capture=0us present=112us a11y=18978us raster-inner=26560us invalidate=2587us rebuild=1096us master=1403us vello=21080us dirty-tiles=4 producer=3us staging=0us producer-calls=2 stages=0
2026-10-10T09:06:44.654037Z  WARN swarm_discovery::socket: error sending mDNS: No route to host (os error 65)
2026-10-10T09:06:44.691976Z  WARN swarm_discovery::socket: error sending mDNS: No route to host (os error 65)
[cambium-host] frame total=589623us hook=139us relayout=255855us layout-update=255562us tick=0us apply=0us layout-rebuild=255443us style-resolve=32075us layout-text=221236us content-extent=413us mutations=19 layout-rebuilt=true leaf-boxes=258us leaf-render=26us leaf-repaints=1 fragments=43us emit=11479us raster=85906us acquire=124us clear=353us compose=741us capture=0us present=117us a11y=18913us raster-inner=85230us invalidate=2882us rebuild=56827us master=2518us vello=21826us dirty-tiles=247 producer=213908us staging=1649us producer-calls=2 stages=2
2026-10-10T09:06:45.411822Z  WARN swarm_discovery::socket: error sending mDNS: No route to host (os error 65)
2026-10-10T09:06:45.413149Z  WARN swarm_discovery::socket: error sending mDNS: No route to host (os error 65)
[cambium-host] frame total=310194us hook=140us relayout=250069us layout-update=249776us tick=0us apply=0us layout-rebuild=249662us style-resolve=32170us layout-text=215323us content-extent=389us mutations=1 layout-rebuilt=true leaf-boxes=263us leaf-render=25us leaf-repaints=1 fragments=35us emit=10616us raster=29039us acquire=116us clear=354us compose=607us capture=0us present=114us a11y=18837us raster-inner=28277us invalidate=2578us rebuild=603us master=1439us vello=22375us dirty-tiles=2 producer=3us staging=0us producer-calls=2 stages=0
[cambium-host] frame total=114006us hook=137us relayout=1039us layout-update=707us tick=0us apply=0us layout-rebuild=0us style-resolve=0us layout-text=0us content-extent=0us mutations=0 layout-rebuilt=false leaf-boxes=306us leaf-render=22us leaf-repaints=1 fragments=27us emit=10923us raster=81785us acquire=116us clear=355us compose=601us capture=0us present=111us a11y=18649us raster-inner=80974us invalidate=2568us rebuild=56998us master=1513us vello=19427us dirty-tiles=247 producer=2us staging=0us producer-calls=2 stages=0
2026-10-10T09:06:46.137072Z  WARN swarm_discovery::socket: error sending mDNS: No route to host (os error 65)
2026-10-10T09:06:46.155430Z  WARN swarm_discovery::socket: error sending mDNS: No route to host (os error 65)
[cambium-host] frame total=385012us hook=137us relayout=265329us layout-update=265024us tick=0us apply=0us layout-rebuild=264909us style-resolve=32165us layout-text=230355us content-extent=409us mutations=21 layout-rebuilt=true leaf-boxes=270us leaf-render=30us leaf-repaints=1 fragments=37us emit=10740us raster=87976us acquire=127us clear=363us compose=618us capture=0us present=106us a11y=19306us raster-inner=87257us invalidate=2720us rebuild=59203us master=1367us vello=23477us dirty-tiles=247 producer=3us staging=0us producer-calls=2 stages=0
[cambium-host] frame total=105955us hook=141us relayout=1060us layout-update=720us tick=0us apply=0us layout-rebuild=0us style-resolve=0us layout-text=0us content-extent=0us mutations=0 layout-rebuilt=false leaf-boxes=312us leaf-render=24us leaf-repaints=1 fragments=28us emit=10871us raster=73275us acquire=130us clear=357us compose=631us capture=0us present=114us a11y=19085us raster-inner=72493us invalidate=2759us rebuild=45724us master=1390us vello=22100us dirty-tiles=190 producer=2us staging=0us producer-calls=2 stages=0
[cambium-host] frame total=62985us hook=135us relayout=1107us layout-update=769us tick=0us apply=0us layout-rebuild=0us style-resolve=0us layout-text=0us content-extent=0us mutations=0 layout-rebuilt=false leaf-boxes=310us leaf-render=23us leaf-repaints=1 fragments=27us emit=10973us raster=30015us acquire=127us clear=369us compose=615us capture=0us present=112us a11y=19125us raster-inner=28888us invalidate=2738us rebuild=361us master=1452us vello=23875us dirty-tiles=1 producer=2us staging=0us producer-calls=2 stages=0
2026-10-10T09:06:46.868471Z  WARN swarm_discovery::socket: error sending mDNS: No route to host (os error 65)
2026-10-10T09:06:46.882768Z  WARN swarm_discovery::socket: error sending mDNS: No route to host (os error 65)
[cambium-host] frame total=363257us hook=135us relayout=288686us layout-update=288382us tick=0us apply=0us layout-rebuild=287496us style-resolve=32125us layout-text=252870us content-extent=425us mutations=2 layout-rebuilt=true leaf-boxes=271us leaf-render=28us leaf-repaints=1 fragments=35us emit=11232us raster=42009us acquire=139us clear=387us compose=716us capture=0us present=114us a11y=19193us raster-inner=40778us invalidate=2784us rebuild=5397us master=1939us vello=30130us dirty-tiles=19 producer=3us staging=0us producer-calls=2 stages=0
[cambium-host] frame total=119661us hook=144us relayout=1307us layout-update=963us tick=0us apply=0us layout-rebuild=0us style-resolve=0us layout-text=0us content-extent=0us mutations=0 layout-rebuilt=false leaf-boxes=313us leaf-render=26us leaf-repaints=1 fragments=31us emit=12935us raster=82898us acquire=140us clear=398us compose=630us capture=0us present=118us a11y=20462us raster-inner=81718us invalidate=2875us rebuild=44631us master=1506us vello=32238us dirty-tiles=177 producer=2us staging=0us producer-calls=2 stages=0
2026-10-10T09:06:47.598378Z  WARN swarm_discovery::socket: error sending mDNS: No route to host (os error 65)
2026-10-10T09:06:47.624742Z  WARN swarm_discovery::socket: error sending mDNS: No route to host (os error 65)
[cambium-host] frame total=619790us hook=125us relayout=338208us layout-update=337894us tick=0us apply=0us layout-rebuild=337779us style-resolve=40331us layout-text=295431us content-extent=418us mutations=348 layout-rebuilt=true leaf-boxes=276us leaf-render=25us leaf-repaints=1 fragments=38us emit=11619us raster=100935us acquire=125us clear=351us compose=608us capture=0us present=110us a11y=19567us raster-inner=99795us invalidate=3040us rebuild=62105us master=1601us vello=32557us dirty-tiles=247 producer=144598us staging=1372us producer-calls=2 stages=2
[cambium-host] frame total=72734us hook=101us relayout=489us layout-update=103us tick=0us apply=0us layout-rebuild=0us style-resolve=0us layout-text=0us content-extent=0us mutations=0 layout-rebuilt=false leaf-boxes=362us leaf-render=21us leaf-repaints=1 fragments=28us emit=11307us raster=39662us acquire=130us clear=371us compose=643us capture=0us present=112us a11y=19602us raster-inner=38576us invalidate=2831us rebuild=97us master=1404us vello=33751us dirty-tiles=0 producer=2us staging=0us producer-calls=2 stages=0
[cambium-host] frame total=69971us hook=100us relayout=499us layout-update=104us tick=0us apply=0us layout-rebuild=0us style-resolve=0us layout-text=0us content-extent=0us mutations=0 layout-rebuilt=false leaf-boxes=368us leaf-render=23us leaf-repaints=1 fragments=28us emit=11327us raster=36902us acquire=128us clear=367us compose=616us capture=0us present=111us a11y=19625us raster-inner=35887us invalidate=2689us rebuild=82us master=1467us vello=31178us dirty-tiles=0 producer=3us staging=0us producer-calls=2 stages=0
[cambium-host] frame total=72088us hook=101us relayout=493us layout-update=104us tick=0us apply=0us layout-rebuild=0us style-resolve=0us layout-text=0us content-extent=0us mutations=0 layout-rebuilt=false leaf-boxes=363us leaf-render=23us leaf-repaints=1 fragments=27us emit=11586us raster=38948us acquire=122us clear=370us compose=607us capture=0us present=118us a11y=19445us raster-inner=37640us invalidate=2649us rebuild=78us master=1504us vello=32913us dirty-tiles=0 producer=1us staging=0us producer-calls=2 stages=0
2026-10-10T09:06:48.345794Z  WARN swarm_discovery::socket: error sending mDNS: No route to host (os error 65)
[cambium-host] frame total=72672us hook=110us relayout=614us layout-update=108us tick=0us apply=0us layout-rebuild=0us style-resolve=0us layout-text=0us content-extent=0us mutations=0 layout-rebuilt=false leaf-boxes=478us leaf-render=24us leaf-repaints=1 fragments=29us emit=11697us raster=39137us acquire=118us clear=352us compose=603us capture=0us present=112us a11y=19626us raster-inner=38193us invalidate=2854us rebuild=81us master=1460us vello=32887us dirty-tiles=0 producer=2us staging=0us producer-calls=2 stages=0
2026-10-10T09:06:48.386246Z  WARN swarm_discovery::socket: error sending mDNS: No route to host (os error 65)
[cambium-host] frame total=70399us hook=100us relayout=490us layout-update=100us tick=0us apply=0us layout-rebuild=0us style-resolve=0us layout-text=0us content-extent=0us mutations=0 layout-rebuilt=false leaf-boxes=363us leaf-render=22us leaf-repaints=1 fragments=26us emit=11099us raster=37317us acquire=124us clear=360us compose=624us capture=0us present=111us a11y=19884us raster-inner=35963us invalidate=2803us rebuild=82us master=1527us vello=31088us dirty-tiles=0 producer=1us staging=0us producer-calls=2 stages=0
[cambium-host] frame total=68938us hook=100us relayout=491us layout-update=101us tick=0us apply=0us layout-rebuild=0us style-resolve=0us layout-text=0us content-extent=0us mutations=0 layout-rebuilt=false leaf-boxes=364us leaf-render=22us leaf-repaints=1 fragments=26us emit=11451us raster=35985us acquire=122us clear=335us compose=614us capture=0us present=112us a11y=19437us raster-inner=35077us invalidate=2665us rebuild=79us master=1288us vello=30590us dirty-tiles=0 producer=3us staging=0us producer-calls=2 stages=0
[cambium-host] frame total=70079us hook=100us relayout=494us layout-update=100us tick=0us apply=0us layout-rebuild=0us style-resolve=0us layout-text=0us content-extent=0us mutations=0 layout-rebuilt=false leaf-boxes=367us leaf-render=23us leaf-repaints=1 fragments=26us emit=11890us raster=36751us acquire=125us clear=362us compose=628us capture=0us present=111us a11y=19327us raster-inner=35809us invalidate=2815us rebuild=96us master=1515us vello=30900us dirty-tiles=0 producer=1us staging=0us producer-calls=2 stages=0
[cambium-host] frame total=69380us hook=99us relayout=485us layout-update=101us tick=0us apply=0us layout-rebuild=0us style-resolve=0us layout-text=0us content-extent=0us mutations=0 layout-rebuilt=false leaf-boxes=358us leaf-render=22us leaf-repaints=1 fragments=27us emit=11620us raster=36010us acquire=117us clear=361us compose=588us capture=0us present=109us a11y=19699us raster-inner=35041us invalidate=2613us rebuild=76us master=1390us vello=30438us dirty-tiles=0 producer=1us staging=0us producer-calls=2 stages=0
[cambium-host] frame total=73842us hook=102us relayout=487us layout-update=103us tick=0us apply=0us layout-rebuild=0us style-resolve=0us layout-text=0us content-extent=0us mutations=0 layout-rebuilt=false leaf-boxes=359us leaf-render=21us leaf-repaints=1 fragments=28us emit=11851us raster=40195us acquire=130us clear=375us compose=638us capture=0us present=111us a11y=19655us raster-inner=38906us invalidate=2762us rebuild=80us master=1692us vello=33854us dirty-tiles=0 producer=3us staging=0us producer-calls=2 stages=0
[cambium-host] frame total=72753us hook=101us relayout=531us layout-update=107us tick=0us apply=0us layout-rebuild=0us style-resolve=0us layout-text=0us content-extent=0us mutations=0 layout-rebuilt=false leaf-boxes=396us leaf-render=24us leaf-repaints=1 fragments=27us emit=11555us raster=39803us acquire=124us clear=359us compose=619us capture=0us present=121us a11y=19242us raster-inner=38537us invalidate=2883us rebuild=85us master=1562us vello=33541us dirty-tiles=0 producer=2us staging=0us producer-calls=2 stages=0
2026-10-10T09:06:49.136539Z  WARN swarm_discovery::socket: error sending mDNS: No route to host (os error 65)
2026-10-10T09:06:49.168095Z  WARN swarm_discovery::socket: error sending mDNS: No route to host (os error 65)
[cambium-host] frame total=197815us hook=99us relayout=492us layout-update=102us tick=0us apply=0us layout-rebuild=0us style-resolve=0us layout-text=0us content-extent=0us mutations=0 layout-rebuilt=false leaf-boxes=363us leaf-render=24us leaf-repaints=1 fragments=27us emit=11856us raster=36111us acquire=118us clear=339us compose=593us capture=128893us present=113us a11y=18910us raster-inner=35196us invalidate=2729us rebuild=81us master=1419us vello=30469us dirty-tiles=0 producer=2us staging=0us producer-calls=2 stages=0
2026-10-10T09:06:49.894026Z  WARN swarm_discovery::socket: error sending mDNS: No route to host (os error 65)
2026-10-10T09:06:49.942481Z  WARN swarm_discovery::socket: error sending mDNS: No route to host (os error 65)
[cambium-host] frame total=579354us hook=100us relayout=386990us layout-update=386633us tick=0us apply=0us layout-rebuild=386528us style-resolve=37768us layout-text=272515us content-extent=376us mutations=0 layout-rebuilt=true leaf-boxes=315us leaf-render=37us leaf-repaints=1 fragments=35us emit=11399us raster=49178us acquire=503us clear=358us compose=713us capture=0us present=108us a11y=20090us raster-inner=48139us invalidate=1829us rebuild=29346us master=803us vello=15972us dirty-tiles=130 producer=106887us staging=1235us producer-calls=2 stages=2
[cambium-host] frame total=50925us hook=100us relayout=492us layout-update=103us tick=0us apply=0us layout-rebuild=0us style-resolve=0us layout-text=0us content-extent=0us mutations=0 layout-rebuilt=false leaf-boxes=362us leaf-render=23us leaf-repaints=1 fragments=29us emit=11106us raster=17677us acquire=532us clear=360us compose=681us capture=0us present=114us a11y=19570us raster-inner=16948us invalidate=1785us rebuild=43us master=883us vello=14027us dirty-tiles=0 producer=2us staging=0us producer-calls=2 stages=0
[cambium-host] frame total=50701us hook=105us relayout=510us layout-update=106us tick=0us apply=0us layout-rebuild=0us style-resolve=0us layout-text=0us content-extent=0us mutations=0 layout-rebuilt=false leaf-boxes=375us leaf-render=24us leaf-repaints=1 fragments=32us emit=11625us raster=17782us acquire=122us clear=356us compose=622us capture=0us present=108us a11y=19155us raster-inner=17120us invalidate=1893us rebuild=46us master=846us vello=14095us dirty-tiles=0 producer=2us staging=0us producer-calls=2 stages=0
[cambium-host] frame total=49268us hook=100us relayout=486us layout-update=102us tick=0us apply=0us layout-rebuild=0us style-resolve=0us layout-text=0us content-extent=0us mutations=0 layout-rebuilt=false leaf-boxes=356us leaf-render=23us leaf-repaints=1 fragments=28us emit=10794us raster=17142us acquire=118us clear=348us compose=593us capture=0us present=109us a11y=19284us raster-inner=16353us invalidate=1796us rebuild=44us master=703us vello=13592us dirty-tiles=0 producer=2us staging=0us producer-calls=2 stages=0
[cambium-host] frame total=49987us hook=100us relayout=483us layout-update=101us tick=0us apply=0us layout-rebuild=0us style-resolve=0us layout-text=0us content-extent=0us mutations=0 layout-rebuilt=false leaf-boxes=354us leaf-render=24us leaf-repaints=1 fragments=27us emit=10796us raster=17340us acquire=128us clear=358us compose=727us capture=0us present=135us a11y=19631us raster-inner=16418us invalidate=1736us rebuild=41us master=734us vello=13699us dirty-tiles=0 producer=1us staging=0us producer-calls=2 stages=0
2026-10-10T09:06:50.657732Z  WARN swarm_discovery::socket: error sending mDNS: No route to host (os error 65)
2026-10-10T09:06:50.672339Z  WARN swarm_discovery::socket: error sending mDNS: No route to host (os error 65)
[cambium-host] frame total=49052us hook=97us relayout=486us layout-update=104us tick=0us apply=0us layout-rebuild=0us style-resolve=0us layout-text=0us content-extent=0us mutations=0 layout-rebuilt=false leaf-boxes=355us leaf-render=23us leaf-repaints=1 fragments=26us emit=10936us raster=17052us acquire=116us clear=339us compose=590us capture=0us present=115us a11y=19033us raster-inner=16092us invalidate=1662us rebuild=41us master=796us vello=13451us dirty-tiles=0 producer=2us staging=0us producer-calls=2 stages=0
[cambium-host] frame total=89469us hook=100us relayout=1521us layout-update=1191us tick=0us apply=0us layout-rebuild=0us style-resolve=0us layout-text=0us content-extent=0us mutations=0 layout-rebuilt=false leaf-boxes=297us leaf-render=29us leaf-repaints=1 fragments=29us emit=11136us raster=55876us acquire=123us clear=349us compose=593us capture=0us present=114us a11y=19361us raster-inner=54442us invalidate=1676us rebuild=34108us master=832us vello=17643us dirty-tiles=130 producer=2us staging=0us producer-calls=2 stages=0
[cambium-host] frame total=53321us hook=97us relayout=488us layout-update=101us tick=0us apply=0us layout-rebuild=0us style-resolve=0us layout-text=0us content-extent=0us mutations=0 layout-rebuilt=false leaf-boxes=362us leaf-render=20us leaf-repaints=1 fragments=26us emit=11739us raster=19954us acquire=130us clear=384us compose=735us capture=0us present=111us a11y=19392us raster-inner=18520us invalidate=1690us rebuild=41us master=860us vello=15757us dirty-tiles=0 producer=1us staging=0us producer-calls=2 stages=0
[cambium-host] frame total=51448us hook=99us relayout=486us layout-update=101us tick=0us apply=0us layout-rebuild=0us style-resolve=0us layout-text=0us content-extent=0us mutations=0 layout-rebuilt=false leaf-boxes=358us leaf-render=23us leaf-repaints=1 fragments=26us emit=11228us raster=18896us acquire=116us clear=341us compose=586us capture=0us present=108us a11y=19295us raster-inner=17882us invalidate=1786us rebuild=54us master=823us vello=15046us dirty-tiles=0 producer=2us staging=0us producer-calls=2 stages=0
[cambium-host] frame total=52864us hook=99us relayout=509us layout-update=118us tick=0us apply=0us layout-rebuild=0us style-resolve=0us layout-text=0us content-extent=0us mutations=0 layout-rebuilt=false leaf-boxes=365us leaf-render=23us leaf-repaints=1 fragments=35us emit=11220us raster=19687us acquire=129us clear=364us compose=742us capture=0us present=110us a11y=19700us raster-inner=18309us invalidate=1800us rebuild=43us master=904us vello=15375us dirty-tiles=0 producer=1us staging=0us producer-calls=2 stages=0
[cambium-host] frame total=51826us hook=98us relayout=485us layout-update=101us tick=0us apply=0us layout-rebuild=0us style-resolve=0us layout-text=0us content-extent=0us mutations=0 layout-rebuilt=false leaf-boxes=359us leaf-render=22us leaf-repaints=1 fragments=27us emit=10830us raster=19443us acquire=149us clear=441us compose=725us capture=0us present=117us a11y=19236us raster-inner=18071us invalidate=1740us rebuild=43us master=843us vello=15265us dirty-tiles=0 producer=2us staging=0us producer-calls=2 stages=0
[cambium-host] frame total=51174us hook=101us relayout=494us layout-update=103us tick=0us apply=0us layout-rebuild=0us style-resolve=0us layout-text=0us content-extent=0us mutations=0 layout-rebuilt=false leaf-boxes=362us leaf-render=25us leaf-repaints=1 fragments=29us emit=11041us raster=18886us acquire=114us clear=354us compose=607us capture=0us present=102us a11y=19178us raster-inner=18093us invalidate=1661us rebuild=41us master=679us vello=15476us dirty-tiles=0 producer=2us staging=0us producer-calls=2 stages=0
2026-10-10T09:06:51.415196Z  WARN swarm_discovery::socket: error sending mDNS: No route to host (os error 65)
2026-10-10T09:06:51.451319Z  WARN swarm_discovery::socket: error sending mDNS: No route to host (os error 65)
[cambium-host] frame total=181235us hook=102us relayout=509us layout-update=119us tick=0us apply=0us layout-rebuild=0us style-resolve=0us layout-text=0us content-extent=0us mutations=0 layout-rebuilt=false leaf-boxes=362us leaf-render=24us leaf-repaints=1 fragments=41us emit=11814us raster=20233us acquire=122us clear=360us compose=616us capture=128042us present=113us a11y=19012us raster-inner=19480us invalidate=1734us rebuild=43us master=796us vello=16716us dirty-tiles=0 producer=1us staging=0us producer-calls=2 stages=0
[cambium-host] frame total=304064us hook=116us relayout=222352us layout-update=222042us tick=0us apply=0us layout-rebuild=221916us style-resolve=37931us layout-text=181032us content-extent=421us mutations=6 layout-rebuilt=true leaf-boxes=281us leaf-render=25us leaf-repaints=1 fragments=32us emit=11185us raster=49805us acquire=119us clear=352us compose=606us capture=0us present=108us a11y=19111us raster-inner=49002us invalidate=1768us rebuild=33885us master=747us vello=12345us dirty-tiles=130 producer=3us staging=0us producer-calls=2 stages=0
2026-10-10T09:06:52.211520Z  WARN swarm_discovery::socket: error sending mDNS: No route to host (os error 65)
[cambium-host] frame total=48858us hook=99us relayout=500us layout-update=110us tick=0us apply=0us layout-rebuild=0us style-resolve=0us layout-text=0us content-extent=0us mutations=0 layout-rebuilt=false leaf-boxes=364us leaf-render=23us leaf-repaints=1 fragments=27us emit=11544us raster=15859us acquire=131us clear=380us compose=628us capture=0us present=114us a11y=19305us raster-inner=14799us invalidate=1777us rebuild=44us master=840us vello=11913us dirty-tiles=0 producer=2us staging=0us producer-calls=2 stages=0
2026-10-10T09:06:52.249171Z  WARN swarm_discovery::socket: error sending mDNS: No route to host (os error 65)
[cambium-host] frame total=48620us hook=100us relayout=497us layout-update=111us tick=0us apply=0us layout-rebuild=0us style-resolve=0us layout-text=0us content-extent=0us mutations=0 layout-rebuilt=false leaf-boxes=358us leaf-render=24us leaf-repaints=1 fragments=27us emit=11417us raster=15649us acquire=130us clear=393us compose=618us capture=0us present=108us a11y=19414us raster-inner=14714us invalidate=1774us rebuild=44us master=797us vello=11859us dirty-tiles=0 producer=2us staging=0us producer-calls=2 stages=0
[cambium-host] frame total=48379us hook=101us relayout=498us layout-update=113us tick=0us apply=0us layout-rebuild=0us style-resolve=0us layout-text=0us content-extent=0us mutations=0 layout-rebuilt=false leaf-boxes=358us leaf-render=24us leaf-repaints=1 fragments=27us emit=11222us raster=15879us acquire=126us clear=392us compose=635us capture=0us present=112us a11y=19116us raster-inner=14489us invalidate=1722us rebuild=44us master=682us vello=11813us dirty-tiles=0 producer=1us staging=0us producer-calls=2 stages=0
[cambium-host] frame total=48720us hook=100us relayout=495us layout-update=111us tick=0us apply=0us layout-rebuild=0us style-resolve=0us layout-text=0us content-extent=0us mutations=0 layout-rebuilt=false leaf-boxes=356us leaf-render=23us leaf-repaints=1 fragments=26us emit=11789us raster=15558us acquire=116us clear=363us compose=601us capture=0us present=114us a11y=19287us raster-inner=14637us invalidate=1821us rebuild=42us master=883us vello=11674us dirty-tiles=0 producer=1us staging=0us producer-calls=2 stages=0
[cambium-host] frame total=49347us hook=100us relayout=500us layout-update=113us tick=0us apply=0us layout-rebuild=0us style-resolve=0us layout-text=0us content-extent=0us mutations=0 layout-rebuilt=false leaf-boxes=358us leaf-render=25us leaf-repaints=1 fragments=27us emit=11881us raster=16163us acquire=120us clear=389us compose=610us capture=0us present=111us a11y=19175us raster-inner=14814us invalidate=1819us rebuild=44us master=736us vello=11981us dirty-tiles=0 producer=2us staging=0us producer-calls=2 stages=0
[cambium-host] frame total=47798us hook=100us relayout=494us layout-update=109us tick=0us apply=0us layout-rebuild=0us style-resolve=0us layout-text=0us content-extent=0us mutations=0 layout-rebuilt=false leaf-boxes=358us leaf-render=23us leaf-repaints=1 fragments=27us emit=11023us raster=15490us acquire=122us clear=359us compose=596us capture=0us present=111us a11y=19204us raster-inner=14670us invalidate=1847us rebuild=42us master=667us vello=11880us dirty-tiles=0 producer=1us staging=0us producer-calls=2 stages=0
[cambium-host] frame total=49369us hook=100us relayout=504us layout-update=113us tick=0us apply=0us layout-rebuild=0us style-resolve=0us layout-text=0us content-extent=0us mutations=0 layout-rebuilt=false leaf-boxes=364us leaf-render=23us leaf-repaints=1 fragments=27us emit=11761us raster=16063us acquire=123us clear=387us compose=628us capture=0us present=114us a11y=19390us raster-inner=14921us invalidate=1769us rebuild=42us master=916us vello=11975us dirty-tiles=0 producer=2us staging=0us producer-calls=2 stages=0
turnstone-theme: captured workshop_authored
turnstone-theme: captured workshop_narrow
turnstone-theme: RESULT ok (51 frames, 2 captures)
2026-10-10T09:06:52.959849Z  WARN swarm_discovery::socket: error sending mDNS: No route to host (os error 65)
2026-10-10T09:06:52.969086Z  WARN swarm_discovery::socket: error sending mDNS: No route to host (os error 65)
2026-10-10T09:06:53.183191Z  INFO turnstone::shell::render: capture state open=false text= suggestions=0 surfaces=3 chrome=false nodes=12
2026-10-10T09:06:53.671630Z  WARN swarm_discovery::socket: error sending mDNS: No route to host (os error 65)
2026-10-10T09:06:53.696171Z  WARN swarm_discovery::socket: error sending mDNS: No route to host (os error 65)
2026-10-10T09:06:54.444289Z  WARN swarm_discovery::socket: error sending mDNS: No route to host (os error 65)
2026-10-10T09:06:54.493805Z  WARN swarm_discovery::socket: error sending mDNS: No route to host (os error 65)
2026-10-10T09:06:54.770877Z  INFO turnstone::shell::render: capture state open=false text= suggestions=0 surfaces=3 chrome=false nodes=12
2026-10-10T09:06:55.261390Z  WARN swarm_discovery::socket: error sending mDNS: No route to host (os error 65)
2026-10-10T09:06:55.312823Z  WARN swarm_discovery::socket: error sending mDNS: No route to host (os error 65)
2026-10-10T09:06:55.876602Z  INFO turnstone::shell::render: capture state open=false text= suggestions=0 surfaces=3 chrome=false nodes=12
2026-10-10T09:06:56.081028Z  WARN swarm_discovery::socket: error sending mDNS: No route to host (os error 65)
2026-10-10T09:06:56.124653Z  WARN swarm_discovery::socket: error sending mDNS: No route to host (os error 65)
2026-10-10T09:06:56.857039Z  INFO turnstone::shell::render: capture state open=false text= suggestions=0 surfaces=3 chrome=false nodes=12
2026-10-10T09:06:56.870198Z  WARN swarm_discovery::socket: error sending mDNS: No route to host (os error 65)
2026-10-10T09:06:56.919453Z  WARN swarm_discovery::socket: error sending mDNS: No route to host (os error 65)
2026-10-10T09:06:57.661718Z  WARN swarm_discovery::socket: error sending mDNS: No route to host (os error 65)
2026-10-10T09:06:57.693409Z  WARN swarm_discovery::socket: error sending mDNS: No route to host (os error 65)
2026-10-10T09:06:57.828722Z  INFO turnstone::shell::render: capture state open=false text= suggestions=0 surfaces=3 chrome=false nodes=12
2026-10-10T09:06:58.433453Z  WARN swarm_discovery::socket: error sending mDNS: No route to host (os error 65)
2026-10-10T09:06:58.463478Z  WARN swarm_discovery::socket: error sending mDNS: No route to host (os error 65)
2026-10-10T09:06:59.166847Z  INFO turnstone::shell::render: capture state open=false text= suggestions=0 surfaces=3 chrome=false nodes=12
2026-10-10T09:06:59.183219Z  WARN swarm_discovery::socket: error sending mDNS: No route to host (os error 65)
2026-10-10T09:06:59.222842Z  WARN swarm_discovery::socket: error sending mDNS: No route to host (os error 65)
2026-10-10T09:06:59.670982Z  INFO actor{actor="actor"}: armillary: actor finished actor="actor" lifetime_ms=21197
2026-10-10T09:06:59.673097Z  INFO actor{actor="actor"}: armillary: actor finished actor="actor" lifetime_ms=23425
2026-10-10T09:06:59.925335Z  INFO actor{actor="download-custody"}: armillary: actor finished actor="download-custody" lifetime_ms=23677
2026-10-10T09:06:59.925384Z  INFO actor{actor="turnstone-place"}: armillary: actor finished actor="turnstone-place" lifetime_ms=23677
2026-10-10T09:06:59.925378Z  INFO actor{actor="trail-memory"}: armillary: actor finished actor="trail-memory" lifetime_ms=23677
2026-10-10T09:06:59.926889Z  INFO actor{actor="actor"}: armillary: actor finished actor="actor" lifetime_ms=23912
2026-10-10T09:06:59.926932Z  INFO actor{actor="actor"}: armillary: actor finished actor="actor" lifetime_ms=23912
