    Updating git repository `https://github.com/merely-made/mere.git`
    Updating git repository `https://github.com/mark-ik/vello.git`
    Updating git repository `https://github.com/merely-made/knot-editor.git`
    Updating git repository `https://github.com/merely-made/woodshed.git`
error: invalid type: boolean `true`, expected a map
 --> ../../../.cargo/git/checkouts/servo-e53a6e7b994a25fe/aac43a3/python/tidy/tests/lints-configuration/no-workspace/Cargo.toml:8:7
  |
8 | foo = true
  |       ^^^^
    Updating crates.io index
    Updating git repository `https://github.com/merely-made/genet.git`
warning: patch `burn-remote v0.22.0 (https://github.com/merely-made/mere.git?rev=7019f07d36a9da8c1a3edbbcbabad606e9cb3278#7019f07d)` was not used in the crate graph
warning: patch `cubecl-runtime v0.11.0 (https://github.com/merely-made/mere.git?rev=7019f07d36a9da8c1a3edbbcbabad606e9cb3278#7019f07d)` was not used in the crate graph
warning: patch `p2panda-stream v0.7.1 (https://github.com/mark-ik/p2panda.git?tag=mere-p2panda-net-0.7.5#1bec457e)` was not used in the crate graph
help: Check that the patched package version and available features are compatible
      with the dependency requirements. If the patch has a different version from
      what is locked in the Cargo.lock file, run `cargo update` to use the new
      version. This may also occur with an optional dependency that is not enabled.
     Locking 102 packages to latest Rust 1.98.1 compatible versions
      Adding app-host v0.0.1 (https://github.com/merely-made/mere.git?rev=7019f07d36a9da8c1a3edbbcbabad606e9cb3278#7019f07d)
      Adding armillary v0.1.1 (https://github.com/merely-made/mere.git?rev=7019f07d36a9da8c1a3edbbcbabad606e9cb3278#7019f07d)
      Adding audio-primitives v0.1.0 (https://github.com/merely-made/woodshed.git?rev=4aa68bfba308b7033438bf51963e84ef18f34b51#4aa68bfb)
      Adding cambium v0.3.3 (https://github.com/merely-made/mere.git?rev=7019f07d36a9da8c1a3edbbcbabad606e9cb3278#7019f07d)
      Adding cambium-genet-winit-host v0.1.0 (https://github.com/merely-made/mere.git?rev=7019f07d36a9da8c1a3edbbcbabad606e9cb3278#7019f07d)
      Adding cambium-rootstock v0.1.0 (https://github.com/merely-made/mere.git?rev=7019f07d36a9da8c1a3edbbcbabad606e9cb3278#7019f07d)
      Adding cambium-winit v0.3.0 (https://github.com/merely-made/mere.git?rev=7019f07d36a9da8c1a3edbbcbabad606e9cb3278#7019f07d)
      Adding cambium-winit-a11y v0.3.0 (https://github.com/merely-made/mere.git?rev=7019f07d36a9da8c1a3edbbcbabad606e9cb3278#7019f07d)
      Adding castellan v0.0.3 (https://github.com/merely-made/mere.git?rev=7019f07d36a9da8c1a3edbbcbabad606e9cb3278#7019f07d)
      Adding chartulary v0.2.2 (https://github.com/merely-made/mere.git?rev=7019f07d36a9da8c1a3edbbcbabad606e9cb3278#7019f07d)
      Adding chatelaine v0.0.2 (https://github.com/merely-made/mere.git?rev=7019f07d36a9da8c1a3edbbcbabad606e9cb3278#7019f07d)
      Adding chirograph v0.0.2 (https://github.com/merely-made/mere.git?rev=7019f07d36a9da8c1a3edbbcbabad606e9cb3278#7019f07d)
      Adding command-menu v0.1.0 (https://github.com/merely-made/mere.git?rev=7019f07d36a9da8c1a3edbbcbabad606e9cb3278#7019f07d)
      Adding commons-spine v0.0.1 (https://github.com/merely-made/mere.git?rev=7019f07d36a9da8c1a3edbbcbabad606e9cb3278#7019f07d)
      Adding distillery v0.0.1 (https://github.com/merely-made/mere.git?rev=7019f07d36a9da8c1a3edbbcbabad606e9cb3278#7019f07d)
      Adding document-canvas v0.1.0 (https://github.com/merely-made/mere.git?rev=7019f07d36a9da8c1a3edbbcbabad606e9cb3278#7019f07d)
      Adding dramatis v0.0.2 (https://github.com/merely-made/mere.git?rev=7019f07d36a9da8c1a3edbbcbabad606e9cb3278#7019f07d)
      Adding edit-history v0.1.0 (https://github.com/merely-made/mere.git?rev=7019f07d36a9da8c1a3edbbcbabad606e9cb3278#7019f07d)
      Adding eidetic v0.0.2 (https://github.com/merely-made/mere.git?rev=7019f07d36a9da8c1a3edbbcbabad606e9cb3278#7019f07d)
      Adding eidetic-search v0.0.1 (https://github.com/merely-made/mere.git?rev=7019f07d36a9da8c1a3edbbcbabad606e9cb3278#7019f07d)
      Adding errand v0.4.0 (https://github.com/merely-made/mere.git?rev=7019f07d36a9da8c1a3edbbcbabad606e9cb3278#7019f07d)
      Adding esp v0.1.0 (https://github.com/merely-made/mere.git?rev=7019f07d36a9da8c1a3edbbcbabad606e9cb3278#7019f07d)
      Adding gemot v0.1.1 (https://github.com/merely-made/mere.git?rev=7019f07d36a9da8c1a3edbbcbabad606e9cb3278#7019f07d)
      Adding graft-engine v0.2.0 (https://github.com/merely-made/mere.git?rev=7019f07d36a9da8c1a3edbbcbabad606e9cb3278#7019f07d)
      Adding graphshell v0.0.2 (https://github.com/merely-made/mere.git?rev=7019f07d36a9da8c1a3edbbcbabad606e9cb3278#7019f07d)
      Adding graphshell-client v0.0.2 (https://github.com/merely-made/mere.git?rev=7019f07d36a9da8c1a3edbbcbabad606e9cb3278#7019f07d)
      Adding graphshell-endpoint v0.0.2 (https://github.com/merely-made/mere.git?rev=7019f07d36a9da8c1a3edbbcbabad606e9cb3278#7019f07d)
      Adding illume v0.0.2 (https://github.com/merely-made/mere.git?rev=7019f07d36a9da8c1a3edbbcbabad606e9cb3278#7019f07d)
      Adding import v0.0.1 (https://github.com/merely-made/mere.git?rev=7019f07d36a9da8c1a3edbbcbabad606e9cb3278#7019f07d)
      Adding incipit v0.2.0 (https://github.com/merely-made/mere.git?rev=7019f07d36a9da8c1a3edbbcbabad606e9cb3278#7019f07d)
      Adding inker v0.1.1 (https://github.com/merely-made/mere.git?rev=7019f07d36a9da8c1a3edbbcbabad606e9cb3278#7019f07d)
      Adding insigne v0.0.1 (https://github.com/merely-made/mere.git?rev=7019f07d36a9da8c1a3edbbcbabad606e9cb3278#7019f07d)
      Adding knot-capture v0.0.1 (https://github.com/merely-made/knot-editor.git?rev=95849aeaeb952ec917d74dbfa851d3e05384d73a#95849aea)
      Adding knot-composition v0.0.1 (https://github.com/merely-made/knot-editor.git?rev=95849aeaeb952ec917d74dbfa851d3e05384d73a#95849aea)
      Adding knot-document v0.0.1 (https://github.com/merely-made/knot-editor.git?rev=95849aeaeb952ec917d74dbfa851d3e05384d73a#95849aea)
      Adding knot-editor v0.0.3 (https://github.com/merely-made/knot-editor.git?rev=95849aeaeb952ec917d74dbfa851d3e05384d73a#95849aea)
      Adding knot-editor-host v0.1.1 (https://github.com/merely-made/mere.git?rev=7019f07d36a9da8c1a3edbbcbabad606e9cb3278#7019f07d)
      Adding knot-file-catalog v0.0.1 (https://github.com/merely-made/knot-editor.git?rev=95849aeaeb952ec917d74dbfa851d3e05384d73a#95849aea)
      Adding luggage v0.1.0 (https://github.com/merely-made/mere.git?rev=7019f07d36a9da8c1a3edbbcbabad606e9cb3278#7019f07d)
      Adding mere v0.0.2 (https://github.com/merely-made/mere.git?rev=7019f07d36a9da8c1a3edbbcbabad606e9cb3278#7019f07d)
      Adding mere-alembic v0.0.1 (https://github.com/merely-made/mere.git?rev=7019f07d36a9da8c1a3edbbcbabad606e9cb3278#7019f07d)
      Adding mere-apparatus v0.0.1 (https://github.com/merely-made/mere.git?rev=7019f07d36a9da8c1a3edbbcbabad606e9cb3278#7019f07d)
      Adding mere-athanor v0.0.1 (https://github.com/merely-made/mere.git?rev=7019f07d36a9da8c1a3edbbcbabad606e9cb3278#7019f07d)
      Adding mere-cartography v0.0.2 (https://github.com/merely-made/mere.git?rev=7019f07d36a9da8c1a3edbbcbabad606e9cb3278#7019f07d)
      Adding mere-chrome v0.0.1 (https://github.com/merely-made/mere.git?rev=7019f07d36a9da8c1a3edbbcbabad606e9cb3278#7019f07d)
      Adding mere-comms v0.0.1 (https://github.com/merely-made/mere.git?rev=7019f07d36a9da8c1a3edbbcbabad606e9cb3278#7019f07d)
      Adding mere-curation v0.1.0 (https://github.com/merely-made/mere.git?rev=7019f07d36a9da8c1a3edbbcbabad606e9cb3278#7019f07d)
      Adding mere-document-lanes v0.1.0 (https://github.com/merely-made/mere.git?rev=7019f07d36a9da8c1a3edbbcbabad606e9cb3278#7019f07d)
      Adding mere-fetch v0.0.1 (https://github.com/merely-made/mere.git?rev=7019f07d36a9da8c1a3edbbcbabad606e9cb3278#7019f07d)
      Adding mere-forme v0.1.0 (https://github.com/merely-made/mere.git?rev=7019f07d36a9da8c1a3edbbcbabad606e9cb3278#7019f07d)
      Adding mere-kernel v0.0.2 (https://github.com/merely-made/mere.git?rev=7019f07d36a9da8c1a3edbbcbabad606e9cb3278#7019f07d)
      Adding mere-linked-data v0.0.1 (https://github.com/merely-made/mere.git?rev=7019f07d36a9da8c1a3edbbcbabad606e9cb3278#7019f07d)
      Adding mere-mesh v0.0.1 (https://github.com/merely-made/mere.git?rev=7019f07d36a9da8c1a3edbbcbabad606e9cb3278#7019f07d)
      Adding mere-moot v0.0.1 (https://github.com/merely-made/mere.git?rev=7019f07d36a9da8c1a3edbbcbabad606e9cb3278#7019f07d)
      Adding mere-page-load v0.0.1 (https://github.com/merely-made/mere.git?rev=7019f07d36a9da8c1a3edbbcbabad606e9cb3278#7019f07d)
      Adding mere-proofs v0.1.0 (https://github.com/merely-made/mere.git?rev=7019f07d36a9da8c1a3edbbcbabad606e9cb3278#7019f07d)
      Adding mere-surface-api v0.1.0 (https://github.com/merely-made/mere.git?rev=7019f07d36a9da8c1a3edbbcbabad606e9cb3278#7019f07d)
      Adding mere-transport v0.0.2 (https://github.com/merely-made/mere.git?rev=7019f07d36a9da8c1a3edbbcbabad606e9cb3278#7019f07d)
      Adding mere-webrtc-carrier v0.0.1 (https://github.com/merely-made/mere.git?rev=7019f07d36a9da8c1a3edbbcbabad606e9cb3278#7019f07d)
      Adding meristem v0.2.0 (https://github.com/merely-made/mere.git?rev=7019f07d36a9da8c1a3edbbcbabad606e9cb3278#7019f07d)
      Adding mesquite v0.1.0 (https://github.com/merely-made/mere.git?rev=7019f07d36a9da8c1a3edbbcbabad606e9cb3278#7019f07d)
      Adding mien v0.0.1 (https://github.com/merely-made/mere.git?rev=7019f07d36a9da8c1a3edbbcbabad606e9cb3278#7019f07d)
      Adding mooting v0.1.0 (https://github.com/merely-made/mere.git?rev=7019f07d36a9da8c1a3edbbcbabad606e9cb3278#7019f07d)
      Adding mora-cmudict v0.0.1 (https://github.com/merely-made/mere.git?rev=7019f07d36a9da8c1a3edbbcbabad606e9cb3278#7019f07d)
      Adding muniment v0.1.2 (https://github.com/merely-made/mere.git?rev=7019f07d36a9da8c1a3edbbcbabad606e9cb3278#7019f07d)
      Adding nematic v0.1.1 (https://github.com/merely-made/mere.git?rev=7019f07d36a9da8c1a3edbbcbabad606e9cb3278#7019f07d)
      Adding netrender-vello v0.10.1 (https://github.com/mark-ik/vello.git?rev=491c376cf2b01fc11132cf8f86419dec114ae032#491c376c)
      Adding notochord v0.1.0 (https://github.com/merely-made/mere.git?rev=7019f07d36a9da8c1a3edbbcbabad606e9cb3278#7019f07d)
      Adding numen v0.2.0 (https://github.com/merely-made/mere.git?rev=7019f07d36a9da8c1a3edbbcbabad606e9cb3278#7019f07d)
      Adding pandect v0.1.1 (https://github.com/merely-made/mere.git?rev=7019f07d36a9da8c1a3edbbcbabad606e9cb3278#7019f07d)
      Adding pelt-core v0.2.0 (https://github.com/merely-made/mere.git?rev=7019f07d36a9da8c1a3edbbcbabad606e9cb3278#7019f07d)
      Adding personae v0.2.1 (https://github.com/merely-made/mere.git?rev=7019f07d36a9da8c1a3edbbcbabad606e9cb3278#7019f07d)
      Adding pictograph v0.2.0 (https://github.com/merely-made/mere.git?rev=7019f07d36a9da8c1a3edbbcbabad606e9cb3278#7019f07d)
      Adding platen v0.0.1 (https://github.com/merely-made/mere.git?rev=7019f07d36a9da8c1a3edbbcbabad606e9cb3278#7019f07d)
      Adding png v0.17.16
      Adding redshank-model v0.0.0 (https://github.com/merely-made/woodshed.git?rev=4aa68bfba308b7033438bf51963e84ef18f34b51#4aa68bfb)
      Adding redshank-playback v0.0.0 (https://github.com/merely-made/woodshed.git?rev=4aa68bfba308b7033438bf51963e84ef18f34b51#4aa68bfb)
      Adding redshank-storage v0.0.0 (https://github.com/merely-made/woodshed.git?rev=4aa68bfba308b7033438bf51963e84ef18f34b51#4aa68bfb)
      Adding redshank-surfaces v0.0.0 (https://github.com/merely-made/woodshed.git?rev=4aa68bfba308b7033438bf51963e84ef18f34b51#4aa68bfb)
      Adding reference-data v0.0.1 (https://github.com/merely-made/mere.git?rev=7019f07d36a9da8c1a3edbbcbabad606e9cb3278#7019f07d)
      Adding sceno v0.0.4 (https://github.com/merely-made/mere.git?rev=7019f07d36a9da8c1a3edbbcbabad606e9cb3278#7019f07d)
      Adding scenograph v0.0.4 (https://github.com/merely-made/mere.git?rev=7019f07d36a9da8c1a3edbbcbabad606e9cb3278#7019f07d)
      Adding scenomise v0.0.4 (https://github.com/merely-made/mere.git?rev=7019f07d36a9da8c1a3edbbcbabad606e9cb3278#7019f07d)
      Adding scenotime v0.0.4 (https://github.com/merely-made/mere.git?rev=7019f07d36a9da8c1a3edbbcbabad606e9cb3278#7019f07d)
      Adding script-rhai v0.0.1 (https://github.com/merely-made/mere.git?rev=7019f07d36a9da8c1a3edbbcbabad606e9cb3278#7019f07d)
      Adding scrying-engine v0.2.0 (https://github.com/merely-made/mere.git?rev=7019f07d36a9da8c1a3edbbcbabad606e9cb3278#7019f07d)
      Adding seiche v0.0.6 (https://github.com/merely-made/mere.git?rev=7019f07d36a9da8c1a3edbbcbabad606e9cb3278#7019f07d)
      Adding servitor v0.0.2 (https://github.com/merely-made/mere.git?rev=7019f07d36a9da8c1a3edbbcbabad606e9cb3278#7019f07d)
      Adding servo-media-player v0.2.0 (https://github.com/merely-made/genet.git?rev=7422e90613f9017e5bb790e3acb48f61776b2eda#7422e906)
      Adding servo-media-streams v0.2.0 (https://github.com/merely-made/genet.git?rev=7422e90613f9017e5bb790e3acb48f61776b2eda#7422e906)
      Adding servo-media-traits v0.2.0 (https://github.com/merely-made/genet.git?rev=7422e90613f9017e5bb790e3acb48f61776b2eda#7422e906)
      Adding sprigging v0.2.1 (https://github.com/merely-made/mere.git?rev=7019f07d36a9da8c1a3edbbcbabad606e9cb3278#7019f07d)
      Adding stickleback v0.1.1 (https://github.com/merely-made/mere.git?rev=7019f07d36a9da8c1a3edbbcbabad606e9cb3278#7019f07d)
      Adding tabard v0.0.1 (https://github.com/merely-made/mere.git?rev=7019f07d36a9da8c1a3edbbcbabad606e9cb3278#7019f07d)
      Adding tabard-workshop v0.0.1 (https://github.com/merely-made/mere.git?rev=7019f07d36a9da8c1a3edbbcbabad606e9cb3278#7019f07d)
      Adding timed-text v0.1.0 (https://github.com/merely-made/woodshed.git?rev=4aa68bfba308b7033438bf51963e84ef18f34b51#4aa68bfb)
      Adding tinct v0.1.2 (https://github.com/merely-made/mere.git?rev=7019f07d36a9da8c1a3edbbcbabad606e9cb3278#7019f07d)
      Adding uxtree v0.0.2 (https://github.com/merely-made/mere.git?rev=7019f07d36a9da8c1a3edbbcbabad606e9cb3278#7019f07d)
      Adding vello_encoding v0.10.0 (https://github.com/mark-ik/vello.git?rev=491c376cf2b01fc11132cf8f86419dec114ae032#491c376c)
      Adding vello_shaders v0.10.0 (https://github.com/mark-ik/vello.git?rev=491c376cf2b01fc11132cf8f86419dec114ae032#491c376c)
      Adding weld-engine v0.2.0 (https://github.com/merely-made/mere.git?rev=7019f07d36a9da8c1a3edbbcbabad606e9cb3278#7019f07d)
      Adding workbench v0.1.0 (https://github.com/merely-made/mere.git?rev=7019f07d36a9da8c1a3edbbcbabad606e9cb3278#7019f07d)
