error: invalid type: boolean `true`, expected a map
 --> ../../../.cargo/git/checkouts/servo-e53a6e7b994a25fe/aac43a3/python/tidy/tests/lints-configuration/no-workspace/Cargo.toml:8:7
  |
8 | foo = true
  |       ^^^^
warning: patch `burn-remote v0.22.0 (https://github.com/merely-made/mere.git?rev=7019f07d36a9da8c1a3edbbcbabad606e9cb3278#7019f07d)` was not used in the crate graph
warning: patch `cubecl-runtime v0.11.0 (https://github.com/merely-made/mere.git?rev=7019f07d36a9da8c1a3edbbcbabad606e9cb3278#7019f07d)` was not used in the crate graph
warning: patch `p2panda-stream v0.7.1 (https://github.com/mark-ik/p2panda.git?tag=mere-p2panda-net-0.7.5#1bec457e)` was not used in the crate graph
help: Check that the patched package version and available features are compatible
      with the dependency requirements. If the patch has a different version from
      what is locked in the Cargo.lock file, run `cargo update` to use the new
      version. This may also occur with an optional dependency that is not enabled.
   Compiling turnstone v0.1.0 (/Users/markik/Code/worktrees/turnstone-tabard-apps)
warning: unused imports: `Suggestion` and `normalize_address`
  --> src/app/mod.rs:20:31
   |
20 | use crate::ui::{OmnibarState, Suggestion, normalize_address};
   |                               ^^^^^^^^^^  ^^^^^^^^^^^^^^^^^
   |
   = note: `#[warn(unused_imports)]` (part of `#[warn(unused)]`) on by default

warning: unused import: `Update`
  --> src/app/mod.rs:22:47
   |
22 | use crate::action::{Action, Effect, SpaceRef, Update};
   |                                               ^^^^^^

warning: unused imports: `browse` and `session`
  --> src/app/mod.rs:26:13
   |
26 | use crate::{browse, session};
   |             ^^^^^^  ^^^^^^^

warning: unused import: `crate::panes::PaneContent`
  --> src/app/node_arms.rs:16:5
   |
16 | use crate::panes::PaneContent;
   |     ^^^^^^^^^^^^^^^^^^^^^^^^^

warning: unused import: `CaretMove`
  --> src/app/omnibar_arms.rs:12:29
   |
12 | use crate::action::{Action, CaretMove, Effect};
   |                             ^^^^^^^^^

warning: unused import: `crate::panes::PaneContent`
  --> src/app/palette.rs:16:5
   |
16 | use crate::panes::PaneContent;
   |     ^^^^^^^^^^^^^^^^^^^^^^^^^

warning: unused import: `uuid::Uuid`
  --> src/app/session_lifecycle.rs:17:5
   |
17 | use uuid::Uuid;
   |     ^^^^^^^^^^

warning: unused import: `PaneContent`
  --> src/app/session_lifecycle.rs:22:44
   |
22 | use crate::panes::{FrisketLayout, GraphId, PaneContent, SessionId};
   |                                            ^^^^^^^^^^^

warning: unused import: `crate::action::CaretMove`
   --> src/shell/drive.rs:821:13
    |
821 |         use crate::action::CaretMove;
    |             ^^^^^^^^^^^^^^^^^^^^^^^^

warning: unused import: `std::sync::mpsc::Receiver`
  --> src/shell/effects.rs:14:5
   |
14 | use std::sync::mpsc::Receiver;
   |     ^^^^^^^^^^^^^^^^^^^^^^^^^

warning: unused imports: `FetchCommand` and `FetchUpdate`
  --> src/shell/effects.rs:16:13
   |
16 | use fetch::{FetchCommand, FetchUpdate};
   |             ^^^^^^^^^^^^  ^^^^^^^^^^^

warning: unused import: `SessionClick`
  --> src/shell/effects.rs:18:46
   |
18 |     DocumentFindQuery, EngineProfileBinding, SessionClick, SessionSpawnRequest, SurfaceSpawnRequest,
   |                                              ^^^^^^^^^^^^

warning: unused import: `crate::panes::PaneContent`
  --> src/shell/effects.rs:23:5
   |
23 | use crate::panes::PaneContent;
   |     ^^^^^^^^^^^^^^^^^^^^^^^^^

warning: unused import: `crate::surface::SurfaceKind`
  --> src/shell/render.rs:26:5
   |
26 | use crate::surface::SurfaceKind;
   |     ^^^^^^^^^^^^^^^^^^^^^^^^^^^

warning: unused import: `NodeSessions`
  --> src/shell/lens.rs:14:13
   |
14 | use super::{NodeSessions, NodeSurfaces};
   |             ^^^^^^^^^^^^

warning: unused import: `PhysicalPosition`
  --> src/shell/lens.rs:20:18
   |
20 | use winit::dpi::{PhysicalPosition, PhysicalSize};
   |                  ^^^^^^^^^^^^^^^^

warning: unused imports: `Key as WinitKey` and `NamedKey as WinitNamedKey`
  --> src/shell/input.rs:17:23
   |
17 | use winit::keyboard::{Key as WinitKey, NamedKey as WinitNamedKey};
   |                       ^^^^^^^^^^^^^^^  ^^^^^^^^^^^^^^^^^^^^^^^^^

warning: unused import: `SessionScrollKey`
  --> src/shell/input.rs:21:27
   |
21 | use inker::{SessionClick, SessionScrollKey};
   |                           ^^^^^^^^^^^^^^^^

warning: unused import: `CaretMove`
  --> src/shell/input.rs:25:29
   |
25 | use crate::action::{Action, CaretMove};
   |                             ^^^^^^^^^

warning: unused import: `decode_sprite`
  --> src/shell/input.rs:28:20
   |
28 | use super::{Shell, decode_sprite};
   |                    ^^^^^^^^^^^^^

warning: unused import: `input::pointer_button`
  --> src/shell/mod.rs:41:5
   |
41 | use input::pointer_button;
   |     ^^^^^^^^^^^^^^^^^^^^^

warning: unused import: `std::path::Path`
  --> src/shell/mod.rs:44:5
   |
44 | use std::path::Path;
   |     ^^^^^^^^^^^^^^^

warning: unused import: `image::ImageEncoder`
  --> src/shell/mod.rs:51:5
   |
51 | use image::ImageEncoder;
   |     ^^^^^^^^^^^^^^^^^^^

warning: unused imports: `SessionClick` and `SessionSpawnRequest`
  --> src/shell/mod.rs:52:30
   |
52 | use inker::{DocumentSession, SessionClick, SessionRegistry, SessionSpawnRequest};
   |                              ^^^^^^^^^^^^                   ^^^^^^^^^^^^^^^^^^^

warning: unused import: `mere::canvas::WHEEL_PAN_SCALE`
  --> src/shell/mod.rs:53:5
   |
53 | use mere::canvas::WHEEL_PAN_SCALE;
   |     ^^^^^^^^^^^^^^^^^^^^^^^^^^^^^

warning: unused imports: `ColorLoad` and `NetrenderOptions`
  --> src/shell/mod.rs:59:17
   |
59 | use netrender::{ColorLoad, NetrenderOptions};
   |                 ^^^^^^^^^  ^^^^^^^^^^^^^^^^

warning: unused import: `winit::application::ApplicationHandler`
  --> src/shell/mod.rs:60:5
   |
60 | use winit::application::ApplicationHandler;
   |     ^^^^^^^^^^^^^^^^^^^^^^^^^^^^^^^^^^^^^^

warning: unused imports: `PhysicalPosition` and `PhysicalSize`
  --> src/shell/mod.rs:61:18
   |
61 | use winit::dpi::{PhysicalPosition, PhysicalSize};
   |                  ^^^^^^^^^^^^^^^^  ^^^^^^^^^^^^

warning: unused imports: `ElementState`, `Ime`, `MouseButton`, `MouseScrollDelta`, and `WindowEvent`
  --> src/shell/mod.rs:62:20
   |
62 | use winit::event::{ElementState, Ime, MouseButton, MouseScrollDelta, WindowEvent};
   |                    ^^^^^^^^^^^^  ^^^  ^^^^^^^^^^^  ^^^^^^^^^^^^^^^^  ^^^^^^^^^^^

warning: unused imports: `Key as WinitKey` and `NamedKey as WinitNamedKey`
  --> src/shell/mod.rs:64:23
   |
64 | use winit::keyboard::{Key as WinitKey, NamedKey as WinitNamedKey};
   |                       ^^^^^^^^^^^^^^^  ^^^^^^^^^^^^^^^^^^^^^^^^^

warning: unused import: `Effect`
  --> src/shell/mod.rs:73:29
   |
73 | use crate::action::{Action, Effect, Update};
   |                             ^^^^^^

warning: unused import: `session`
  --> src/shell/mod.rs:76:21
   |
76 | use crate::{browse, session};
   |                     ^^^^^^^

warning: unused import: `mere::canvas::palette`
  --> src/swatch_pane/mod.rs:32:5
   |
32 | use mere::canvas::palette;
   |     ^^^^^^^^^^^^^^^^^^^^^

warning: unused import: `ColorF`
  --> src/swatch_pane/mod.rs:33:17
   |
33 | use sprigging::{ColorF, LeafRegistry, RenderedLeaves};
   |                 ^^^^^^

warning: unused import: `crate::content::NodeContent`
  --> src/swatch_pane/mod.rs:37:5
   |
37 | use crate::content::NodeContent;
   |     ^^^^^^^^^^^^^^^^^^^^^^^^^^^

warning: unused import: `crate::overmap`
  --> src/swatch_pane/mod.rs:38:5
   |
38 | use crate::overmap;
   |     ^^^^^^^^^^^^^^

warning: unused import: `genet_clipboard::TextClipboard`
   --> src/shell/effects.rs:856:25
    |
856 |                     use genet_clipboard::TextClipboard as _;
    |                         ^^^^^^^^^^^^^^^^^^^^^^^^^^^^^^

warning: variable does not need to be mutable
   --> src/shell/drive.rs:995:21
    |
995 |                 let mut diagnostic = self.surface_a11y.publication_diagnostic(public_fixture);
    |                     ----^^^^^^^^^^
    |                     |
    |                     help: remove this `mut`
    |
    = note: `#[warn(unused_mut)]` (part of `#[warn(unused)]`) on by default

warning: unused variable: `caption`
   --> src/shell/render.rs:757:13
    |
757 |         let caption = self
    |             ^^^^^^^ help: if this is intentional, prefix it with an underscore: `_caption`
    |
    = note: `#[warn(unused_variables)]` (part of `#[warn(unused)]`) on by default

warning: function `grid_row_center_y` is never used
   --> src/cambium_pane.rs:168:8
    |
168 | pub fn grid_row_center_y(idx: usize) -> f32 {
    |        ^^^^^^^^^^^^^^^^^
    |
    = note: `#[warn(dead_code)]` (part of `#[warn(unused)]`) on by default

warning: method `resolve` is never used
   --> src/cambium_pane.rs:241:12
    |
195 | impl RosterGrid {
    | --------------- method in this implementation
...
241 |     pub fn resolve(&self, sel: &taproot::Selector, rect: [f32; 4]) -> Option<(f32, f32)> {
    |            ^^^^^^^

warning: method `layout_rebuilds` is never used
   --> src/chrome_view.rs:716:12
    |
658 | impl ChromeSurfaces {
    | ------------------- method in this implementation
...
716 |     pub fn layout_rebuilds(&self, slot: usize) -> u32 {
    |            ^^^^^^^^^^^^^^^

warning: function `save_certs` is never used
   --> src/denizen.rs:742:8
    |
742 | pub fn save_certs(session_dir: &Path, subject_hex: &str, certs: &[SignedDelegationCertificate]) {
    |        ^^^^^^^^^^

warning: function `issue_install_certificates` is never used
   --> src/denizen.rs:796:8
    |
796 | pub fn issue_install_certificates(
    |        ^^^^^^^^^^^^^^^^^^^^^^^^^^

warning: function `root_subject` is never used
   --> src/identity.rs:275:8
    |
275 | pub fn root_subject(provider: &impl IdentityProvider) -> servitor::Subject {
    |        ^^^^^^^^^^^^

warning: struct `KnotRuntimeWitness` is never constructed
   --> src/knot_authoring.rs:119:12
    |
119 | pub struct KnotRuntimeWitness {
    |            ^^^^^^^^^^^^^^^^^^

warning: method `matches_save_token` is never used
   --> src/knot_authoring.rs:127:12
    |
123 | impl KnotRuntimeWitness {
    | ----------------------- method in this implementation
...
127 |     pub fn matches_save_token(&self, candidate: &[u8]) -> bool {
    |            ^^^^^^^^^^^^^^^^^^

warning: function `knot_runtime_source_binding` is never used
   --> src/knot_authoring.rs:151:4
    |
151 | fn knot_runtime_source_binding(
    |    ^^^^^^^^^^^^^^^^^^^^^^^^^^^

warning: methods `status`, `projection_input_binding`, and `runtime_projection_source` are never used
    --> src/knot_authoring.rs:2518:12
     |
2394 | impl KnotDocumentSession {
     | ------------------------ methods in this implementation
...
2518 |     pub fn status(&mut self) -> &'static str {
     |            ^^^^^^
...
2604 |     pub fn projection_input_binding(&self) -> Option<&ProjectionInputBinding> {
     |            ^^^^^^^^^^^^^^^^^^^^^^^^
...
2614 |     pub fn runtime_projection_source(&self) -> Option<RuntimeSourceBinding<KnotRuntimeWitness>> {
     |            ^^^^^^^^^^^^^^^^^^^^^^^^^

warning: method `ops_received` is never used
   --> src/place/lanes.rs:248:19
    |
184 | impl LiveLanes {
    | -------------- method in this implementation
...
248 |     pub(crate) fn ops_received(&self) -> [u64; 10] {
    |                   ^^^^^^^^^^^^

warning: function `dial_holder` is never used
    --> src/place/lanes.rs:5255:15
     |
5255 | pub(crate) fn dial_holder(
     |               ^^^^^^^^^^^

warning: function `spawn_bin` is never used
   --> src/recycle.rs:166:8
    |
166 | pub fn spawn_bin(wake: Wake, dir: PathBuf) -> (ActorHandle<BinCommand>, Receiver<Update>) {
    |        ^^^^^^^^^

warning: function `granted_ring_names` is never used
   --> src/ring.rs:380:8
    |
380 | pub fn granted_ring_names(authority: &impl AuthorityProvider, subject: Subject) -> Vec<String> {
    |        ^^^^^^^^^^^^^^^^^^

warning: enum `EnvelopeError` is never used
   --> src/ring.rs:393:10
    |
393 | pub enum EnvelopeError {
    |          ^^^^^^^^^^^^^

warning: function `decode_envelope` is never used
   --> src/ring.rs:406:8
    |
406 | pub fn decode_envelope(name: &str, payload: &str) -> Result<Action, EnvelopeError> {
    |        ^^^^^^^^^^^^^^^

warning: function `roster_grid_rows` is never used
   --> src/roster_view.rs:101:8
    |
101 | pub fn roster_grid_rows(app: &App) -> Vec<RosterGridRow> {
    |        ^^^^^^^^^^^^^^^^

warning: field `0` is never read
   --> src/scenario.rs:245:12
    |
245 |     Settle(u32),
    |     ------ ^^^
    |     |
    |     field in this variant
    |
    = note: `Step` has a derived impl for the trait `Debug`, but this is intentionally ignored during dead code analysis
help: consider changing the field to be of unit type to suppress this warning while preserving the field numbering, or remove the field
    |
245 -     Settle(u32),
245 +     Settle(()),
    |

warning: field `0` is never read
   --> src/scenario.rs:279:17
    |
279 |     AssertEvent(String),
    |     ----------- ^^^^^^
    |     |
    |     field in this variant
    |
    = note: `Step` has a derived impl for the trait `Debug`, but this is intentionally ignored during dead code analysis
help: consider changing the field to be of unit type to suppress this warning while preserving the field numbering, or remove the field
    |
279 -     AssertEvent(String),
279 +     AssertEvent(()),
    |

warning: field `0` is never read
   --> src/scenario.rs:299:9
    |
299 |     Log(String),
    |     --- ^^^^^^
    |     |
    |     field in this variant
    |
    = note: `Step` has a derived impl for the trait `Debug`, but this is intentionally ignored during dead code analysis
help: consider changing the field to be of unit type to suppress this warning while preserving the field numbering, or remove the field
    |
299 -     Log(String),
299 +     Log(()),
    |

warning: function `remove_place_binding` is never used
   --> src/session.rs:345:8
    |
345 | pub fn remove_place_binding(session_dir: &Path) -> Result<bool, PlaceSidecarError> {
    |        ^^^^^^^^^^^^^^^^^^^^

warning: function `load_session_graph` is never used
   --> src/session.rs:666:8
    |
666 | pub fn load_session_graph(data_root: &Path) -> Option<Graph> {
    |        ^^^^^^^^^^^^^^^^^^

warning: function `save_session_graph` is never used
   --> src/session.rs:751:8
    |
751 | pub fn save_session_graph(data_root: &Path, graph: &Graph) {
    |        ^^^^^^^^^^^^^^^^^^

warning: function `load_node_facets` is never used
   --> src/session.rs:831:8
    |
831 | pub fn load_node_facets(data_root: &Path) -> Option<pandect::NodeFacetStore> {
    |        ^^^^^^^^^^^^^^^^

warning: function `save_node_facets` is never used
   --> src/session.rs:842:8
    |
842 | pub fn save_node_facets(data_root: &Path, facets: &pandect::NodeFacetStore) {
    |        ^^^^^^^^^^^^^^^^

warning: method `shellbar_edge` is never used
   --> src/settings_pane.rs:104:12
    |
 56 | impl ChromeSettings {
    | ------------------- method in this implementation
...
104 |     pub fn shellbar_edge(&self) -> ShellbarEdge {
    |            ^^^^^^^^^^^^^

warning: method `publish` is never used
   --> src/settings_pane.rs:158:8
    |
144 | impl LiveSettingsHandle {
    | ----------------------- method in this implementation
...
158 |     fn publish(&self, settings: &ApplicationSettings) {
    |        ^^^^^^^

warning: associated items `new` and `settings` are never used
   --> src/settings_pane.rs:328:12
    |
327 | impl SettingsPane {
    | ----------------- associated items in this implementation
328 |     pub fn new(data_root: PathBuf) -> Self {
    |            ^^^
...
441 |     pub fn settings(&self) -> &ApplicationSettings {
    |            ^^^^^^^^

warning: method `apply_theme_choice` is never used
   --> src/settings_provider.rs:172:19
    |
 82 | impl ApplicationSettingsProvider {
    | -------------------------------- method in this implementation
...
172 |     pub(crate) fn apply_theme_choice(&mut self, choice: ThemeChoice) -> Result<(), SettingsError> {
    |                   ^^^^^^^^^^^^^^^^^^

warning: variant `Imported` is never constructed
   --> src/shell/mod.rs:579:5
    |
577 | enum PlannedLayer {
    |      ------------ variant in this enum
578 |     Scene(PlannedScene),
579 |     Imported(CompositeLayer),
    |     ^^^^^^^^

warning: method `pane_label` is never used
    --> src/shell/mod.rs:1731:8
     |
 892 | impl Shell {
     | ---------- method in this implementation
...
1731 |     fn pane_label(&self, id: crate::panes::PaneId) -> String {
     |        ^^^^^^^^^^

warning: function `focus_for_press` is never used
   --> src/surface.rs:309:8
    |
309 | pub fn focus_for_press(surfaces: &[Surface], focus: FocusTarget, px: f32, py: f32) -> FocusTarget {
    |        ^^^^^^^^^^^^^^^

warning: method `resolve` is never used
   --> src/swatch_pane/mod.rs:424:12
    |
244 | impl SwatchPane {
    | --------------- method in this implementation
...
424 |     pub fn resolve(&self, sel: &taproot::Selector, rect: [f32; 4]) -> Option<(f32, f32)> {
    |            ^^^^^^^

warning: field `id` is never read
  --> src/swatch_pane/presets.rs:29:9
   |
27 | pub struct ProjectionPreset {
   |            ---------------- field in this struct
28 |     /// Stable id (`"gloss.minimap"`, `"overmap.lineage"`).
29 |     pub id: &'static str,
   |         ^^
   |
   = note: `ProjectionPreset` has a derived impl for the trait `Clone`, but this is intentionally ignored during dead code analysis

warning: variant `Flush` is never constructed
   --> src/trail_memory.rs:156:5
    |
135 | pub enum TrailCommand {
    |          ------------ variant in this enum
...
156 |     Flush,
    |     ^^^^^

warning: field `frecency` is never read
   --> src/trail_memory.rs:609:5
    |
602 | struct RecallIndex {
    |        ----------- field in this struct
...
609 |     frecency: BTreeMap<String, f64>,
    |     ^^^^^^^^

warning: function `spawn_trail` is never used
   --> src/trail_memory.rs:853:8
    |
853 | pub fn spawn_trail(wake: Wake, dir: PathBuf) -> (ActorHandle<TrailCommand>, Receiver<Update>) {
    |        ^^^^^^^^^^^

warning: function `spawn_trail_with_capture_library` is never used
   --> src/trail_memory.rs:863:15
    |
863 | pub(crate) fn spawn_trail_with_capture_library(
    |               ^^^^^^^^^^^^^^^^^^^^^^^^^^^^^^^^

warning: method `resolve` is never used
   --> src/trail_pane.rs:216:12
    |
132 | impl TrailPane {
    | -------------- method in this implementation
...
216 |     pub fn resolve(&self, sel: &taproot::Selector, rect: [f32; 4]) -> Option<(f32, f32)> {
    |            ^^^^^^^

warning: method `resolve` is never used
   --> src/transcript_pane.rs:251:12
    |
182 | impl TranscriptPane {
    | ------------------- method in this implementation
...
251 |     pub fn resolve(&self, sel: &taproot::Selector, rect: [f32; 4]) -> Option<(f32, f32)> {
    |            ^^^^^^^

warning: constant `ROW_TEXT_BUDGET` is never used
  --> src/ui.rs:48:18
   |
48 | pub(crate) const ROW_TEXT_BUDGET: f32 = CARD_W - 16.0 - 16.0;
   |                  ^^^^^^^^^^^^^^^

warning: function `chrome_row_width` is never used
  --> src/ui.rs:61:15
   |
61 | pub(crate) fn chrome_row_width(text: &str) -> f32 {
   |               ^^^^^^^^^^^^^^^^

warning: function `recompute_suggestions` is never used
   --> src/ui.rs:578:8
    |
578 | pub fn recompute_suggestions(
    |        ^^^^^^^^^^^^^^^^^^^^^

warning: function `ime_cursor_area` is never used
    --> src/ui.rs:1139:8
     |
1139 | pub fn ime_cursor_area(state: &OmnibarState, w: u32) -> ((f32, f32), (f32, f32)) {
     |        ^^^^^^^^^^^^^^^

warning: function `chrome_has_content` is never used
    --> src/ui.rs:1157:8
     |
1157 | pub fn chrome_has_content(state: &OmnibarState, caption: Option<&str>) -> bool {
     |        ^^^^^^^^^^^^^^^^^^

warning: function `scene_from_dom_scrolled` is never used
    --> src/ui.rs:2006:8
     |
2006 | pub fn scene_from_dom_scrolled(
     |        ^^^^^^^^^^^^^^^^^^^^^^^

warning: function `hit_test_scrolled` is never used
    --> src/ui.rs:2033:8
     |
2033 | pub fn hit_test_scrolled(
     |        ^^^^^^^^^^^^^^^^^

warning: function `livery_paint_list` is never used
    --> src/ui.rs:2059:4
     |
2059 | fn livery_paint_list(dom: &ScriptedDom, sheet: &str, w: u32, h: u32) -> LiveryPaintList {
     |    ^^^^^^^^^^^^^^^^^

warning: function `node_rect` is never used
    --> src/ui.rs:2064:15
     |
2064 | pub(crate) fn node_rect(
     |               ^^^^^^^^^

warning: method `rebuilds` is never used
    --> src/ui.rs:2209:12
     |
2193 | impl RetainedSubtreeLayout {
     | -------------------------- method in this implementation
...
2209 |     pub fn rebuilds(&self) -> u32 {
     |            ^^^^^^^^

warning: function `subtree_node_rect` is never used
    --> src/ui.rs:2297:15
     |
2297 | pub(crate) fn subtree_node_rect(
     |               ^^^^^^^^^^^^^^^^^

warning: function `scene_from_dom_with_leaves` is never used
    --> src/ui.rs:2339:8
     |
2339 | pub fn scene_from_dom_with_leaves(
     |        ^^^^^^^^^^^^^^^^^^^^^^^^^^

warning: `turnstone` (lib) generated 91 warnings (run `cargo fix --lib -p turnstone` to apply 38 suggestions)
    Finished `dev` profile [unoptimized] target(s) in 1m 13s
