2026-10-10T09:14:13.713603Z  INFO turnstone::launch: turnstone starting
2026-10-10T09:14:13.790773Z  WARN turnstone::identity: personae vault unavailable; falling back to the unsealed profile seed err=identity backend error: no OS auto-unlock backend on this platform yet; set PERSONAE_PASSPHRASE to use the portable passphrase vault instead
2026-10-10T09:14:14.035691Z  INFO turnstone::app::session_lifecycle: no session graph; starting on the sample graph
2026-10-10T09:14:15.255380Z  INFO actor{actor="actor"}: armillary: actor started actor="actor"
2026-10-10T09:14:15.255392Z  INFO actor{actor="actor"}: armillary: actor started actor="actor"
2026-10-10T09:14:15.255771Z  INFO fjall::keyspace: Opening keyspace at "/Users/markik/Code/tabard-app-receipts/2026-10-10/turnstone/native-07/turnstone-profile/cookies"
2026-10-10T09:14:15.430990Z  INFO actor{actor="actor"}: armillary: actor started actor="actor"
2026-10-10T09:14:15.431187Z  INFO actor{actor="download-custody"}: armillary: actor started actor="download-custody"
2026-10-10T09:14:15.431222Z  INFO actor{actor="recycle-bin"}: armillary: actor started actor="recycle-bin"
2026-10-10T09:14:15.431312Z  INFO actor{actor="trail-memory"}: armillary: actor started actor="trail-memory"
2026-10-10T09:14:15.431338Z  INFO actor{actor="turnstone-place"}: armillary: actor started actor="turnstone-place"
2026-10-10T09:14:15.431528Z  INFO actor{actor="recycle-bin"}: fjall::keyspace: Opening keyspace at "/Users/markik/Code/tabard-app-receipts/2026-10-10/turnstone/native-07/turnstone-profile/sessions/7ef006b5-c7ab-44b8-956d-6f5cec19074e/bin"
2026-10-10T09:14:15.431561Z  INFO actor{actor="trail-memory"}: fjall::keyspace: Opening keyspace at "/Users/markik/Code/tabard-app-receipts/2026-10-10/turnstone/native-07/turnstone-profile/sessions/7ef006b5-c7ab-44b8-956d-6f5cec19074e/memory"
2026-10-10T09:14:15.455022Z  INFO swarm_discovery::sender: no addresses for peer, not announcing
2026-10-10T09:14:15.471934Z  INFO swarm_discovery::sender: no addresses for peer, not announcing
2026-10-10T09:14:15.575314Z  INFO turnstone::shell::a11y_bridge: a11y_bridge: installed
2026-10-10T09:14:15.877483Z  INFO vello::wgpu_engine: Initialising shader modules in parallel using 14 threads
2026-10-10T09:14:16.209317Z  WARN swarm_discovery::socket: error sending mDNS: No route to host (os error 65)
2026-10-10T09:14:16.226047Z  WARN swarm_discovery::socket: error sending mDNS: No route to host (os error 65)
2026-10-10T09:14:16.948011Z  WARN swarm_discovery::socket: error sending mDNS: No route to host (os error 65)
2026-10-10T09:14:16.984926Z  WARN swarm_discovery::socket: error sending mDNS: No route to host (os error 65)
2026-10-10T09:14:17.735482Z  WARN swarm_discovery::socket: error sending mDNS: No route to host (os error 65)
2026-10-10T09:14:17.752872Z  WARN swarm_discovery::socket: error sending mDNS: No route to host (os error 65)
2026-10-10T09:14:17.873462Z  INFO actor{actor="actor"}: armillary: actor started actor="actor"
2026-10-10T09:14:18.481813Z  WARN swarm_discovery::socket: error sending mDNS: No route to host (os error 65)
2026-10-10T09:14:18.485862Z  WARN swarm_discovery::socket: error sending mDNS: No route to host (os error 65)
[genet-render-host] surface acquire skipped: Occluded
[genet-render-host] surface acquire skipped: Occluded
[genet-render-host] surface acquire skipped: Occluded
2026-10-10T09:14:19.249957Z  WARN swarm_discovery::socket: error sending mDNS: No route to host (os error 65)
2026-10-10T09:14:19.291768Z  WARN swarm_discovery::socket: error sending mDNS: No route to host (os error 65)
2026-10-10T09:14:20.041045Z  WARN swarm_discovery::socket: error sending mDNS: No route to host (os error 65)
2026-10-10T09:14:20.091154Z  WARN swarm_discovery::socket: error sending mDNS: No route to host (os error 65)
2026-10-10T09:14:20.401826Z  INFO turnstone::shell::render: capture state open=false text= suggestions=0 surfaces=3 chrome=false nodes=12
2026-10-10T09:14:20.857242Z  WARN swarm_discovery::socket: error sending mDNS: No route to host (os error 65)
2026-10-10T09:14:20.887970Z  WARN swarm_discovery::socket: error sending mDNS: No route to host (os error 65)
2026-10-10T09:14:21.627019Z  WARN swarm_discovery::socket: error sending mDNS: No route to host (os error 65)
2026-10-10T09:14:21.638022Z  WARN swarm_discovery::socket: error sending mDNS: No route to host (os error 65)
[genet-render-host] surface acquire skipped: Occluded
[cambium-winit] accessibility Installed, 195 nodes projected
[genet-render-host] surface acquire skipped: Occluded
[cambium-host] frame total=59342us hook=147us relayout=482us layout-update=103us tick=2us apply=0us layout-rebuild=0us style-resolve=0us layout-text=0us content-extent=0us mutations=0 layout-rebuilt=false leaf-boxes=352us leaf-render=23us leaf-repaints=1 fragments=34us emit=10206us raster=29331us acquire=91us clear=0us compose=0us capture=0us present=0us a11y=18793us raster-inner=28386us invalidate=2662us rebuild=101us master=2331us vello=21814us dirty-tiles=0 producer=4us staging=0us producer-calls=2 stages=0
[genet-render-host] surface acquire skipped: Occluded
[cambium-host] frame total=61844us hook=144us relayout=490us layout-update=108us tick=0us apply=0us layout-rebuild=0us style-resolve=0us layout-text=0us content-extent=0us mutations=0 layout-rebuilt=false leaf-boxes=354us leaf-render=23us leaf-repaints=1 fragments=31us emit=11441us raster=30576us acquire=94us clear=0us compose=0us capture=0us present=0us a11y=18799us raster-inner=29472us invalidate=2586us rebuild=85us master=2233us vello=23434us dirty-tiles=0 producer=2us staging=0us producer-calls=2 stages=0
2026-10-10T09:14:22.343413Z  WARN swarm_discovery::socket: error sending mDNS: No route to host (os error 65)
[genet-render-host] surface acquire skipped: Occluded
2026-10-10T09:14:22.350072Z  WARN swarm_discovery::socket: error sending mDNS: No route to host (os error 65)
[cambium-host] frame total=58418us hook=151us relayout=474us layout-update=102us tick=0us apply=0us layout-rebuild=0us style-resolve=0us layout-text=0us content-extent=0us mutations=0 layout-rebuilt=false leaf-boxes=348us leaf-render=20us leaf-repaints=1 fragments=27us emit=11129us raster=27083us acquire=81us clear=0us compose=0us capture=0us present=0us a11y=19216us raster-inner=26061us invalidate=2441us rebuild=80us master=1391us vello=21731us dirty-tiles=0 producer=1us staging=0us producer-calls=2 stages=0
[cambium-host] frame total=61248us hook=140us relayout=474us layout-update=101us tick=0us apply=0us layout-rebuild=0us style-resolve=0us layout-text=0us content-extent=0us mutations=0 layout-rebuilt=false leaf-boxes=347us leaf-render=22us leaf-repaints=1 fragments=27us emit=10703us raster=29106us acquire=522us clear=346us compose=631us capture=0us present=105us a11y=18933us raster-inner=28243us invalidate=2483us rebuild=78us master=2434us vello=22731us dirty-tiles=0 producer=2us staging=0us producer-calls=2 stages=0
[cambium-host] frame total=61706us hook=140us relayout=471us layout-update=99us tick=0us apply=0us layout-rebuild=0us style-resolve=0us layout-text=0us content-extent=0us mutations=0 layout-rebuilt=false leaf-boxes=347us leaf-render=21us leaf-repaints=1 fragments=27us emit=10264us raster=29695us acquire=511us clear=348us compose=717us capture=0us present=111us a11y=19165us raster-inner=28738us invalidate=2514us rebuild=77us master=2063us vello=22921us dirty-tiles=0 producer=3us staging=0us producer-calls=2 stages=0
[cambium-host] frame total=61953us hook=139us relayout=511us layout-update=106us tick=0us apply=0us layout-rebuild=0us style-resolve=0us layout-text=0us content-extent=0us mutations=0 layout-rebuilt=false leaf-boxes=380us leaf-render=22us leaf-repaints=1 fragments=27us emit=11063us raster=29670us acquire=124us clear=378us compose=642us capture=0us present=133us a11y=19000us raster-inner=28259us invalidate=2646us rebuild=81us master=1555us vello=23504us dirty-tiles=0 producer=1us staging=0us producer-calls=2 stages=0
[cambium-host] frame total=57560us hook=140us relayout=470us layout-update=100us tick=0us apply=0us layout-rebuild=0us style-resolve=0us layout-text=0us content-extent=0us mutations=0 layout-rebuilt=false leaf-boxes=345us leaf-render=21us leaf-repaints=1 fragments=26us emit=10195us raster=26611us acquire=116us clear=338us compose=602us capture=0us present=110us a11y=18694us raster-inner=25774us invalidate=2479us rebuild=83us master=1273us vello=21463us dirty-tiles=0 producer=2us staging=0us producer-calls=2 stages=0
[cambium-host] frame total=62044us hook=141us relayout=473us layout-update=100us tick=0us apply=0us layout-rebuild=0us style-resolve=0us layout-text=0us content-extent=0us mutations=0 layout-rebuilt=false leaf-boxes=347us leaf-render=22us leaf-repaints=1 fragments=27us emit=10296us raster=30812us acquire=124us clear=388us compose=628us capture=0us present=111us a11y=18790us raster-inner=29793us invalidate=2439us rebuild=78us master=2383us vello=23585us dirty-tiles=0 producer=2us staging=0us producer-calls=2 stages=0
[cambium-host] frame total=60726us hook=139us relayout=472us layout-update=101us tick=0us apply=0us layout-rebuild=0us style-resolve=0us layout-text=0us content-extent=0us mutations=0 layout-rebuilt=false leaf-boxes=347us leaf-render=20us leaf-repaints=1 fragments=26us emit=10144us raster=29697us acquire=117us clear=349us compose=596us capture=0us present=110us a11y=18814us raster-inner=28797us invalidate=2605us rebuild=83us master=2093us vello=22715us dirty-tiles=0 producer=1us staging=0us producer-calls=2 stages=0
[cambium-host] frame total=59429us hook=136us relayout=1113us layout-update=789us tick=0us apply=0us layout-rebuild=0us style-resolve=0us layout-text=0us content-extent=0us mutations=0 layout-rebuilt=false leaf-boxes=298us leaf-render=22us leaf-repaints=1 fragments=26us emit=10786us raster=27057us acquire=112us clear=363us compose=589us capture=0us present=108us a11y=18753us raster-inner=26208us invalidate=2557us rebuild=611us master=1275us vello=21310us dirty-tiles=2 producer=2us staging=0us producer-calls=2 stages=0
2026-10-10T09:14:23.116883Z  WARN swarm_discovery::socket: error sending mDNS: No route to host (os error 65)
2026-10-10T09:14:23.150308Z  WARN swarm_discovery::socket: error sending mDNS: No route to host (os error 65)
[cambium-host] frame total=310692us hook=140us relayout=250140us layout-update=249841us tick=0us apply=0us layout-rebuild=249119us style-resolve=31408us layout-text=216028us content-extent=376us mutations=3 layout-rebuilt=true leaf-boxes=269us leaf-render=25us leaf-repaints=1 fragments=32us emit=9744us raster=29996us acquire=123us clear=345us compose=599us capture=0us present=108us a11y=19040us raster-inner=29213us invalidate=2523us rebuild=2647us master=1328us vello=22341us dirty-tiles=11 producer=3us staging=0us producer-calls=2 stages=0
[cambium-host] frame total=59381us hook=141us relayout=1114us layout-update=786us tick=0us apply=0us layout-rebuild=0us style-resolve=0us layout-text=0us content-extent=0us mutations=0 layout-rebuilt=false leaf-boxes=302us leaf-render=22us leaf-repaints=1 fragments=27us emit=10362us raster=27637us acquire=112us clear=353us compose=601us capture=0us present=113us a11y=18527us raster-inner=26448us invalidate=2588us rebuild=992us master=1385us vello=21062us dirty-tiles=4 producer=2us staging=0us producer-calls=2 stages=0
2026-10-10T09:14:23.858762Z  WARN swarm_discovery::socket: error sending mDNS: No route to host (os error 65)
2026-10-10T09:14:23.902412Z  WARN swarm_discovery::socket: error sending mDNS: No route to host (os error 65)
[cambium-host] frame total=311740us hook=139us relayout=252409us layout-update=252136us tick=0us apply=0us layout-rebuild=252003us style-resolve=31379us layout-text=218128us content-extent=363us mutations=2 layout-rebuilt=true leaf-boxes=244us leaf-render=24us leaf-repaints=1 fragments=33us emit=9822us raster=28879us acquire=126us clear=368us compose=607us capture=0us present=112us a11y=18823us raster-inner=27590us invalidate=2613us rebuild=1015us master=1291us vello=22224us dirty-tiles=4 producer=3us staging=0us producer-calls=2 stages=0
[cambium-host] frame total=586315us hook=143us relayout=255256us layout-update=254954us tick=0us apply=0us layout-rebuild=254839us style-resolve=31981us layout-text=220544us content-extent=423us mutations=19 layout-rebuilt=true leaf-boxes=264us leaf-render=26us leaf-repaints=1 fragments=41us emit=10450us raster=82050us acquire=128us clear=353us compose=609us capture=0us present=118us a11y=19720us raster-inner=81014us invalidate=2445us rebuild=56130us master=1519us vello=20458us dirty-tiles=247 producer=215521us staging=1534us producer-calls=2 stages=2
2026-10-10T09:14:24.667498Z  WARN swarm_discovery::socket: error sending mDNS: No route to host (os error 65)
2026-10-10T09:14:24.684319Z  WARN swarm_discovery::socket: error sending mDNS: No route to host (os error 65)
[cambium-host] frame total=309634us hook=141us relayout=250398us layout-update=250098us tick=0us apply=0us layout-rebuild=249988us style-resolve=31523us layout-text=216410us content-extent=376us mutations=1 layout-rebuilt=true leaf-boxes=271us leaf-render=24us leaf-repaints=1 fragments=31us emit=10187us raster=28552us acquire=138us clear=367us compose=618us capture=0us present=117us a11y=18824us raster-inner=27245us invalidate=2472us rebuild=604us master=1345us vello=22345us dirty-tiles=2 producer=2us staging=0us producer-calls=2 stages=0
[cambium-host] frame total=116498us hook=142us relayout=1024us layout-update=693us tick=0us apply=0us layout-rebuild=0us style-resolve=0us layout-text=0us content-extent=0us mutations=0 layout-rebuilt=false leaf-boxes=304us leaf-render=23us leaf-repaints=1 fragments=28us emit=10622us raster=84452us acquire=120us clear=343us compose=603us capture=0us present=113us a11y=18795us raster-inner=82912us invalidate=2669us rebuild=57887us master=1457us vello=20461us dirty-tiles=247 producer=1us staging=0us producer-calls=2 stages=0
2026-10-10T09:14:25.417336Z  WARN swarm_discovery::socket: error sending mDNS: No route to host (os error 65)
2026-10-10T09:14:25.427643Z  WARN swarm_discovery::socket: error sending mDNS: No route to host (os error 65)
[cambium-host] frame total=390818us hook=140us relayout=268348us layout-update=268043us tick=0us apply=0us layout-rebuild=267928us style-resolve=31982us layout-text=232704us content-extent=397us mutations=21 layout-rebuilt=true leaf-boxes=272us leaf-render=27us leaf-repaints=1 fragments=35us emit=10760us raster=90741us acquire=121us clear=350us compose=611us capture=0us present=111us a11y=19329us raster-inner=89585us invalidate=2629us rebuild=60135us master=1435us vello=24955us dirty-tiles=247 producer=3us staging=0us producer-calls=2 stages=0
[cambium-host] frame total=112322us hook=139us relayout=1121us layout-update=758us tick=0us apply=0us layout-rebuild=0us style-resolve=0us layout-text=0us content-extent=0us mutations=0 layout-rebuilt=false leaf-boxes=337us leaf-render=22us leaf-repaints=1 fragments=27us emit=12108us raster=77451us acquire=148us clear=501us compose=766us capture=0us present=118us a11y=19669us raster-inner=76217us invalidate=2800us rebuild=48949us master=1331us vello=22636us dirty-tiles=190 producer=4us staging=0us producer-calls=2 stages=0
[cambium-host] frame total=63080us hook=139us relayout=1107us layout-update=771us tick=0us apply=0us layout-rebuild=0us style-resolve=0us layout-text=0us content-extent=0us mutations=0 layout-rebuilt=false leaf-boxes=310us leaf-render=22us leaf-repaints=1 fragments=28us emit=10569us raster=30432us acquire=120us clear=351us compose=596us capture=0us present=108us a11y=19254us raster-inner=29064us invalidate=2729us rebuild=353us master=1395us vello=24102us dirty-tiles=1 producer=2us staging=0us producer-calls=2 stages=0
2026-10-10T09:14:26.151943Z  WARN swarm_discovery::socket: error sending mDNS: No route to host (os error 65)
2026-10-10T09:14:26.166280Z  WARN swarm_discovery::socket: error sending mDNS: No route to host (os error 65)
[cambium-host] frame total=358945us hook=158us relayout=286897us layout-update=286597us tick=0us apply=0us layout-rebuild=285710us style-resolve=36746us layout-text=246650us content-extent=413us mutations=2 layout-rebuilt=true leaf-boxes=269us leaf-render=26us leaf-repaints=1 fragments=32us emit=11026us raster=39971us acquire=121us clear=348us compose=621us capture=0us present=111us a11y=19061us raster-inner=38799us invalidate=2741us rebuild=4723us master=1207us vello=29649us dirty-tiles=19 producer=3us staging=0us producer-calls=2 stages=0
[cambium-host] frame total=113281us hook=137us relayout=1263us layout-update=926us tick=0us apply=0us layout-rebuild=0us style-resolve=0us layout-text=0us content-extent=0us mutations=0 layout-rebuilt=false leaf-boxes=312us leaf-render=22us leaf-repaints=1 fragments=28us emit=11088us raster=79743us acquire=121us clear=346us compose=677us capture=0us present=151us a11y=19145us raster-inner=79014us invalidate=2577us rebuild=42166us master=1365us vello=32394us dirty-tiles=177 producer=1us staging=0us producer-calls=2 stages=0
2026-10-10T09:14:26.935158Z  WARN swarm_discovery::socket: error sending mDNS: No route to host (os error 65)
2026-10-10T09:14:26.974124Z  WARN swarm_discovery::socket: error sending mDNS: No route to host (os error 65)
[cambium-host] frame total=585003us hook=102us relayout=302571us layout-update=302259us tick=0us apply=0us layout-rebuild=302154us style-resolve=33225us layout-text=265873us content-extent=384us mutations=348 layout-rebuilt=true leaf-boxes=275us leaf-render=26us leaf-repaints=1 fragments=36us emit=11038us raster=101302us acquire=129us clear=372us compose=665us capture=0us present=112us a11y=19462us raster-inner=99380us invalidate=3001us rebuild=61225us master=1546us vello=33072us dirty-tiles=247 producer=144828us staging=1445us producer-calls=2 stages=2
[cambium-host] frame total=72159us hook=101us relayout=488us layout-update=99us tick=0us apply=0us layout-rebuild=0us style-resolve=0us layout-text=0us content-extent=0us mutations=0 layout-rebuilt=false leaf-boxes=364us leaf-render=21us leaf-repaints=1 fragments=27us emit=11091us raster=39769us acquire=122us clear=358us compose=625us capture=0us present=110us a11y=19203us raster-inner=38367us invalidate=2784us rebuild=83us master=1434us vello=33555us dirty-tiles=0 producer=2us staging=0us producer-calls=2 stages=0
[cambium-host] frame total=68373us hook=99us relayout=495us layout-update=101us tick=0us apply=0us layout-rebuild=0us style-resolve=0us layout-text=0us content-extent=0us mutations=0 layout-rebuilt=false leaf-boxes=369us leaf-render=21us leaf-repaints=1 fragments=28us emit=10702us raster=36290us acquire=119us clear=349us compose=608us capture=0us present=113us a11y=19302us raster-inner=35404us invalidate=2759us rebuild=79us master=1308us vello=30765us dirty-tiles=0 producer=1us staging=0us producer-calls=2 stages=0
[cambium-host] frame total=72066us hook=100us relayout=488us layout-update=100us tick=0us apply=0us layout-rebuild=0us style-resolve=0us layout-text=0us content-extent=0us mutations=0 layout-rebuilt=false leaf-boxes=362us leaf-render=23us leaf-repaints=1 fragments=28us emit=11126us raster=39665us acquire=123us clear=362us compose=618us capture=0us present=110us a11y=19180us raster-inner=38154us invalidate=2816us rebuild=81us master=1452us vello=33311us dirty-tiles=0 producer=1us staging=0us producer-calls=2 stages=0
[cambium-host] frame total=70510us hook=100us relayout=488us layout-update=102us tick=0us apply=0us layout-rebuild=0us style-resolve=0us layout-text=0us content-extent=0us mutations=0 layout-rebuilt=false leaf-boxes=361us leaf-render=22us leaf-repaints=1 fragments=28us emit=11399us raster=37410us acquire=127us clear=360us compose=629us capture=0us present=105us a11y=19598us raster-inner=36099us invalidate=2696us rebuild=78us master=1511us vello=31323us dirty-tiles=0 producer=1us staging=0us producer-calls=2 stages=0
2026-10-10T09:14:27.708841Z  WARN swarm_discovery::socket: error sending mDNS: No route to host (os error 65)
2026-10-10T09:14:27.726175Z  WARN swarm_discovery::socket: error sending mDNS: No route to host (os error 65)
[cambium-host] frame total=71021us hook=106us relayout=492us layout-update=102us tick=0us apply=0us layout-rebuild=0us style-resolve=0us layout-text=0us content-extent=0us mutations=0 layout-rebuilt=false leaf-boxes=363us leaf-render=23us leaf-repaints=1 fragments=29us emit=11602us raster=37720us acquire=127us clear=382us compose=623us capture=0us present=111us a11y=19558us raster-inner=36145us invalidate=2711us rebuild=81us master=1630us vello=31226us dirty-tiles=0 producer=1us staging=0us producer-calls=2 stages=0
[cambium-host] frame total=74687us hook=114us relayout=499us layout-update=105us tick=0us apply=0us layout-rebuild=0us style-resolve=0us layout-text=0us content-extent=0us mutations=0 layout-rebuilt=false leaf-boxes=369us leaf-render=21us leaf-repaints=1 fragments=40us emit=12150us raster=41007us acquire=131us clear=405us compose=641us capture=0us present=116us a11y=19301us raster-inner=39832us invalidate=2805us rebuild=86us master=1590us vello=34800us dirty-tiles=0 producer=1us staging=0us producer-calls=2 stages=0
[cambium-host] frame total=69103us hook=103us relayout=487us layout-update=100us tick=0us apply=0us layout-rebuild=0us style-resolve=0us layout-text=0us content-extent=0us mutations=0 layout-rebuilt=false leaf-boxes=361us leaf-render=22us leaf-repaints=1 fragments=28us emit=11334us raster=36417us acquire=116us clear=346us compose=591us capture=0us present=113us a11y=19304us raster-inner=35590us invalidate=2656us rebuild=78us master=1336us vello=31006us dirty-tiles=0 producer=2us staging=0us producer-calls=2 stages=0
[cambium-host] frame total=73095us hook=103us relayout=495us layout-update=100us tick=0us apply=0us layout-rebuild=0us style-resolve=0us layout-text=0us content-extent=0us mutations=0 layout-rebuilt=false leaf-boxes=367us leaf-render=23us leaf-repaints=1 fragments=29us emit=10895us raster=39481us acquire=124us clear=363us compose=613us capture=0us present=110us a11y=20616us raster-inner=37814us invalidate=2614us rebuild=79us master=1316us vello=33284us dirty-tiles=0 producer=1us staging=0us producer-calls=2 stages=0
[cambium-host] frame total=71020us hook=102us relayout=487us layout-update=100us tick=0us apply=0us layout-rebuild=0us style-resolve=0us layout-text=0us content-extent=0us mutations=0 layout-rebuilt=false leaf-boxes=360us leaf-render=23us leaf-repaints=1 fragments=28us emit=10538us raster=38403us acquire=141us clear=396us compose=661us capture=0us present=156us a11y=19839us raster-inner=36246us invalidate=2688us rebuild=78us master=1363us vello=31612us dirty-tiles=0 producer=1us staging=0us producer-calls=2 stages=0
[cambium-host] frame total=71012us hook=107us relayout=501us layout-update=105us tick=0us apply=0us layout-rebuild=0us style-resolve=0us layout-text=0us content-extent=0us mutations=0 layout-rebuilt=false leaf-boxes=369us leaf-render=23us leaf-repaints=1 fragments=30us emit=11543us raster=37781us acquire=123us clear=360us compose=616us capture=0us present=109us a11y=19571us raster-inner=36586us invalidate=2813us rebuild=83us master=1418us vello=31747us dirty-tiles=0 producer=2us staging=0us producer-calls=2 stages=0
2026-10-10T09:14:28.456628Z  WARN swarm_discovery::socket: error sending mDNS: No route to host (os error 65)
2026-10-10T09:14:28.482380Z  WARN swarm_discovery::socket: error sending mDNS: No route to host (os error 65)
[cambium-host] frame total=204762us hook=102us relayout=493us layout-update=101us tick=0us apply=0us layout-rebuild=0us style-resolve=0us layout-text=0us content-extent=0us mutations=0 layout-rebuilt=false leaf-boxes=367us leaf-render=22us leaf-repaints=1 fragments=29us emit=11047us raster=38673us acquire=122us clear=355us compose=615us capture=133425us present=109us a11y=19523us raster-inner=37882us invalidate=2806us rebuild=81us master=1664us vello=31926us dirty-tiles=0 producer=2us staging=0us producer-calls=2 stages=0
2026-10-10T09:14:29.199858Z  WARN swarm_discovery::socket: error sending mDNS: No route to host (os error 65)
2026-10-10T09:14:29.243329Z  WARN swarm_discovery::socket: error sending mDNS: No route to host (os error 65)
[cambium-host] frame total=567809us hook=104us relayout=375952us layout-update=375637us tick=0us apply=0us layout-rebuild=375530us style-resolve=32980us layout-text=265856us content-extent=376us mutations=0 layout-rebuilt=true leaf-boxes=286us leaf-render=25us leaf-repaints=1 fragments=39us emit=12100us raster=50165us acquire=511us clear=348us compose=716us capture=0us present=111us a11y=19110us raster-inner=48490us invalidate=1886us rebuild=29433us master=736us vello=16228us dirty-tiles=130 producer=105582us staging=1251us producer-calls=2 stages=2
[cambium-host] frame total=50981us hook=104us relayout=503us layout-update=102us tick=0us apply=0us layout-rebuild=0us style-resolve=0us layout-text=0us content-extent=0us mutations=0 layout-rebuilt=false leaf-boxes=363us leaf-render=34us leaf-repaints=1 fragments=28us emit=11105us raster=18361us acquire=521us clear=371us compose=593us capture=0us present=109us a11y=19014us raster-inner=16675us invalidate=1819us rebuild=43us master=751us vello=13837us dirty-tiles=0 producer=1us staging=0us producer-calls=2 stages=0
[cambium-host] frame total=50315us hook=103us relayout=485us layout-update=102us tick=0us apply=0us layout-rebuild=0us style-resolve=0us layout-text=0us content-extent=0us mutations=0 layout-rebuilt=false leaf-boxes=357us leaf-render=22us leaf-repaints=1 fragments=27us emit=11387us raster=17657us acquire=116us clear=350us compose=590us capture=0us present=108us a11y=19231us raster-inner=16580us invalidate=1731us rebuild=41us master=717us vello=13894us dirty-tiles=0 producer=1us staging=0us producer-calls=2 stages=0
[cambium-host] frame total=51224us hook=102us relayout=478us layout-update=99us tick=0us apply=0us layout-rebuild=0us style-resolve=0us layout-text=0us content-extent=0us mutations=0 layout-rebuilt=false leaf-boxes=353us leaf-render=21us leaf-repaints=1 fragments=27us emit=10556us raster=19456us acquire=122us clear=354us compose=601us capture=0us present=107us a11y=19161us raster-inner=18810us invalidate=1684us rebuild=43us master=1388us vello=15008us dirty-tiles=0 producer=1us staging=0us producer-calls=2 stages=0
[cambium-host] frame total=49098us hook=101us relayout=485us layout-update=102us tick=0us apply=0us layout-rebuild=0us style-resolve=0us layout-text=0us content-extent=0us mutations=0 layout-rebuilt=false leaf-boxes=359us leaf-render=21us leaf-repaints=1 fragments=26us emit=10718us raster=17107us acquire=112us clear=349us compose=585us capture=0us present=109us a11y=19247us raster-inner=16556us invalidate=1664us rebuild=41us master=789us vello=13765us dirty-tiles=0 producer=1us staging=0us producer-calls=2 stages=0
[cambium-host] frame total=52337us hook=103us relayout=488us layout-update=104us tick=0us apply=0us layout-rebuild=0us style-resolve=0us layout-text=0us content-extent=0us mutations=0 layout-rebuilt=false leaf-boxes=358us leaf-render=22us leaf-repaints=1 fragments=29us emit=12129us raster=18048us acquire=123us clear=367us compose=634us capture=0us present=110us a11y=20021us raster-inner=17008us invalidate=1825us rebuild=43us master=745us vello=14185us dirty-tiles=0 producer=1us staging=0us producer-calls=2 stages=0
2026-10-10T09:14:30.016417Z  WARN swarm_discovery::socket: error sending mDNS: No route to host (os error 65)
2026-10-10T09:14:30.058574Z  WARN swarm_discovery::socket: error sending mDNS: No route to host (os error 65)
[cambium-host] frame total=88418us hook=102us relayout=1559us layout-update=1239us tick=0us apply=0us layout-rebuild=0us style-resolve=0us layout-text=0us content-extent=0us mutations=0 layout-rebuilt=false leaf-boxes=295us leaf-render=21us leaf-repaints=1 fragments=26us emit=11078us raster=54933us acquire=117us clear=338us compose=596us capture=0us present=109us a11y=19301us raster-inner=54257us invalidate=1712us rebuild=33711us master=878us vello=17783us dirty-tiles=130 producer=2us staging=0us producer-calls=2 stages=0
[cambium-host] frame total=51685us hook=103us relayout=483us layout-update=102us tick=0us apply=0us layout-rebuild=0us style-resolve=0us layout-text=0us content-extent=0us mutations=0 layout-rebuilt=false leaf-boxes=355us leaf-render=22us leaf-repaints=1 fragments=28us emit=10995us raster=19555us acquire=124us clear=370us compose=656us capture=0us present=134us a11y=18972us raster-inner=18715us invalidate=1821us rebuild=45us master=849us vello=15755us dirty-tiles=0 producer=1us staging=0us producer-calls=2 stages=0
[cambium-host] frame total=51121us hook=103us relayout=483us layout-update=99us tick=0us apply=0us layout-rebuild=0us style-resolve=0us layout-text=0us content-extent=0us mutations=0 layout-rebuilt=false leaf-boxes=358us leaf-render=22us leaf-repaints=1 fragments=26us emit=11106us raster=18712us acquire=123us clear=373us compose=633us capture=0us present=115us a11y=19182us raster-inner=17850us invalidate=1689us rebuild=41us master=765us vello=15131us dirty-tiles=0 producer=1us staging=0us producer-calls=2 stages=0
[cambium-host] frame total=50864us hook=103us relayout=490us layout-update=100us tick=0us apply=0us layout-rebuild=0us style-resolve=0us layout-text=0us content-extent=0us mutations=0 layout-rebuilt=false leaf-boxes=365us leaf-render=22us leaf-repaints=1 fragments=26us emit=10909us raster=18826us acquire=113us clear=342us compose=585us capture=0us present=104us a11y=19099us raster-inner=18141us invalidate=1719us rebuild=43us master=860us vello=15347us dirty-tiles=0 producer=1us staging=0us producer-calls=2 stages=0
[cambium-host] frame total=50965us hook=101us relayout=487us layout-update=100us tick=0us apply=0us layout-rebuild=0us style-resolve=0us layout-text=0us content-extent=0us mutations=0 layout-rebuilt=false leaf-boxes=364us leaf-render=20us leaf-repaints=1 fragments=27us emit=10788us raster=18867us acquire=116us clear=355us compose=600us capture=0us present=112us a11y=19249us raster-inner=18213us invalidate=1663us rebuild=42us master=901us vello=15431us dirty-tiles=0 producer=1us staging=0us producer-calls=2 stages=0
[cambium-host] frame total=53483us hook=103us relayout=490us layout-update=102us tick=0us apply=0us layout-rebuild=0us style-resolve=0us layout-text=0us content-extent=0us mutations=0 layout-rebuilt=false leaf-boxes=361us leaf-render=23us leaf-repaints=1 fragments=29us emit=12442us raster=19873us acquire=117us clear=387us compose=617us capture=0us present=111us a11y=19048us raster-inner=18445us invalidate=1800us rebuild=44us master=987us vello=15436us dirty-tiles=0 producer=1us staging=0us producer-calls=2 stages=0
[cambium-host] frame total=179596us hook=122us relayout=498us layout-update=103us tick=0us apply=0us layout-rebuild=0us style-resolve=0us layout-text=0us content-extent=0us mutations=0 layout-rebuilt=false leaf-boxes=370us leaf-render=22us leaf-repaints=1 fragments=26us emit=11002us raster=19690us acquire=113us clear=352us compose=594us capture=127346us present=104us a11y=19465us raster-inner=18013us invalidate=1696us rebuild=41us master=825us vello=15211us dirty-tiles=0 producer=1us staging=0us producer-calls=2 stages=0
2026-10-10T09:14:30.816513Z  WARN swarm_discovery::socket: error sending mDNS: No route to host (os error 65)
2026-10-10T09:14:30.827343Z  WARN swarm_discovery::socket: error sending mDNS: No route to host (os error 65)
[cambium-host] frame total=51025us hook=101us relayout=493us layout-update=102us tick=0us apply=0us layout-rebuild=0us style-resolve=0us layout-text=0us content-extent=0us mutations=0 layout-rebuilt=false leaf-boxes=365us leaf-render=22us leaf-repaints=1 fragments=28us emit=10789us raster=19073us acquire=119us clear=351us compose=598us capture=0us present=112us a11y=19096us raster-inner=18395us invalidate=1791us rebuild=45us master=836us vello=15553us dirty-tiles=0 producer=2us staging=0us producer-calls=2 stages=0
[cambium-host] frame total=295051us hook=102us relayout=211889us layout-update=211588us tick=0us apply=0us layout-rebuild=211477us style-resolve=33568us layout-text=175006us content-extent=390us mutations=6 layout-rebuilt=true leaf-boxes=272us leaf-render=25us leaf-repaints=1 fragments=34us emit=11096us raster=50330us acquire=135us clear=374us compose=652us capture=0us present=132us a11y=20021us raster-inner=48783us invalidate=1797us rebuild=33509us master=737us vello=12522us dirty-tiles=130 producer=2us staging=0us producer-calls=2 stages=0
[cambium-host] frame total=47803us hook=102us relayout=489us layout-update=109us tick=0us apply=0us layout-rebuild=0us style-resolve=0us layout-text=0us content-extent=0us mutations=0 layout-rebuilt=false leaf-boxes=354us leaf-render=21us leaf-repaints=1 fragments=27us emit=10652us raster=15792us acquire=122us clear=363us compose=614us capture=0us present=106us a11y=19269us raster-inner=14722us invalidate=1831us rebuild=43us master=679us vello=11950us dirty-tiles=0 producer=2us staging=0us producer-calls=2 stages=0
2026-10-10T09:14:31.590481Z  WARN swarm_discovery::socket: error sending mDNS: No route to host (os error 65)
2026-10-10T09:14:31.604765Z  WARN swarm_discovery::socket: error sending mDNS: No route to host (os error 65)
[cambium-host] frame total=47405us hook=103us relayout=493us layout-update=110us tick=0us apply=0us layout-rebuild=0us style-resolve=0us layout-text=0us content-extent=0us mutations=0 layout-rebuilt=false leaf-boxes=357us leaf-render=23us leaf-repaints=1 fragments=27us emit=10822us raster=15388us acquire=113us clear=345us compose=588us capture=0us present=108us a11y=19152us raster-inner=14745us invalidate=1783us rebuild=43us master=927us vello=11821us dirty-tiles=0 producer=1us staging=0us producer-calls=2 stages=0
[cambium-host] frame total=50570us hook=106us relayout=494us layout-update=109us tick=0us apply=0us layout-rebuild=0us style-resolve=0us layout-text=0us content-extent=0us mutations=0 layout-rebuilt=false leaf-boxes=359us leaf-render=22us leaf-repaints=1 fragments=29us emit=10992us raster=16520us acquire=128us clear=362us compose=685us capture=0us present=116us a11y=20867us raster-inner=15304us invalidate=1809us rebuild=50us master=931us vello=12256us dirty-tiles=0 producer=1us staging=0us producer-calls=2 stages=0
[cambium-host] frame total=50365us hook=102us relayout=504us layout-update=114us tick=0us apply=0us layout-rebuild=0us style-resolve=0us layout-text=0us content-extent=0us mutations=0 layout-rebuilt=false leaf-boxes=363us leaf-render=23us leaf-repaints=1 fragments=31us emit=10778us raster=17112us acquire=159us clear=386us compose=653us capture=0us present=111us a11y=20251us raster-inner=15237us invalidate=1876us rebuild=45us master=710us vello=12430us dirty-tiles=0 producer=3us staging=0us producer-calls=2 stages=0
[cambium-host] frame total=51118us hook=104us relayout=523us layout-update=116us tick=0us apply=0us layout-rebuild=0us style-resolve=0us layout-text=0us content-extent=0us mutations=0 layout-rebuilt=false leaf-boxes=379us leaf-render=24us leaf-repaints=1 fragments=29us emit=12482us raster=16548us acquire=128us clear=418us compose=648us capture=0us present=111us a11y=19820us raster-inner=14975us invalidate=1691us rebuild=44us master=797us vello=12177us dirty-tiles=0 producer=1us staging=0us producer-calls=2 stages=0
[cambium-host] frame total=48587us hook=102us relayout=497us layout-update=113us tick=0us apply=0us layout-rebuild=0us style-resolve=0us layout-text=0us content-extent=0us mutations=0 layout-rebuilt=false leaf-boxes=358us leaf-render=22us leaf-repaints=1 fragments=30us emit=10803us raster=16300us acquire=133us clear=373us compose=618us capture=0us present=112us a11y=19348us raster-inner=14926us invalidate=1817us rebuild=45us master=904us vello=11939us dirty-tiles=0 producer=1us staging=0us producer-calls=2 stages=0
[cambium-host] frame total=48063us hook=102us relayout=506us layout-update=111us tick=0us apply=0us layout-rebuild=0us style-resolve=0us layout-text=0us content-extent=0us mutations=0 layout-rebuilt=false leaf-boxes=368us leaf-render=23us leaf-repaints=1 fragments=29us emit=10962us raster=15499us acquire=114us clear=344us compose=588us capture=0us present=107us a11y=19544us raster-inner=14502us invalidate=1813us rebuild=43us master=877us vello=11604us dirty-tiles=0 producer=1us staging=0us producer-calls=2 stages=0
turnstone-theme: captured workshop_authored
turnstone-theme: captured workshop_narrow
turnstone-theme: FAIL: assert snap preview-errors Eq 'none': got ''
turnstone-theme: RESULT fail (52 frames, 2 captures)
2026-10-10T09:14:32.350345Z  WARN swarm_discovery::socket: error sending mDNS: No route to host (os error 65)
2026-10-10T09:14:32.367777Z  WARN swarm_discovery::socket: error sending mDNS: No route to host (os error 65)
2026-10-10T09:14:32.538133Z  INFO turnstone::shell::render: capture state open=false text= suggestions=0 surfaces=3 chrome=false nodes=12
2026-10-10T09:14:33.072479Z  WARN swarm_discovery::socket: error sending mDNS: No route to host (os error 65)
2026-10-10T09:14:33.101382Z  WARN swarm_discovery::socket: error sending mDNS: No route to host (os error 65)
2026-10-10T09:14:33.809706Z  WARN swarm_discovery::socket: error sending mDNS: No route to host (os error 65)
2026-10-10T09:14:33.860829Z  WARN swarm_discovery::socket: error sending mDNS: No route to host (os error 65)
2026-10-10T09:14:34.124658Z  INFO turnstone::shell::render: capture state open=false text= suggestions=0 surfaces=3 chrome=false nodes=12
2026-10-10T09:14:34.601122Z  WARN swarm_discovery::socket: error sending mDNS: No route to host (os error 65)
2026-10-10T09:14:34.618458Z  WARN swarm_discovery::socket: error sending mDNS: No route to host (os error 65)
2026-10-10T09:14:35.227500Z  INFO turnstone::shell::render: capture state open=false text= suggestions=0 surfaces=3 chrome=false nodes=12
2026-10-10T09:14:35.377233Z  WARN swarm_discovery::socket: error sending mDNS: No route to host (os error 65)
2026-10-10T09:14:35.383768Z  WARN swarm_discovery::socket: error sending mDNS: No route to host (os error 65)
2026-10-10T09:14:36.143495Z  WARN swarm_discovery::socket: error sending mDNS: No route to host (os error 65)
2026-10-10T09:14:36.162340Z  WARN swarm_discovery::socket: error sending mDNS: No route to host (os error 65)
2026-10-10T09:14:36.211227Z  INFO turnstone::shell::render: capture state open=false text= suggestions=0 surfaces=3 chrome=false nodes=12
2026-10-10T09:14:36.872060Z  WARN swarm_discovery::socket: error sending mDNS: No route to host (os error 65)
2026-10-10T09:14:36.916778Z  WARN swarm_discovery::socket: error sending mDNS: No route to host (os error 65)
2026-10-10T09:14:37.185240Z  INFO turnstone::shell::render: capture state open=false text= suggestions=0 surfaces=3 chrome=false nodes=12
2026-10-10T09:14:37.637210Z  WARN swarm_discovery::socket: error sending mDNS: No route to host (os error 65)
2026-10-10T09:14:37.638693Z  WARN swarm_discovery::socket: error sending mDNS: No route to host (os error 65)
2026-10-10T09:14:38.363359Z  WARN swarm_discovery::socket: error sending mDNS: No route to host (os error 65)
2026-10-10T09:14:38.389446Z  WARN swarm_discovery::socket: error sending mDNS: No route to host (os error 65)
2026-10-10T09:14:38.534646Z  INFO turnstone::shell::render: capture state open=false text= suggestions=0 surfaces=3 chrome=false nodes=12
2026-10-10T09:14:39.021560Z  INFO actor{actor="actor"}: armillary: actor finished actor="actor" lifetime_ms=21148
2026-10-10T09:14:39.023825Z  INFO actor{actor="actor"}: armillary: actor finished actor="actor" lifetime_ms=23593
2026-10-10T09:14:39.098509Z  WARN swarm_discovery::socket: error sending mDNS: No route to host (os error 65)
2026-10-10T09:14:39.125809Z  WARN swarm_discovery::socket: error sending mDNS: No route to host (os error 65)
2026-10-10T09:14:39.278411Z  INFO actor{actor="trail-memory"}: armillary: actor finished actor="trail-memory" lifetime_ms=23847
2026-10-10T09:14:39.278494Z  INFO actor{actor="download-custody"}: armillary: actor finished actor="download-custody" lifetime_ms=23847
2026-10-10T09:14:39.278509Z  INFO actor{actor="turnstone-place"}: armillary: actor finished actor="turnstone-place" lifetime_ms=23847
2026-10-10T09:14:39.279373Z  INFO actor{actor="actor"}: armillary: actor finished actor="actor" lifetime_ms=24024
2026-10-10T09:14:39.279384Z  INFO actor{actor="actor"}: armillary: actor finished actor="actor" lifetime_ms=24024
