2026-10-10T09:05:22.079398Z  INFO turnstone::launch: turnstone starting
2026-10-10T09:05:22.157561Z  WARN turnstone::identity: personae vault unavailable; falling back to the unsealed profile seed err=identity backend error: no OS auto-unlock backend on this platform yet; set PERSONAE_PASSPHRASE to use the portable passphrase vault instead
2026-10-10T09:05:22.658440Z  INFO turnstone::app::session_lifecycle: no session graph; starting on the sample graph
2026-10-10T09:05:24.253915Z  INFO actor{actor="actor"}: armillary: actor started actor="actor"
2026-10-10T09:05:24.253915Z  INFO actor{actor="actor"}: armillary: actor started actor="actor"
2026-10-10T09:05:24.254204Z  INFO fjall::keyspace: Opening keyspace at "/Users/markik/Code/tabard-app-receipts/2026-10-10/turnstone/native-05/turnstone-profile/cookies"
2026-10-10T09:05:24.384043Z  INFO actor{actor="actor"}: armillary: actor started actor="actor"
2026-10-10T09:05:24.384252Z  INFO actor{actor="download-custody"}: armillary: actor started actor="download-custody"
2026-10-10T09:05:24.384264Z  INFO actor{actor="recycle-bin"}: armillary: actor started actor="recycle-bin"
2026-10-10T09:05:24.384340Z  INFO actor{actor="trail-memory"}: armillary: actor started actor="trail-memory"
2026-10-10T09:05:24.384422Z  INFO actor{actor="turnstone-place"}: armillary: actor started actor="turnstone-place"
2026-10-10T09:05:24.384620Z  INFO actor{actor="recycle-bin"}: fjall::keyspace: Opening keyspace at "/Users/markik/Code/tabard-app-receipts/2026-10-10/turnstone/native-05/turnstone-profile/sessions/b26f868e-6214-4aa1-9bc8-300a7e469fe8/bin"
2026-10-10T09:05:24.384634Z  INFO actor{actor="trail-memory"}: fjall::keyspace: Opening keyspace at "/Users/markik/Code/tabard-app-receipts/2026-10-10/turnstone/native-05/turnstone-profile/sessions/b26f868e-6214-4aa1-9bc8-300a7e469fe8/memory"
2026-10-10T09:05:24.410140Z  INFO swarm_discovery::sender: no addresses for peer, not announcing
2026-10-10T09:05:24.423386Z  INFO swarm_discovery::sender: no addresses for peer, not announcing
2026-10-10T09:05:24.505670Z  INFO turnstone::shell::a11y_bridge: a11y_bridge: installed
2026-10-10T09:05:24.950533Z  INFO vello::wgpu_engine: Initialising shader modules in parallel using 14 threads
2026-10-10T09:05:25.155822Z  WARN swarm_discovery::socket: error sending mDNS: No route to host (os error 65)
2026-10-10T09:05:25.165447Z  WARN swarm_discovery::socket: error sending mDNS: No route to host (os error 65)
2026-10-10T09:05:25.895301Z  WARN swarm_discovery::socket: error sending mDNS: No route to host (os error 65)
2026-10-10T09:05:25.925361Z  WARN swarm_discovery::socket: error sending mDNS: No route to host (os error 65)
2026-10-10T09:05:26.629507Z  WARN swarm_discovery::socket: error sending mDNS: No route to host (os error 65)
2026-10-10T09:05:26.666568Z  WARN swarm_discovery::socket: error sending mDNS: No route to host (os error 65)
2026-10-10T09:05:26.771227Z  INFO actor{actor="actor"}: armillary: actor started actor="actor"
2026-10-10T09:05:27.375886Z  WARN swarm_discovery::socket: error sending mDNS: No route to host (os error 65)
2026-10-10T09:05:27.383610Z  WARN swarm_discovery::socket: error sending mDNS: No route to host (os error 65)
[genet-render-host] surface acquire skipped: Occluded
[genet-render-host] surface acquire skipped: Occluded
[genet-render-host] surface acquire skipped: Occluded
2026-10-10T09:05:28.155278Z  WARN swarm_discovery::socket: error sending mDNS: No route to host (os error 65)
2026-10-10T09:05:28.206662Z  WARN swarm_discovery::socket: error sending mDNS: No route to host (os error 65)
2026-10-10T09:05:28.962733Z  WARN swarm_discovery::socket: error sending mDNS: No route to host (os error 65)
2026-10-10T09:05:28.976414Z  WARN swarm_discovery::socket: error sending mDNS: No route to host (os error 65)
2026-10-10T09:05:29.322622Z  INFO turnstone::shell::render: capture state open=false text= suggestions=0 surfaces=3 chrome=false nodes=12
2026-10-10T09:05:29.735591Z  WARN swarm_discovery::socket: error sending mDNS: No route to host (os error 65)
2026-10-10T09:05:29.786971Z  WARN swarm_discovery::socket: error sending mDNS: No route to host (os error 65)
2026-10-10T09:05:30.533489Z  WARN swarm_discovery::socket: error sending mDNS: No route to host (os error 65)
2026-10-10T09:05:30.554394Z  WARN swarm_discovery::socket: error sending mDNS: No route to host (os error 65)
[genet-render-host] surface acquire skipped: Occluded
[cambium-winit] accessibility Installed, 195 nodes projected
[genet-render-host] surface acquire skipped: Occluded
[cambium-host] frame total=59694us hook=157us relayout=517us layout-update=110us tick=0us apply=0us layout-rebuild=0us style-resolve=0us layout-text=0us content-extent=0us mutations=0 layout-rebuilt=false leaf-boxes=379us leaf-render=25us leaf-repaints=1 fragments=38us emit=10500us raster=29243us acquire=85us clear=0us compose=0us capture=0us present=0us a11y=18888us raster-inner=28076us invalidate=2645us rebuild=80us master=2381us vello=21670us dirty-tiles=0 producer=2us staging=0us producer-calls=2 stages=0
[genet-render-host] surface acquire skipped: Occluded
[cambium-host] frame total=59013us hook=136us relayout=475us layout-update=102us tick=0us apply=0us layout-rebuild=0us style-resolve=0us layout-text=0us content-extent=0us mutations=0 layout-rebuilt=false leaf-boxes=348us leaf-render=21us leaf-repaints=1 fragments=24us emit=10370us raster=28851us acquire=90us clear=0us compose=0us capture=0us present=0us a11y=18808us raster-inner=28150us invalidate=2619us rebuild=81us master=1798us vello=22502us dirty-tiles=0 producer=2us staging=0us producer-calls=2 stages=0
[genet-render-host] surface acquire skipped: Occluded
[cambium-host] frame total=60913us hook=151us relayout=507us layout-update=107us tick=0us apply=0us layout-rebuild=0us style-resolve=0us layout-text=0us content-extent=0us mutations=0 layout-rebuilt=false leaf-boxes=373us leaf-render=22us leaf-repaints=1 fragments=32us emit=11091us raster=30174us acquire=90us clear=0us compose=0us capture=0us present=0us a11y=18579us raster-inner=29502us invalidate=2611us rebuild=82us master=2549us vello=23461us dirty-tiles=0 producer=1us staging=0us producer-calls=2 stages=0
2026-10-10T09:05:31.321925Z  WARN swarm_discovery::socket: error sending mDNS: No route to host (os error 65)
2026-10-10T09:05:31.372400Z  WARN swarm_discovery::socket: error sending mDNS: No route to host (os error 65)
[cambium-host] frame total=61097us hook=138us relayout=475us layout-update=101us tick=0us apply=0us layout-rebuild=0us style-resolve=0us layout-text=0us content-extent=0us mutations=0 layout-rebuilt=false leaf-boxes=349us leaf-render=22us leaf-repaints=1 fragments=28us emit=10512us raster=28494us acquire=510us clear=368us compose=700us capture=0us present=125us a11y=19488us raster-inner=27624us invalidate=2600us rebuild=80us master=1957us vello=22574us dirty-tiles=0 producer=2us staging=0us producer-calls=2 stages=0
[cambium-host] frame total=58287us hook=139us relayout=475us layout-update=102us tick=0us apply=0us layout-rebuild=0us style-resolve=0us layout-text=0us content-extent=0us mutations=0 layout-rebuilt=false leaf-boxes=348us leaf-render=22us leaf-repaints=1 fragments=26us emit=10316us raster=26312us acquire=514us clear=367us compose=704us capture=0us present=125us a11y=19054us raster-inner=25620us invalidate=2527us rebuild=81us master=1661us vello=20839us dirty-tiles=0 producer=2us staging=0us producer-calls=2 stages=0
[cambium-host] frame total=58467us hook=140us relayout=471us layout-update=98us tick=0us apply=0us layout-rebuild=0us style-resolve=0us layout-text=0us content-extent=0us mutations=0 layout-rebuilt=false leaf-boxes=348us leaf-render=22us leaf-repaints=1 fragments=26us emit=11010us raster=26584us acquire=119us clear=359us compose=616us capture=0us present=109us a11y=18778us raster-inner=25892us invalidate=2637us rebuild=98us master=1491us vello=21208us dirty-tiles=0 producer=2us staging=0us producer-calls=2 stages=0
[cambium-host] frame total=58129us hook=140us relayout=480us layout-update=99us tick=0us apply=0us layout-rebuild=0us style-resolve=0us layout-text=0us content-extent=0us mutations=0 layout-rebuilt=false leaf-boxes=354us leaf-render=23us leaf-repaints=1 fragments=29us emit=10448us raster=26794us acquire=124us clear=349us compose=627us capture=0us present=102us a11y=18777us raster-inner=25990us invalidate=2596us rebuild=82us master=1475us vello=21417us dirty-tiles=0 producer=2us staging=0us producer-calls=2 stages=0
[cambium-host] frame total=60897us hook=140us relayout=496us layout-update=114us tick=0us apply=0us layout-rebuild=0us style-resolve=0us layout-text=0us content-extent=0us mutations=0 layout-rebuilt=false leaf-boxes=355us leaf-render=23us leaf-repaints=1 fragments=27us emit=11328us raster=28220us acquire=119us clear=348us compose=626us capture=0us present=122us a11y=19214us raster-inner=27399us invalidate=2470us rebuild=79us master=1250us vello=23144us dirty-tiles=0 producer=2us staging=0us producer-calls=2 stages=0
[cambium-host] frame total=58453us hook=138us relayout=482us layout-update=100us tick=0us apply=0us layout-rebuild=0us style-resolve=0us layout-text=0us content-extent=0us mutations=0 layout-rebuilt=false leaf-boxes=356us leaf-render=22us leaf-repaints=1 fragments=27us emit=10340us raster=26233us acquire=122us clear=358us compose=607us capture=0us present=113us a11y=19781us raster-inner=25584us invalidate=2433us rebuild=77us master=1184us vello=21211us dirty-tiles=0 producer=1us staging=0us producer-calls=2 stages=0
[cambium-host] frame total=62416us hook=141us relayout=1132us layout-update=801us tick=0us apply=0us layout-rebuild=0us style-resolve=0us layout-text=0us content-extent=0us mutations=0 layout-rebuilt=false leaf-boxes=303us leaf-render=23us leaf-repaints=1 fragments=27us emit=10626us raster=30292us acquire=119us clear=345us compose=689us capture=0us present=110us a11y=18550us raster-inner=29460us invalidate=2616us rebuild=632us master=2102us vello=22939us dirty-tiles=2 producer=2us staging=0us producer-calls=2 stages=0
2026-10-10T09:05:32.135592Z  WARN swarm_discovery::socket: error sending mDNS: No route to host (os error 65)
2026-10-10T09:05:32.146976Z  WARN swarm_discovery::socket: error sending mDNS: No route to host (os error 65)
[cambium-host] frame total=312817us hook=139us relayout=251749us layout-update=251464us tick=0us apply=0us layout-rebuild=250765us style-resolve=32551us layout-text=216788us content-extent=368us mutations=3 layout-rebuilt=true leaf-boxes=254us leaf-render=26us leaf-repaints=1 fragments=32us emit=10076us raster=30456us acquire=130us clear=369us compose=630us capture=0us present=109us a11y=18704us raster-inner=29606us invalidate=2604us rebuild=2694us master=1387us vello=22122us dirty-tiles=11 producer=3us staging=0us producer-calls=2 stages=0
[cambium-host] frame total=58774us hook=140us relayout=1117us layout-update=786us tick=0us apply=0us layout-rebuild=0us style-resolve=0us layout-text=0us content-extent=0us mutations=0 layout-rebuilt=false leaf-boxes=304us leaf-render=23us leaf-repaints=1 fragments=28us emit=10206us raster=26938us acquire=117us clear=337us compose=588us capture=0us present=116us a11y=18803us raster-inner=26153us invalidate=2570us rebuild=1056us master=1325us vello=20752us dirty-tiles=4 producer=2us staging=0us producer-calls=2 stages=0
[cambium-host] frame total=317812us hook=138us relayout=255799us layout-update=255493us tick=0us apply=0us layout-rebuild=255357us style-resolve=31827us layout-text=221356us content-extent=413us mutations=2 layout-rebuilt=true leaf-boxes=273us leaf-render=28us leaf-repaints=1 fragments=34us emit=10949us raster=29545us acquire=131us clear=375us compose=631us capture=0us present=109us a11y=19654us raster-inner=28467us invalidate=2599us rebuild=1067us master=1337us vello=23024us dirty-tiles=4 producer=3us staging=0us producer-calls=2 stages=0
2026-10-10T09:05:32.918322Z  WARN swarm_discovery::socket: error sending mDNS: No route to host (os error 65)
2026-10-10T09:05:32.946336Z  WARN swarm_discovery::socket: error sending mDNS: No route to host (os error 65)
[cambium-host] frame total=580428us hook=140us relayout=251784us layout-update=251506us tick=0us apply=0us layout-rebuild=251389us style-resolve=31861us layout-text=216815us content-extent=384us mutations=19 layout-rebuilt=true leaf-boxes=245us leaf-render=24us leaf-repaints=1 fragments=39us emit=10650us raster=82045us acquire=122us clear=343us compose=597us capture=0us present=113us a11y=18811us raster-inner=81265us invalidate=2601us rebuild=55051us master=2177us vello=20226us dirty-tiles=247 producer=213763us staging=1619us producer-calls=2 stages=2
2026-10-10T09:05:33.653915Z  WARN swarm_discovery::socket: error sending mDNS: No route to host (os error 65)
2026-10-10T09:05:33.692247Z  WARN swarm_discovery::socket: error sending mDNS: No route to host (os error 65)
[cambium-host] frame total=306486us hook=140us relayout=249028us layout-update=248750us tick=0us apply=0us layout-rebuild=248636us style-resolve=32008us layout-text=214544us content-extent=426us mutations=1 layout-rebuilt=true leaf-boxes=248us leaf-render=24us leaf-repaints=1 fragments=34us emit=9868us raster=27063us acquire=131us clear=356us compose=590us capture=0us present=110us a11y=18915us raster-inner=26179us invalidate=2541us rebuild=629us master=1339us vello=21193us dirty-tiles=2 producer=3us staging=0us producer-calls=2 stages=0
[cambium-host] frame total=112539us hook=143us relayout=1041us layout-update=705us tick=0us apply=0us layout-rebuild=0us style-resolve=0us layout-text=0us content-extent=0us mutations=0 layout-rebuilt=false leaf-boxes=310us leaf-render=23us leaf-repaints=1 fragments=28us emit=10360us raster=80576us acquire=119us clear=353us compose=615us capture=0us present=106us a11y=18935us raster-inner=79889us invalidate=2499us rebuild=56397us master=1297us vello=19263us dirty-tiles=247 producer=2us staging=0us producer-calls=2 stages=0
2026-10-10T09:05:34.431221Z  WARN swarm_discovery::socket: error sending mDNS: No route to host (os error 65)
2026-10-10T09:05:34.444596Z  WARN swarm_discovery::socket: error sending mDNS: No route to host (os error 65)
[cambium-host] frame total=384945us hook=139us relayout=264266us layout-update=263981us tick=0us apply=0us layout-rebuild=263867us style-resolve=31899us layout-text=229850us content-extent=385us mutations=21 layout-rebuilt=true leaf-boxes=252us leaf-render=26us leaf-repaints=1 fragments=34us emit=10241us raster=89478us acquire=119us clear=350us compose=591us capture=0us present=110us a11y=19358us raster-inner=88694us invalidate=2721us rebuild=58592us master=1369us vello=24780us dirty-tiles=247 producer=2us staging=0us producer-calls=2 stages=0
[cambium-host] frame total=107319us hook=138us relayout=1060us layout-update=720us tick=0us apply=0us layout-rebuild=0us style-resolve=0us layout-text=0us content-extent=0us mutations=0 layout-rebuilt=false leaf-boxes=312us leaf-render=24us leaf-repaints=1 fragments=27us emit=10746us raster=74310us acquire=124us clear=349us compose=595us capture=0us present=109us a11y=19596us raster-inner=73381us invalidate=2755us rebuild=45067us master=1261us vello=23821us dirty-tiles=190 producer=2us staging=0us producer-calls=2 stages=0
[cambium-host] frame total=63739us hook=140us relayout=1112us layout-update=772us tick=0us apply=0us layout-rebuild=0us style-resolve=0us layout-text=0us content-extent=0us mutations=0 layout-rebuilt=false leaf-boxes=312us leaf-render=24us leaf-repaints=1 fragments=27us emit=10870us raster=30045us acquire=128us clear=385us compose=640us capture=0us present=128us a11y=19869us raster-inner=29016us invalidate=2704us rebuild=337us master=1391us vello=24082us dirty-tiles=1 producer=2us staging=0us producer-calls=2 stages=0
2026-10-10T09:05:35.214216Z  WARN swarm_discovery::socket: error sending mDNS: No route to host (os error 65)
2026-10-10T09:05:35.226592Z  WARN swarm_discovery::socket: error sending mDNS: No route to host (os error 65)
[cambium-host] frame total=361980us hook=139us relayout=288854us layout-update=288537us tick=0us apply=0us layout-rebuild=287641us style-resolve=32402us layout-text=252692us content-extent=447us mutations=2 layout-rebuilt=true leaf-boxes=285us leaf-render=26us leaf-repaints=1 fragments=34us emit=10905us raster=40693us acquire=125us clear=355us compose=616us capture=0us present=104us a11y=19548us raster-inner=39577us invalidate=2755us rebuild=4912us master=1664us vello=29760us dirty-tiles=19 producer=4us staging=0us producer-calls=2 stages=0
[cambium-host] frame total=116316us hook=139us relayout=1267us layout-update=930us tick=0us apply=0us layout-rebuild=0us style-resolve=0us layout-text=0us content-extent=0us mutations=0 layout-rebuilt=false leaf-boxes=310us leaf-render=24us leaf-repaints=1 fragments=27us emit=11166us raster=81768us acquire=126us clear=362us compose=611us capture=0us present=143us a11y=20129us raster-inner=80948us invalidate=2805us rebuild=43073us master=1514us vello=32335us dirty-tiles=177 producer=2us staging=0us producer-calls=2 stages=0
2026-10-10T09:05:35.942289Z  WARN swarm_discovery::socket: error sending mDNS: No route to host (os error 65)
2026-10-10T09:05:35.956202Z  WARN swarm_discovery::socket: error sending mDNS: No route to host (os error 65)
[cambium-host] frame total=568989us hook=102us relayout=293861us layout-update=293566us tick=0us apply=0us layout-rebuild=293442us style-resolve=34136us layout-text=256800us content-extent=405us mutations=348 layout-rebuilt=true leaf-boxes=257us leaf-render=24us leaf-repaints=1 fragments=35us emit=10859us raster=99633us acquire=124us clear=340us compose=607us capture=0us present=110us a11y=19469us raster-inner=98685us invalidate=2967us rebuild=60840us master=2158us vello=31531us dirty-tiles=247 producer=140744us staging=1317us producer-calls=2 stages=2
[cambium-host] frame total=70453us hook=102us relayout=487us layout-update=99us tick=0us apply=0us layout-rebuild=0us style-resolve=0us layout-text=0us content-extent=0us mutations=0 layout-rebuilt=false leaf-boxes=362us leaf-render=22us leaf-repaints=1 fragments=35us emit=10637us raster=38601us acquire=118us clear=340us compose=589us capture=0us present=105us a11y=19178us raster-inner=37238us invalidate=2752us rebuild=77us master=1422us vello=32540us dirty-tiles=0 producer=1us staging=0us producer-calls=2 stages=0
[cambium-host] frame total=71514us hook=99us relayout=488us layout-update=100us tick=0us apply=0us layout-rebuild=0us style-resolve=0us layout-text=0us content-extent=0us mutations=0 layout-rebuilt=false leaf-boxes=362us leaf-render=22us leaf-repaints=1 fragments=25us emit=11117us raster=38733us acquire=118us clear=344us compose=625us capture=0us present=105us a11y=19596us raster-inner=37824us invalidate=2743us rebuild=78us master=1340us vello=33161us dirty-tiles=0 producer=2us staging=0us producer-calls=2 stages=0
[cambium-host] frame total=69235us hook=101us relayout=485us layout-update=99us tick=0us apply=0us layout-rebuild=0us style-resolve=0us layout-text=0us content-extent=0us mutations=0 layout-rebuilt=false leaf-boxes=360us leaf-render=22us leaf-repaints=1 fragments=26us emit=11148us raster=36163us acquire=128us clear=360us compose=614us capture=0us present=110us a11y=19838us raster-inner=34954us invalidate=2695us rebuild=78us master=1456us vello=30282us dirty-tiles=0 producer=1us staging=0us producer-calls=2 stages=0
[cambium-host] frame total=68761us hook=101us relayout=490us layout-update=101us tick=0us apply=0us layout-rebuild=0us style-resolve=0us layout-text=0us content-extent=0us mutations=0 layout-rebuilt=false leaf-boxes=365us leaf-render=21us leaf-repaints=1 fragments=27us emit=11148us raster=36082us acquire=118us clear=343us compose=591us capture=0us present=111us a11y=19484us raster-inner=35250us invalidate=2721us rebuild=76us master=1423us vello=30530us dirty-tiles=0 producer=2us staging=0us producer-calls=2 stages=0
[cambium-host] frame total=71743us hook=100us relayout=486us layout-update=99us tick=0us apply=0us layout-rebuild=0us style-resolve=0us layout-text=0us content-extent=0us mutations=0 layout-rebuilt=false leaf-boxes=363us leaf-render=21us leaf-repaints=1 fragments=25us emit=11078us raster=38940us acquire=128us clear=389us compose=626us capture=0us present=112us a11y=19596us raster-inner=37720us invalidate=2848us rebuild=97us master=1374us vello=32906us dirty-tiles=0 producer=2us staging=0us producer-calls=2 stages=0
2026-10-10T09:05:36.674660Z  WARN swarm_discovery::socket: error sending mDNS: No route to host (os error 65)
2026-10-10T09:05:36.697103Z  WARN swarm_discovery::socket: error sending mDNS: No route to host (os error 65)
[cambium-host] frame total=69885us hook=101us relayout=487us layout-update=101us tick=0us apply=0us layout-rebuild=0us style-resolve=0us layout-text=0us content-extent=0us mutations=0 layout-rebuilt=false leaf-boxes=361us leaf-render=21us leaf-repaints=1 fragments=25us emit=11498us raster=36425us acquire=112us clear=348us compose=591us capture=0us present=114us a11y=19922us raster-inner=35180us invalidate=2869us rebuild=78us master=1421us vello=30309us dirty-tiles=0 producer=1us staging=0us producer-calls=2 stages=0
[cambium-host] frame total=69040us hook=102us relayout=493us layout-update=100us tick=0us apply=0us layout-rebuild=0us style-resolve=0us layout-text=0us content-extent=0us mutations=0 layout-rebuilt=false leaf-boxes=365us leaf-render=24us leaf-repaints=1 fragments=27us emit=11468us raster=36050us acquire=120us clear=356us compose=593us capture=0us present=106us a11y=19458us raster-inner=35146us invalidate=2817us rebuild=82us master=1392us vello=30367us dirty-tiles=0 producer=2us staging=0us producer-calls=2 stages=0
[cambium-host] frame total=69131us hook=101us relayout=488us layout-update=101us tick=0us apply=0us layout-rebuild=0us style-resolve=0us layout-text=0us content-extent=0us mutations=0 layout-rebuilt=false leaf-boxes=362us leaf-render=21us leaf-repaints=1 fragments=25us emit=11453us raster=36146us acquire=124us clear=357us compose=644us capture=0us present=112us a11y=19419us raster-inner=35250us invalidate=2723us rebuild=76us master=1346us vello=30617us dirty-tiles=0 producer=1us staging=0us producer-calls=2 stages=0
[cambium-host] frame total=70146us hook=103us relayout=492us layout-update=100us tick=0us apply=0us layout-rebuild=0us style-resolve=0us layout-text=0us content-extent=0us mutations=0 layout-rebuilt=false leaf-boxes=366us leaf-render=23us leaf-repaints=1 fragments=28us emit=11186us raster=36862us acquire=123us clear=370us compose=638us capture=0us present=151us a11y=19926us raster-inner=35789us invalidate=2847us rebuild=76us master=1322us vello=31041us dirty-tiles=0 producer=2us staging=0us producer-calls=2 stages=0
[cambium-host] frame total=72825us hook=100us relayout=490us layout-update=100us tick=0us apply=0us layout-rebuild=0us style-resolve=0us layout-text=0us content-extent=0us mutations=0 layout-rebuilt=false leaf-boxes=363us leaf-render=23us leaf-repaints=1 fragments=26us emit=11710us raster=39389us acquire=123us clear=353us compose=657us capture=0us present=116us a11y=19595us raster-inner=38462us invalidate=2827us rebuild=84us master=1383us vello=33646us dirty-tiles=0 producer=2us staging=0us producer-calls=2 stages=0
[cambium-host] frame total=71666us hook=108us relayout=562us layout-update=129us tick=0us apply=0us layout-rebuild=0us style-resolve=0us layout-text=0us content-extent=0us mutations=0 layout-rebuilt=false leaf-boxes=405us leaf-render=24us leaf-repaints=1 fragments=30us emit=11959us raster=36741us acquire=118us clear=344us compose=600us capture=1145us present=114us a11y=19607us raster-inner=35822us invalidate=2853us rebuild=86us master=1528us vello=30782us dirty-tiles=0 producer=3us staging=0us producer-calls=2 stages=0
2026-10-10T09:05:37.429631Z  WARN swarm_discovery::socket: error sending mDNS: No route to host (os error 65)
2026-10-10T09:05:37.432286Z  WARN swarm_discovery::socket: error sending mDNS: No route to host (os error 65)
2026-10-10T09:05:38.152950Z  WARN swarm_discovery::socket: error sending mDNS: No route to host (os error 65)
2026-10-10T09:05:38.176445Z  WARN swarm_discovery::socket: error sending mDNS: No route to host (os error 65)
[cambium-host] frame total=569322us hook=106us relayout=377936us layout-update=377582us tick=0us apply=0us layout-rebuild=377477us style-resolve=32307us layout-text=267804us content-extent=387us mutations=0 layout-rebuilt=true leaf-boxes=322us leaf-render=27us leaf-repaints=1 fragments=38us emit=11278us raster=51645us acquire=486us clear=348us compose=630us capture=0us present=107us a11y=19034us raster-inner=50913us invalidate=1855us rebuild=31248us master=778us vello=16816us dirty-tiles=130 producer=104469us staging=1358us producer-calls=2 stages=2
[cambium-host] frame total=51275us hook=100us relayout=489us layout-update=101us tick=0us apply=0us layout-rebuild=0us style-resolve=0us layout-text=0us content-extent=0us mutations=0 layout-rebuilt=false leaf-boxes=360us leaf-render=24us leaf-repaints=1 fragments=28us emit=11427us raster=17662us acquire=550us clear=355us compose=703us capture=0us present=122us a11y=19573us raster-inner=16909us invalidate=1670us rebuild=43us master=708us vello=14268us dirty-tiles=0 producer=1us staging=0us producer-calls=2 stages=0
[cambium-host] frame total=49265us hook=102us relayout=492us layout-update=103us tick=0us apply=0us layout-rebuild=0us style-resolve=0us layout-text=0us content-extent=0us mutations=0 layout-rebuilt=false leaf-boxes=365us leaf-render=21us leaf-repaints=1 fragments=26us emit=10575us raster=17438us acquire=112us clear=334us compose=582us capture=0us present=111us a11y=19236us raster-inner=16403us invalidate=1664us rebuild=42us master=853us vello=13643us dirty-tiles=0 producer=2us staging=0us producer-calls=2 stages=0
[cambium-host] frame total=49640us hook=103us relayout=487us layout-update=102us tick=0us apply=0us layout-rebuild=0us style-resolve=0us layout-text=0us content-extent=0us mutations=0 layout-rebuilt=false leaf-boxes=358us leaf-render=23us leaf-repaints=1 fragments=27us emit=10735us raster=17753us acquire=121us clear=368us compose=759us capture=0us present=112us a11y=18914us raster-inner=16733us invalidate=1876us rebuild=45us master=867us vello=13793us dirty-tiles=0 producer=1us staging=0us producer-calls=2 stages=0
[cambium-host] frame total=50200us hook=100us relayout=482us layout-update=99us tick=0us apply=0us layout-rebuild=0us style-resolve=0us layout-text=0us content-extent=0us mutations=0 layout-rebuilt=false leaf-boxes=356us leaf-render=23us leaf-repaints=1 fragments=26us emit=10454us raster=17766us acquire=124us clear=356us compose=628us capture=0us present=114us a11y=19889us raster-inner=16754us invalidate=1759us rebuild=40us master=711us vello=14028us dirty-tiles=0 producer=1us staging=0us producer-calls=2 stages=0
[cambium-host] frame total=49711us hook=101us relayout=479us layout-update=101us tick=0us apply=0us layout-rebuild=0us style-resolve=0us layout-text=0us content-extent=0us mutations=0 layout-rebuilt=false leaf-boxes=353us leaf-render=21us leaf-repaints=1 fragments=25us emit=10490us raster=17681us acquire=118us clear=356us compose=597us capture=0us present=105us a11y=19499us raster-inner=16771us invalidate=1752us rebuild=44us master=777us vello=13975us dirty-tiles=0 producer=2us staging=0us producer-calls=2 stages=0
[cambium-host] frame total=86846us hook=101us relayout=1489us layout-update=1168us tick=0us apply=0us layout-rebuild=0us style-resolve=0us layout-text=0us content-extent=0us mutations=0 layout-rebuilt=false leaf-boxes=295us leaf-render=22us leaf-repaints=1 fragments=25us emit=10530us raster=54189us acquire=117us clear=346us compose=594us capture=0us present=105us a11y=19089us raster-inner=53180us invalidate=1814us rebuild=32971us master=876us vello=17333us dirty-tiles=130 producer=2us staging=0us producer-calls=2 stages=0
2026-10-10T09:05:38.890143Z  WARN swarm_discovery::socket: error sending mDNS: No route to host (os error 65)
2026-10-10T09:05:38.932696Z  WARN swarm_discovery::socket: error sending mDNS: No route to host (os error 65)
[cambium-host] frame total=50939us hook=101us relayout=488us layout-update=98us tick=0us apply=0us layout-rebuild=0us style-resolve=0us layout-text=0us content-extent=0us mutations=0 layout-rebuilt=false leaf-boxes=365us leaf-render=21us leaf-repaints=1 fragments=25us emit=10585us raster=18940us acquire=117us clear=342us compose=600us capture=0us present=113us a11y=19364us raster-inner=17852us invalidate=1706us rebuild=41us master=700us vello=15181us dirty-tiles=0 producer=1us staging=0us producer-calls=2 stages=0
[cambium-host] frame total=50958us hook=99us relayout=485us layout-update=99us tick=0us apply=0us layout-rebuild=0us style-resolve=0us layout-text=0us content-extent=0us mutations=0 layout-rebuilt=false leaf-boxes=361us leaf-render=21us leaf-repaints=1 fragments=25us emit=10452us raster=19178us acquire=126us clear=371us compose=643us capture=0us present=106us a11y=19208us raster-inner=18294us invalidate=1772us rebuild=44us master=775us vello=15477us dirty-tiles=0 producer=1us staging=0us producer-calls=2 stages=0
[cambium-host] frame total=51035us hook=99us relayout=486us layout-update=101us tick=0us apply=0us layout-rebuild=0us style-resolve=0us layout-text=0us content-extent=0us mutations=0 layout-rebuilt=false leaf-boxes=359us leaf-render=22us leaf-repaints=1 fragments=26us emit=10982us raster=18997us acquire=118us clear=343us compose=587us capture=0us present=106us a11y=19027us raster-inner=17936us invalidate=1756us rebuild=44us master=780us vello=15106us dirty-tiles=0 producer=2us staging=0us producer-calls=2 stages=0
[cambium-host] frame total=50862us hook=104us relayout=494us layout-update=100us tick=0us apply=0us layout-rebuild=0us style-resolve=0us layout-text=0us content-extent=0us mutations=0 layout-rebuilt=false leaf-boxes=368us leaf-render=22us leaf-repaints=1 fragments=26us emit=10660us raster=19110us acquire=114us clear=346us compose=614us capture=0us present=107us a11y=19023us raster-inner=17909us invalidate=1660us rebuild=41us master=900us vello=15092us dirty-tiles=0 producer=1us staging=0us producer-calls=2 stages=0
[cambium-host] frame total=51532us hook=105us relayout=492us layout-update=100us tick=0us apply=0us layout-rebuild=0us style-resolve=0us layout-text=0us content-extent=0us mutations=0 layout-rebuilt=false leaf-boxes=367us leaf-render=21us leaf-repaints=1 fragments=25us emit=10853us raster=19572us acquire=120us clear=355us compose=604us capture=0us present=117us a11y=19026us raster-inner=18718us invalidate=1753us rebuild=41us master=1166us vello=15521us dirty-tiles=0 producer=1us staging=0us producer-calls=2 stages=0
[cambium-host] frame total=52927us hook=102us relayout=488us layout-update=101us tick=0us apply=0us layout-rebuild=0us style-resolve=0us layout-text=0us content-extent=0us mutations=0 layout-rebuilt=false leaf-boxes=361us leaf-render=22us leaf-repaints=1 fragments=26us emit=11343us raster=19456us acquire=122us clear=357us compose=606us capture=1067us present=115us a11y=18979us raster-inner=18377us invalidate=1795us rebuild=44us master=783us vello=15520us dirty-tiles=0 producer=1us staging=0us producer-calls=2 stages=0
2026-10-10T09:05:39.699275Z  WARN swarm_discovery::socket: error sending mDNS: No route to host (os error 65)
2026-10-10T09:05:39.741729Z  WARN swarm_discovery::socket: error sending mDNS: No route to host (os error 65)
[cambium-host] frame total=291372us hook=101us relayout=211084us layout-update=210770us tick=0us apply=0us layout-rebuild=210659us style-resolve=32733us layout-text=174380us content-extent=386us mutations=6 layout-rebuilt=true leaf-boxes=282us leaf-render=28us leaf-repaints=1 fragments=34us emit=10130us raster=49229us acquire=127us clear=358us compose=612us capture=0us present=112us a11y=19300us raster-inner=48187us invalidate=1765us rebuild=33384us master=691us vello=12131us dirty-tiles=130 producer=3us staging=0us producer-calls=2 stages=0
[cambium-host] frame total=47501us hook=102us relayout=490us layout-update=108us tick=0us apply=0us layout-rebuild=0us style-resolve=0us layout-text=0us content-extent=0us mutations=0 layout-rebuilt=false leaf-boxes=357us leaf-render=22us leaf-repaints=1 fragments=27us emit=10571us raster=15462us acquire=127us clear=362us compose=613us capture=0us present=109us a11y=19373us raster-inner=14520us invalidate=1679us rebuild=42us master=817us vello=11741us dirty-tiles=0 producer=1us staging=0us producer-calls=2 stages=0
[cambium-host] frame total=47467us hook=102us relayout=508us layout-update=112us tick=0us apply=0us layout-rebuild=0us style-resolve=0us layout-text=0us content-extent=0us mutations=0 layout-rebuilt=false leaf-boxes=368us leaf-render=24us leaf-repaints=1 fragments=27us emit=10649us raster=15596us acquire=117us clear=357us compose=601us capture=0us present=104us a11y=19136us raster-inner=14541us invalidate=1681us rebuild=41us master=705us vello=11891us dirty-tiles=0 producer=1us staging=0us producer-calls=2 stages=0
[cambium-host] frame total=48572us hook=101us relayout=491us layout-update=110us tick=0us apply=0us layout-rebuild=0us style-resolve=0us layout-text=0us content-extent=0us mutations=0 layout-rebuilt=false leaf-boxes=355us leaf-render=23us leaf-repaints=1 fragments=27us emit=11231us raster=15780us acquire=127us clear=372us compose=647us capture=0us present=111us a11y=19420us raster-inner=14723us invalidate=1781us rebuild=43us master=825us vello=11834us dirty-tiles=0 producer=2us staging=0us producer-calls=2 stages=0
[cambium-host] frame total=48762us hook=112us relayout=501us layout-update=113us tick=0us apply=0us layout-rebuild=0us style-resolve=0us layout-text=0us content-extent=0us mutations=0 layout-rebuilt=false leaf-boxes=363us leaf-render=22us leaf-repaints=1 fragments=28us emit=11588us raster=15709us acquire=123us clear=358us compose=605us capture=0us present=110us a11y=19345us raster-inner=15051us invalidate=1833us rebuild=45us master=751us vello=12187us dirty-tiles=0 producer=3us staging=0us producer-calls=2 stages=0
[cambium-host] frame total=47499us hook=101us relayout=497us layout-update=113us tick=0us apply=0us layout-rebuild=0us style-resolve=0us layout-text=0us content-extent=0us mutations=0 layout-rebuilt=false leaf-boxes=357us leaf-render=22us leaf-repaints=1 fragments=26us emit=10870us raster=15563us acquire=114us clear=342us compose=586us capture=0us present=106us a11y=19032us raster-inner=14534us invalidate=1723us rebuild=43us master=849us vello=11712us dirty-tiles=0 producer=1us staging=0us producer-calls=2 stages=0
2026-10-10T09:05:40.459773Z  WARN swarm_discovery::socket: error sending mDNS: No route to host (os error 65)
2026-10-10T09:05:40.478974Z  WARN swarm_discovery::socket: error sending mDNS: No route to host (os error 65)
[cambium-host] frame total=48489us hook=103us relayout=503us layout-update=115us tick=0us apply=0us layout-rebuild=0us style-resolve=0us layout-text=0us content-extent=0us mutations=0 layout-rebuilt=false leaf-boxes=362us leaf-render=22us leaf-repaints=1 fragments=29us emit=11496us raster=15744us acquire=125us clear=377us compose=622us capture=0us present=110us a11y=19083us raster-inner=14621us invalidate=1825us rebuild=43us master=798us vello=11719us dirty-tiles=0 producer=1us staging=0us producer-calls=2 stages=0
[cambium-host] frame total=47465us hook=103us relayout=501us layout-update=111us tick=0us apply=0us layout-rebuild=0us style-resolve=0us layout-text=0us content-extent=0us mutations=0 layout-rebuilt=false leaf-boxes=363us leaf-render=22us leaf-repaints=1 fragments=28us emit=10652us raster=15481us acquire=120us clear=352us compose=590us capture=0us present=110us a11y=19261us raster-inner=14556us invalidate=1798us rebuild=41us master=723us vello=11773us dirty-tiles=0 producer=1us staging=0us producer-calls=2 stages=0
turnstone-theme: captured workshop_authored
turnstone-theme: captured workshop_narrow
turnstone-theme: RESULT ok (51 frames, 2 captures)
2026-10-10T09:05:41.048285Z  INFO turnstone::shell::render: capture state open=false text= suggestions=0 surfaces=3 chrome=false nodes=12
2026-10-10T09:05:41.223019Z  WARN swarm_discovery::socket: error sending mDNS: No route to host (os error 65)
2026-10-10T09:05:41.267568Z  WARN swarm_discovery::socket: error sending mDNS: No route to host (os error 65)
2026-10-10T09:05:41.976524Z  WARN swarm_discovery::socket: error sending mDNS: No route to host (os error 65)
2026-10-10T09:05:42.015773Z  WARN swarm_discovery::socket: error sending mDNS: No route to host (os error 65)
2026-10-10T09:05:42.649510Z  INFO turnstone::shell::render: capture state open=false text= suggestions=0 surfaces=3 chrome=false nodes=12
2026-10-10T09:05:42.783929Z  WARN swarm_discovery::socket: error sending mDNS: No route to host (os error 65)
2026-10-10T09:05:42.813282Z  WARN swarm_discovery::socket: error sending mDNS: No route to host (os error 65)
2026-10-10T09:05:43.558473Z  WARN swarm_discovery::socket: error sending mDNS: No route to host (os error 65)
2026-10-10T09:05:43.574865Z  WARN swarm_discovery::socket: error sending mDNS: No route to host (os error 65)
2026-10-10T09:05:43.759028Z  INFO turnstone::shell::render: capture state open=false text= suggestions=0 surfaces=3 chrome=false nodes=12
2026-10-10T09:05:44.276744Z  WARN swarm_discovery::socket: error sending mDNS: No route to host (os error 65)
2026-10-10T09:05:44.287271Z  WARN swarm_discovery::socket: error sending mDNS: No route to host (os error 65)
2026-10-10T09:05:44.726465Z  INFO turnstone::shell::render: capture state open=false text= suggestions=0 surfaces=3 chrome=false nodes=12
2026-10-10T09:05:45.038846Z  WARN swarm_discovery::socket: error sending mDNS: No route to host (os error 65)
2026-10-10T09:05:45.078361Z  WARN swarm_discovery::socket: error sending mDNS: No route to host (os error 65)
2026-10-10T09:05:45.758261Z  INFO turnstone::shell::render: capture state open=false text= suggestions=0 surfaces=3 chrome=false nodes=12
2026-10-10T09:05:45.815659Z  WARN swarm_discovery::socket: error sending mDNS: No route to host (os error 65)
2026-10-10T09:05:45.845234Z  WARN swarm_discovery::socket: error sending mDNS: No route to host (os error 65)
2026-10-10T09:05:46.595382Z  WARN swarm_discovery::socket: error sending mDNS: No route to host (os error 65)
2026-10-10T09:05:46.640037Z  WARN swarm_discovery::socket: error sending mDNS: No route to host (os error 65)
2026-10-10T09:05:47.105890Z  INFO turnstone::shell::render: capture state open=false text= suggestions=0 surfaces=3 chrome=false nodes=12
2026-10-10T09:05:47.356214Z  WARN swarm_discovery::socket: error sending mDNS: No route to host (os error 65)
2026-10-10T09:05:47.364036Z  WARN swarm_discovery::socket: error sending mDNS: No route to host (os error 65)
2026-10-10T09:05:47.777165Z  INFO actor{actor="actor"}: armillary: actor finished actor="actor" lifetime_ms=21006
2026-10-10T09:05:47.779422Z  INFO actor{actor="actor"}: armillary: actor finished actor="actor" lifetime_ms=23395
2026-10-10T09:05:47.821660Z  INFO actor{actor="trail-memory"}: armillary: actor finished actor="trail-memory" lifetime_ms=23437
2026-10-10T09:05:47.821736Z  INFO actor{actor="turnstone-place"}: armillary: actor finished actor="turnstone-place" lifetime_ms=23437
2026-10-10T09:05:47.821652Z  INFO actor{actor="download-custody"}: armillary: actor finished actor="download-custody" lifetime_ms=23437
2026-10-10T09:05:47.822750Z  INFO actor{actor="actor"}: armillary: actor finished actor="actor" lifetime_ms=23569
2026-10-10T09:05:47.822779Z  INFO actor{actor="actor"}: armillary: actor finished actor="actor" lifetime_ms=23569
