COMMAND: cargo tree --offline --locked --features scry,weld,servo -e features -i fontsan@0.7.0 --depth 3
EXIT: 0
fontsan v0.7.0
├── fontsan feature "default"
│   └── genet-livery v0.0.4 (https://github.com/merely-made/genet.git?rev=69a2383b2ad777b884a72f31f8f8fb7ece275c0b#69a2383b)
│       └── genet-livery feature "default"
├── fontsan feature "libz-sys"
│   └── servo-fonts v0.5.0 (https://github.com/servo/servo?rev=1d44e5dd6a8b64c02f9dbf7fcbdf4ebdd0740019#1d44e5dd)
│       ├── servo-fonts feature "bundled_freetype"
│       └── servo-fonts feature "default"
│   └── fontsan feature "default" (*)
├── fontsan feature "woff2"
│   └── fontsan feature "default" (*)
└── fontsan feature "wuff"
    └── servo-fonts v0.5.0 (https://github.com/servo/servo?rev=1d44e5dd6a8b64c02f9dbf7fcbdf4ebdd0740019#1d44e5dd) (*)
warning: patch `burn-remote v0.22.0 (https://github.com/merely-made/mere.git?rev=db4ee31258b23c86572c429388c5d10bd4de9dc3#db4ee312)` was not used in the crate graph
warning: patch `cubecl-runtime v0.11.0 (https://github.com/merely-made/mere.git?rev=db4ee31258b23c86572c429388c5d10bd4de9dc3#db4ee312)` was not used in the crate graph
warning: patch `p2panda-stream v0.7.1 (https://github.com/mark-ik/p2panda.git?tag=mere-p2panda-net-0.7.4#0a54ab82)` was not used in the crate graph
help: Check that the patched package version and available features are compatible
      with the dependency requirements. If the patch has a different version from
      what is locked in the Cargo.lock file, run `cargo update` to use the new
      version. This may also occur with an optional dependency that is not enabled.
