    Blocking waiting for file lock on package cache
    Updating git repository `https://github.com/merely-made/knot-editor.git`
    Updating git repository `https://github.com/merely-made/mere.git`
    Updating crates.io index
warning: patch `burn-remote v0.22.0 (https://github.com/merely-made/mere.git?rev=db4ee31258b23c86572c429388c5d10bd4de9dc3#db4ee312)` was not used in the crate graph
warning: patch `cubecl-runtime v0.11.0 (https://github.com/merely-made/mere.git?rev=db4ee31258b23c86572c429388c5d10bd4de9dc3#db4ee312)` was not used in the crate graph
warning: patch `p2panda-stream v0.7.1 (https://github.com/mark-ik/p2panda.git?tag=mere-p2panda-net-0.7.4#0a54ab82)` was not used in the crate graph
help: Check that the patched package version and available features are compatible
      with the dependency requirements. If the patch has a different version from
      what is locked in the Cargo.lock file, run `cargo update` to use the new
      version. This may also occur with an optional dependency that is not enabled.
     Locking 6 packages to latest Rust 1.98.1 compatible versions
    Removing armillary v0.1.1 (https://github.com/merely-made/mere.git?rev=3d1cdacc90aa6a0736154d841223a3ae29e23aa5#3d1cdacc)
    Removing cambium v0.3.3 (https://github.com/merely-made/mere.git?rev=3d1cdacc90aa6a0736154d841223a3ae29e23aa5#3d1cdacc)
    Removing chartulary v0.2.2 (https://github.com/merely-made/mere.git?rev=3d1cdacc90aa6a0736154d841223a3ae29e23aa5#3d1cdacc)
    Removing chirograph v0.0.2 (https://github.com/merely-made/mere.git?rev=3d1cdacc90aa6a0736154d841223a3ae29e23aa5#3d1cdacc)
    Removing eidetic v0.0.2 (https://github.com/merely-made/mere.git?rev=3d1cdacc90aa6a0736154d841223a3ae29e23aa5#3d1cdacc)
    Removing errand v0.3.4 (https://github.com/merely-made/mere.git?rev=3d1cdacc90aa6a0736154d841223a3ae29e23aa5#3d1cdacc)
    Removing esp v0.1.0 (https://github.com/merely-made/mere.git?rev=3d1cdacc90aa6a0736154d841223a3ae29e23aa5#3d1cdacc)
    Removing graphshell-endpoint v0.0.2 (https://github.com/merely-made/mere.git?rev=3d1cdacc90aa6a0736154d841223a3ae29e23aa5#3d1cdacc)
    Removing illume v0.0.2 (https://github.com/merely-made/mere.git?rev=3d1cdacc90aa6a0736154d841223a3ae29e23aa5#3d1cdacc)
    Removing incipit v0.2.0 (https://github.com/merely-made/mere.git?rev=3d1cdacc90aa6a0736154d841223a3ae29e23aa5#3d1cdacc)
    Removing inker v0.1.1 (https://github.com/merely-made/mere.git?rev=3d1cdacc90aa6a0736154d841223a3ae29e23aa5#3d1cdacc)
    Removing insigne v0.0.1 (https://github.com/merely-made/mere.git?rev=3d1cdacc90aa6a0736154d841223a3ae29e23aa5#3d1cdacc)
      Adding knot-capture v0.0.1 (https://github.com/merely-made/knot-editor.git?rev=91cb44a2c00c088f0677956d31f3cdca6828c59e#91cb44a2)
    Removing knot-capture v0.0.1 (https://github.com/merely-made/knot-editor.git?rev=92719898b7101c1601f79183874debcdcf54d24f#92719898)
      Adding knot-document v0.0.1 (https://github.com/merely-made/knot-editor.git?rev=91cb44a2c00c088f0677956d31f3cdca6828c59e#91cb44a2)
    Removing knot-document v0.0.1 (https://github.com/merely-made/knot-editor.git?rev=92719898b7101c1601f79183874debcdcf54d24f#92719898)
      Adding knot-editor v0.0.3 (https://github.com/merely-made/knot-editor.git?rev=91cb44a2c00c088f0677956d31f3cdca6828c59e#91cb44a2)
    Removing knot-editor v0.0.3 (https://github.com/merely-made/knot-editor.git?rev=92719898b7101c1601f79183874debcdcf54d24f#92719898)
    Removing knot-editor-host v0.1.1 (https://github.com/merely-made/mere.git?rev=3d1cdacc90aa6a0736154d841223a3ae29e23aa5#3d1cdacc)
      Adding knot-file-catalog v0.0.1 (https://github.com/merely-made/knot-editor.git?rev=91cb44a2c00c088f0677956d31f3cdca6828c59e#91cb44a2)
    Removing knot-file-catalog v0.0.1 (https://github.com/merely-made/knot-editor.git?rev=92719898b7101c1601f79183874debcdcf54d24f#92719898)
    Removing mere-alembic v0.0.1 (https://github.com/merely-made/mere.git?rev=3d1cdacc90aa6a0736154d841223a3ae29e23aa5#3d1cdacc)
    Removing mere-fetch v0.0.1 (https://github.com/merely-made/mere.git?rev=3d1cdacc90aa6a0736154d841223a3ae29e23aa5#3d1cdacc)
    Removing mere-forme v0.1.0 (https://github.com/merely-made/mere.git?rev=3d1cdacc90aa6a0736154d841223a3ae29e23aa5#3d1cdacc)
    Removing mere-kernel v0.0.2 (https://github.com/merely-made/mere.git?rev=3d1cdacc90aa6a0736154d841223a3ae29e23aa5#3d1cdacc)
    Removing mere-proofs v0.1.0 (https://github.com/merely-made/mere.git?rev=3d1cdacc90aa6a0736154d841223a3ae29e23aa5#3d1cdacc)
    Removing mere-surface-api v0.1.0 (https://github.com/merely-made/mere.git?rev=3d1cdacc90aa6a0736154d841223a3ae29e23aa5#3d1cdacc)
    Removing mere-transport v0.0.2 (https://github.com/merely-made/mere.git?rev=3d1cdacc90aa6a0736154d841223a3ae29e23aa5#3d1cdacc)
    Removing meristem v0.2.0 (https://github.com/merely-made/mere.git?rev=3d1cdacc90aa6a0736154d841223a3ae29e23aa5#3d1cdacc)
    Removing mora-cmudict v0.0.1 (https://github.com/merely-made/mere.git?rev=3d1cdacc90aa6a0736154d841223a3ae29e23aa5#3d1cdacc)
      Adding mora-cmudict v0.0.1 (https://github.com/merely-made/mere.git?rev=db4ee31258b23c86572c429388c5d10bd4de9dc3#db4ee312)
    Removing muniment v0.1.2 (https://github.com/merely-made/mere.git?rev=3d1cdacc90aa6a0736154d841223a3ae29e23aa5#3d1cdacc)
    Removing nematic v0.1.1 (https://github.com/merely-made/mere.git?rev=3d1cdacc90aa6a0736154d841223a3ae29e23aa5#3d1cdacc)
    Removing notochord v0.1.0 (https://github.com/merely-made/mere.git?rev=3d1cdacc90aa6a0736154d841223a3ae29e23aa5#3d1cdacc)
    Removing numen v0.2.0 (https://github.com/merely-made/mere.git?rev=3d1cdacc90aa6a0736154d841223a3ae29e23aa5#3d1cdacc)
    Removing pandect v0.1.1 (https://github.com/merely-made/mere.git?rev=3d1cdacc90aa6a0736154d841223a3ae29e23aa5#3d1cdacc)
    Removing personae v0.2.1 (https://github.com/merely-made/mere.git?rev=3d1cdacc90aa6a0736154d841223a3ae29e23aa5#3d1cdacc)
    Removing sceno v0.0.4 (https://github.com/merely-made/mere.git?rev=3d1cdacc90aa6a0736154d841223a3ae29e23aa5#3d1cdacc)
    Removing scenotime v0.0.4 (https://github.com/merely-made/mere.git?rev=3d1cdacc90aa6a0736154d841223a3ae29e23aa5#3d1cdacc)
    Removing script-rhai v0.0.1 (https://github.com/merely-made/mere.git?rev=3d1cdacc90aa6a0736154d841223a3ae29e23aa5#3d1cdacc)
      Adding script-rhai v0.0.1 (https://github.com/merely-made/mere.git?rev=db4ee31258b23c86572c429388c5d10bd4de9dc3#db4ee312)
    Removing servitor v0.0.2 (https://github.com/merely-made/mere.git?rev=3d1cdacc90aa6a0736154d841223a3ae29e23aa5#3d1cdacc)
    Removing sprigging v0.2.1 (https://github.com/merely-made/mere.git?rev=3d1cdacc90aa6a0736154d841223a3ae29e23aa5#3d1cdacc)
    Removing stickleback v0.1.1 (https://github.com/merely-made/mere.git?rev=3d1cdacc90aa6a0736154d841223a3ae29e23aa5#3d1cdacc)
    Removing tabard v0.0.1 (https://github.com/merely-made/mere.git?rev=3d1cdacc90aa6a0736154d841223a3ae29e23aa5#3d1cdacc)
    Removing tinct v0.1.2 (https://github.com/merely-made/mere.git?rev=3d1cdacc90aa6a0736154d841223a3ae29e23aa5#3d1cdacc)
    Removing workbench v0.1.0 (https://github.com/merely-made/mere.git?rev=3d1cdacc90aa6a0736154d841223a3ae29e23aa5#3d1cdacc)
note: pass `--verbose` to see 70 unchanged dependencies behind latest
