warning: patch `burn-remote v0.22.0 (https://github.com/merely-made/mere.git?rev=edf175f9c0a8645318ac8925adf0af6956f61425#edf175f9)` was not used in the crate graph
warning: patch `cubecl-runtime v0.11.0 (https://github.com/merely-made/mere.git?rev=edf175f9c0a8645318ac8925adf0af6956f61425#edf175f9)` was not used in the crate graph
warning: patch `p2panda-stream v0.7.1 (https://github.com/mark-ik/p2panda.git?tag=mere-p2panda-net-0.7.4#0a54ab82)` was not used in the crate graph
help: Check that the patched package version and available features are compatible
      with the dependency requirements. If the patch has a different version from
      what is locked in the Cargo.lock file, run `cargo update` to use the new
      version. This may also occur with an optional dependency that is not enabled.
   Compiling windows-sys v0.60.2
   Compiling windows-sys v0.61.2
   Compiling socket2 v0.6.5
   Compiling mio v1.2.3
   Compiling tokio v1.53.1
   Compiling tokio-util v0.7.19
   Compiling windows-sys v0.48.0
   Compiling winapi-util v0.1.11
   Compiling same-file v1.0.6
   Compiling walkdir v2.5.0
   Compiling h2 v0.4.19
   Compiling hyper v1.11.1
   Compiling stylo v0.20.0
