2026-10-10T10:25:56.953122Z  INFO turnstone::launch: turnstone starting
2026-10-10T10:25:57.025569Z  WARN turnstone::identity: personae vault unavailable; falling back to the unsealed profile seed err=identity backend error: no OS auto-unlock backend on this platform yet; set PERSONAE_PASSPHRASE to use the portable passphrase vault instead
2026-10-10T10:25:57.283876Z  INFO turnstone::session: workbench tiling restored path="/Users/markik/Code/tabard-app-receipts/2026-10-10/turnstone/native-11/turnstone-profile/sessions/cab58027-0e44-4fc8-8398-e63e5511731e/workbench.json" tiles=0
2026-10-10T10:25:57.285964Z  INFO actor{actor="actor"}: armillary: actor started actor="actor"
2026-10-10T10:25:57.285962Z  INFO actor{actor="actor"}: armillary: actor started actor="actor"
2026-10-10T10:25:57.286138Z  INFO fjall::keyspace: Opening keyspace at "/Users/markik/Code/tabard-app-receipts/2026-10-10/turnstone/native-11/turnstone-profile/cookies"
2026-10-10T10:25:57.286190Z  INFO fjall::keyspace: Recovering keyspace at "/Users/markik/Code/tabard-app-receipts/2026-10-10/turnstone/native-11/turnstone-profile/cookies"
2026-10-10T10:25:57.305546Z  INFO lsm_tree::tree: Recovering LSM-tree at "/Users/markik/Code/tabard-app-receipts/2026-10-10/turnstone/native-11/turnstone-profile/cookies/partitions/eidetic"
2026-10-10T10:25:57.305652Z  INFO lsm_tree::tree: Recovering manifest at "/Users/markik/Code/tabard-app-receipts/2026-10-10/turnstone/native-11/turnstone-profile/cookies/partitions/eidetic/levels"
2026-10-10T10:25:57.306472Z  INFO actor{actor="actor"}: armillary: actor started actor="actor"
2026-10-10T10:25:57.306663Z  INFO actor{actor="download-custody"}: armillary: actor started actor="download-custody"
2026-10-10T10:25:57.306700Z  INFO actor{actor="recycle-bin"}: armillary: actor started actor="recycle-bin"
2026-10-10T10:25:57.306726Z  INFO actor{actor="trail-memory"}: armillary: actor started actor="trail-memory"
2026-10-10T10:25:57.306801Z  INFO actor{actor="turnstone-place"}: armillary: actor started actor="turnstone-place"
2026-10-10T10:25:57.306879Z  INFO actor{actor="recycle-bin"}: fjall::keyspace: Opening keyspace at "/Users/markik/Code/tabard-app-receipts/2026-10-10/turnstone/native-11/turnstone-profile/sessions/cab58027-0e44-4fc8-8398-e63e5511731e/bin"
2026-10-10T10:25:57.306949Z  INFO actor{actor="trail-memory"}: fjall::keyspace: Opening keyspace at "/Users/markik/Code/tabard-app-receipts/2026-10-10/turnstone/native-11/turnstone-profile/sessions/cab58027-0e44-4fc8-8398-e63e5511731e/memory"
2026-10-10T10:25:57.307029Z  INFO actor{actor="trail-memory"}: fjall::keyspace: Recovering keyspace at "/Users/markik/Code/tabard-app-receipts/2026-10-10/turnstone/native-11/turnstone-profile/sessions/cab58027-0e44-4fc8-8398-e63e5511731e/memory"
2026-10-10T10:25:57.307023Z  INFO actor{actor="recycle-bin"}: fjall::keyspace: Recovering keyspace at "/Users/markik/Code/tabard-app-receipts/2026-10-10/turnstone/native-11/turnstone-profile/sessions/cab58027-0e44-4fc8-8398-e63e5511731e/bin"
2026-10-10T10:25:57.325399Z  INFO actor{actor="recycle-bin"}: lsm_tree::tree: Recovering LSM-tree at "/Users/markik/Code/tabard-app-receipts/2026-10-10/turnstone/native-11/turnstone-profile/sessions/cab58027-0e44-4fc8-8398-e63e5511731e/bin/partitions/eidetic"
2026-10-10T10:25:57.325399Z  INFO actor{actor="trail-memory"}: lsm_tree::tree: Recovering LSM-tree at "/Users/markik/Code/tabard-app-receipts/2026-10-10/turnstone/native-11/turnstone-profile/sessions/cab58027-0e44-4fc8-8398-e63e5511731e/memory/partitions/eidetic"
2026-10-10T10:25:57.325519Z  INFO actor{actor="recycle-bin"}: lsm_tree::tree: Recovering manifest at "/Users/markik/Code/tabard-app-receipts/2026-10-10/turnstone/native-11/turnstone-profile/sessions/cab58027-0e44-4fc8-8398-e63e5511731e/bin/partitions/eidetic/levels"
2026-10-10T10:25:57.325543Z  INFO actor{actor="trail-memory"}: lsm_tree::tree: Recovering manifest at "/Users/markik/Code/tabard-app-receipts/2026-10-10/turnstone/native-11/turnstone-profile/sessions/cab58027-0e44-4fc8-8398-e63e5511731e/memory/partitions/eidetic/levels"
2026-10-10T10:25:57.331013Z  INFO swarm_discovery::sender: no addresses for peer, not announcing
2026-10-10T10:25:57.344260Z  INFO swarm_discovery::sender: no addresses for peer, not announcing
2026-10-10T10:25:57.410261Z  INFO turnstone::shell::a11y_bridge: a11y_bridge: installed
2026-10-10T10:25:57.536349Z  INFO vello::wgpu_engine: Initialising shader modules in parallel using 14 threads
2026-10-10T10:25:58.099970Z  WARN swarm_discovery::socket: error sending mDNS: No route to host (os error 65)
2026-10-10T10:25:58.143344Z  WARN swarm_discovery::socket: error sending mDNS: No route to host (os error 65)
2026-10-10T10:25:58.855108Z  WARN swarm_discovery::socket: error sending mDNS: No route to host (os error 65)
2026-10-10T10:25:58.879851Z  WARN swarm_discovery::socket: error sending mDNS: No route to host (os error 65)
2026-10-10T10:25:59.227866Z  INFO actor{actor="actor"}: armillary: actor started actor="actor"
[genet-render-host] surface acquire skipped: Occluded
[genet-render-host] surface acquire skipped: Occluded
[genet-render-host] surface acquire skipped: Occluded
2026-10-10T10:25:59.630389Z  WARN swarm_discovery::socket: error sending mDNS: No route to host (os error 65)
2026-10-10T10:25:59.672854Z  WARN swarm_discovery::socket: error sending mDNS: No route to host (os error 65)
2026-10-10T10:26:00.414960Z  WARN swarm_discovery::socket: error sending mDNS: No route to host (os error 65)
2026-10-10T10:26:00.464903Z  WARN swarm_discovery::socket: error sending mDNS: No route to host (os error 65)
2026-10-10T10:26:01.008642Z  INFO turnstone::shell::render: capture state open=false text= suggestions=0 surfaces=3 chrome=false nodes=12
2026-10-10T10:26:01.195294Z  WARN swarm_discovery::socket: error sending mDNS: No route to host (os error 65)
2026-10-10T10:26:01.232868Z  WARN swarm_discovery::socket: error sending mDNS: No route to host (os error 65)
2026-10-10T10:26:01.958874Z  WARN swarm_discovery::socket: error sending mDNS: No route to host (os error 65)
2026-10-10T10:26:02.000711Z  WARN swarm_discovery::socket: error sending mDNS: No route to host (os error 65)
2026-10-10T10:26:02.716838Z  WARN swarm_discovery::socket: error sending mDNS: No route to host (os error 65)
2026-10-10T10:26:02.753382Z  WARN swarm_discovery::socket: error sending mDNS: No route to host (os error 65)
[genet-render-host] surface acquire skipped: Occluded
[cambium-winit] accessibility Installed, 197 nodes projected
[genet-render-host] surface acquire skipped: Occluded
[cambium-host] frame total=60648us hook=111us relayout=504us layout-update=100us tick=0us apply=0us layout-rebuild=0us style-resolve=0us layout-text=0us content-extent=0us mutations=0 layout-rebuilt=false leaf-boxes=376us leaf-render=24us leaf-repaints=1 fragments=33us emit=10111us raster=30605us acquire=91us clear=0us compose=0us capture=0us present=0us a11y=18918us raster-inner=29597us invalidate=2593us rebuild=75us master=2322us vello=23176us dirty-tiles=0 producer=6us staging=0us producer-calls=2 stages=0
[genet-render-host] surface acquire skipped: Occluded
[cambium-host] frame total=61964us hook=102us relayout=479us layout-update=103us tick=0us apply=0us layout-rebuild=0us style-resolve=0us layout-text=0us content-extent=0us mutations=0 layout-rebuilt=false leaf-boxes=353us leaf-render=20us leaf-repaints=1 fragments=25us emit=10891us raster=30972us acquire=92us clear=0us compose=0us capture=0us present=0us a11y=19140us raster-inner=29946us invalidate=2633us rebuild=80us master=2064us vello=24007us dirty-tiles=0 producer=2us staging=0us producer-calls=2 stages=0
[genet-render-host] surface acquire skipped: Occluded
[cambium-host] frame total=63622us hook=99us relayout=490us layout-update=102us tick=0us apply=0us layout-rebuild=0us style-resolve=0us layout-text=0us content-extent=0us mutations=0 layout-rebuilt=false leaf-boxes=365us leaf-render=20us leaf-repaints=1 fragments=24us emit=11490us raster=31442us acquire=93us clear=0us compose=0us capture=0us present=0us a11y=19717us raster-inner=30335us invalidate=2748us rebuild=89us master=1945us vello=24193us dirty-tiles=0 producer=2us staging=0us producer-calls=2 stages=0
[genet-render-host] surface acquire skipped: Occluded
[cambium-host] frame total=62044us hook=101us relayout=474us layout-update=99us tick=0us apply=0us layout-rebuild=0us style-resolve=0us layout-text=0us content-extent=0us mutations=0 layout-rebuilt=false leaf-boxes=350us leaf-render=20us leaf-repaints=1 fragments=25us emit=10576us raster=31449us acquire=91us clear=0us compose=0us capture=0us present=0us a11y=19086us raster-inner=30381us invalidate=2540us rebuild=79us master=2299us vello=24129us dirty-tiles=0 producer=1us staging=0us producer-calls=2 stages=0
[cambium-host] frame total=64083us hook=101us relayout=476us layout-update=101us tick=0us apply=0us layout-rebuild=0us style-resolve=0us layout-text=0us content-extent=0us mutations=0 layout-rebuilt=false leaf-boxes=351us leaf-render=21us leaf-repaints=1 fragments=26us emit=10789us raster=31485us acquire=541us clear=352us compose=662us capture=0us present=112us a11y=19277us raster-inner=30520us invalidate=2545us rebuild=74us master=2416us vello=24263us dirty-tiles=0 producer=1us staging=0us producer-calls=2 stages=0
[cambium-host] frame total=61324us hook=99us relayout=479us layout-update=100us tick=0us apply=0us layout-rebuild=0us style-resolve=0us layout-text=0us content-extent=0us mutations=0 layout-rebuilt=false leaf-boxes=355us leaf-render=21us leaf-repaints=1 fragments=25us emit=11107us raster=27883us acquire=509us clear=352us compose=747us capture=0us present=127us a11y=19734us raster-inner=26843us invalidate=2535us rebuild=81us master=1411us vello=22358us dirty-tiles=0 producer=2us staging=0us producer-calls=2 stages=0
2026-10-10T10:26:03.472224Z  WARN swarm_discovery::socket: error sending mDNS: No route to host (os error 65)
[cambium-host] frame total=63796us hook=99us relayout=496us layout-update=106us tick=0us apply=0us layout-rebuild=0us style-resolve=0us layout-text=0us content-extent=0us mutations=0 layout-rebuilt=false leaf-boxes=364us leaf-render=22us leaf-repaints=1 fragments=26us emit=11997us raster=30237us acquire=124us clear=347us compose=601us capture=0us present=113us a11y=19492us raster-inner=29121us invalidate=2509us rebuild=79us master=1401us vello=24624us dirty-tiles=0 producer=1us staging=0us producer-calls=2 stages=0
2026-10-10T10:26:03.501235Z  WARN swarm_discovery::socket: error sending mDNS: No route to host (os error 65)
[cambium-host] frame total=63615us hook=100us relayout=479us layout-update=101us tick=0us apply=0us layout-rebuild=0us style-resolve=0us layout-text=0us content-extent=0us mutations=0 layout-rebuilt=false leaf-boxes=352us leaf-render=22us leaf-repaints=1 fragments=25us emit=10556us raster=31740us acquire=124us clear=354us compose=614us capture=0us present=104us a11y=19258us raster-inner=30695us invalidate=2650us rebuild=80us master=2355us vello=24351us dirty-tiles=0 producer=2us staging=0us producer-calls=2 stages=0
[cambium-host] frame total=60343us hook=102us relayout=483us layout-update=100us tick=0us apply=0us layout-rebuild=0us style-resolve=0us layout-text=0us content-extent=0us mutations=0 layout-rebuilt=false leaf-boxes=357us leaf-render=22us leaf-repaints=1 fragments=29us emit=10540us raster=27930us acquire=115us clear=349us compose=606us capture=0us present=111us a11y=19816us raster-inner=27094us invalidate=2550us rebuild=76us master=1499us vello=22523us dirty-tiles=0 producer=2us staging=0us producer-calls=2 stages=0
[cambium-host] frame total=60033us hook=101us relayout=476us layout-update=101us tick=0us apply=0us layout-rebuild=0us style-resolve=0us layout-text=0us content-extent=0us mutations=0 layout-rebuilt=false leaf-boxes=351us leaf-render=20us leaf-repaints=1 fragments=25us emit=11103us raster=27769us acquire=119us clear=338us compose=583us capture=0us present=102us a11y=19159us raster-inner=26744us invalidate=2450us rebuild=77us master=1339us vello=22477us dirty-tiles=0 producer=1us staging=0us producer-calls=2 stages=0
[cambium-host] frame total=62278us hook=100us relayout=1131us layout-update=803us tick=0us apply=0us layout-rebuild=0us style-resolve=0us layout-text=0us content-extent=0us mutations=0 layout-rebuilt=false leaf-boxes=301us leaf-render=23us leaf-repaints=1 fragments=27us emit=11369us raster=28391us acquire=122us clear=362us compose=752us capture=0us present=114us a11y=19504us raster-inner=27248us invalidate=2642us rebuild=614us master=1278us vello=22278us dirty-tiles=2 producer=2us staging=0us producer-calls=2 stages=0
[cambium-host] frame total=64412us hook=98us relayout=521us layout-update=133us tick=0us apply=0us layout-rebuild=0us style-resolve=0us layout-text=0us content-extent=0us mutations=0 layout-rebuilt=false leaf-boxes=361us leaf-render=22us leaf-repaints=1 fragments=26us emit=11330us raster=30884us acquire=119us clear=363us compose=624us capture=1us present=148us a11y=19864us raster-inner=29579us invalidate=2745us rebuild=84us master=1325us vello=24967us dirty-tiles=0 producer=2us staging=0us producer-calls=2 stages=0
[cambium-host] frame total=61088us hook=100us relayout=490us layout-update=113us tick=0us apply=0us layout-rebuild=0us style-resolve=0us layout-text=0us content-extent=0us mutations=0 layout-rebuilt=false leaf-boxes=351us leaf-render=22us leaf-repaints=1 fragments=25us emit=11242us raster=28530us acquire=126us clear=354us compose=614us capture=0us present=110us a11y=19233us raster-inner=27493us invalidate=2669us rebuild=586us master=1265us vello=22516us dirty-tiles=2 producer=1us staging=0us producer-calls=2 stages=0
2026-10-10T10:26:04.252502Z  WARN swarm_discovery::socket: error sending mDNS: No route to host (os error 65)
2026-10-10T10:26:04.291750Z  WARN swarm_discovery::socket: error sending mDNS: No route to host (os error 65)
[cambium-host] frame total=323419us hook=104us relayout=262671us layout-update=262387us tick=0us apply=0us layout-rebuild=262272us style-resolve=32289us layout-text=228354us content-extent=376us mutations=1 layout-rebuilt=true leaf-boxes=256us leaf-render=22us leaf-repaints=1 fragments=32us emit=9816us raster=30187us acquire=126us clear=351us compose=611us capture=0us present=108us a11y=19151us raster-inner=28830us invalidate=2649us rebuild=684us master=1457us vello=23577us dirty-tiles=2 producer=2us staging=0us producer-calls=2 stages=0
[cambium-host] frame total=119556us hook=100us relayout=1090us layout-update=747us tick=0us apply=0us layout-rebuild=0us style-resolve=0us layout-text=0us content-extent=0us mutations=0 layout-rebuilt=false leaf-boxes=319us leaf-render=21us leaf-repaints=1 fragments=27us emit=11702us raster=85808us acquire=116us clear=351us compose=610us capture=0us present=111us a11y=19371us raster-inner=84885us invalidate=2471us rebuild=60163us master=1423us vello=20303us dirty-tiles=247 producer=3us staging=0us producer-calls=2 stages=0
2026-10-10T10:26:05.045507Z  WARN swarm_discovery::socket: error sending mDNS: No route to host (os error 65)
2026-10-10T10:26:05.084519Z  WARN swarm_discovery::socket: error sending mDNS: No route to host (os error 65)
[cambium-host] frame total=440599us hook=96us relayout=311161us layout-update=310882us tick=0us apply=0us layout-rebuild=310766us style-resolve=37295us layout-text=270681us content-extent=384us mutations=22 layout-rebuilt=true leaf-boxes=252us leaf-render=21us leaf-repaints=1 fragments=37us emit=11275us raster=96426us acquire=136us clear=398us compose=650us capture=0us present=137us a11y=19967us raster-inner=95383us invalidate=2672us rebuild=64300us master=1280us vello=26672us dirty-tiles=247 producer=2us staging=0us producer-calls=2 stages=0
[cambium-host] frame total=116579us hook=101us relayout=1064us layout-update=733us tick=0us apply=0us layout-rebuild=0us style-resolve=0us layout-text=0us content-extent=0us mutations=0 layout-rebuilt=false leaf-boxes=306us leaf-render=21us leaf-repaints=1 fragments=26us emit=10788us raster=83671us acquire=120us clear=347us compose=599us capture=0us present=113us a11y=19484us raster-inner=82775us invalidate=2729us rebuild=48544us master=1342us vello=29662us dirty-tiles=190 producer=2us staging=0us producer-calls=2 stages=0
[cambium-host] frame total=66945us hook=95us relayout=1317us layout-update=987us tick=0us apply=0us layout-rebuild=0us style-resolve=0us layout-text=0us content-extent=0us mutations=0 layout-rebuilt=false leaf-boxes=306us leaf-render=21us leaf-repaints=1 fragments=26us emit=11277us raster=33019us acquire=120us clear=351us compose=595us capture=0us present=112us a11y=19458us raster-inner=31995us invalidate=2662us rebuild=398us master=1500us vello=26963us dirty-tiles=1 producer=2us staging=0us producer-calls=2 stages=0
2026-10-10T10:26:05.832901Z  WARN swarm_discovery::socket: error sending mDNS: No route to host (os error 65)
2026-10-10T10:26:05.847731Z  WARN swarm_discovery::socket: error sending mDNS: No route to host (os error 65)
[cambium-host] frame total=433518us hook=98us relayout=300828us layout-update=300546us tick=0us apply=0us layout-rebuild=300245us style-resolve=32987us layout-text=264545us content-extent=400us mutations=3 layout-rebuilt=true leaf-boxes=254us leaf-render=23us leaf-repaints=1 fragments=33us emit=11510us raster=98775us acquire=132us clear=389us compose=671us capture=0us present=143us a11y=20354us raster-inner=97396us invalidate=2670us rebuild=63796us master=1325us vello=29081us dirty-tiles=247 producer=2us staging=0us producer-calls=2 stages=0
[cambium-host] frame total=114620us hook=99us relayout=1259us layout-update=928us tick=0us apply=0us layout-rebuild=0us style-resolve=0us layout-text=0us content-extent=0us mutations=0 layout-rebuilt=false leaf-boxes=307us leaf-render=21us leaf-repaints=1 fragments=26us emit=10794us raster=80871us acquire=119us clear=353us compose=599us capture=0us present=106us a11y=19813us raster-inner=79959us invalidate=2795us rebuild=44032us master=1283us vello=31354us dirty-tiles=177 producer=2us staging=0us producer-calls=2 stages=0
2026-10-10T10:26:06.559202Z  WARN swarm_discovery::socket: error sending mDNS: No route to host (os error 65)
2026-10-10T10:26:06.578565Z  WARN swarm_discovery::socket: error sending mDNS: No route to host (os error 65)
[cambium-host] frame total=506821us hook=96us relayout=298824us layout-update=298529us tick=0us apply=0us layout-rebuild=298418us style-resolve=33060us layout-text=262612us content-extent=437us mutations=1 layout-rebuilt=true leaf-boxes=265us leaf-render=25us leaf-repaints=1 fragments=33us emit=11144us raster=43211us acquire=127us clear=382us compose=650us capture=0us present=148us a11y=19945us raster-inner=41622us invalidate=2734us rebuild=1474us master=2375us vello=33700us dirty-tiles=5 producer=131002us staging=898us producer-calls=2 stages=1
[cambium-host] frame total=72299us hook=100us relayout=484us layout-update=110us tick=0us apply=0us layout-rebuild=0us style-resolve=0us layout-text=0us content-extent=0us mutations=0 layout-rebuilt=false leaf-boxes=349us leaf-render=22us leaf-repaints=1 fragments=26us emit=11163us raster=39478us acquire=118us clear=350us compose=598us capture=0us present=107us a11y=19607us raster-inner=38102us invalidate=2564us rebuild=77us master=1224us vello=33737us dirty-tiles=0 producer=2us staging=0us producer-calls=2 stages=0
[cambium-host] frame total=70337us hook=100us relayout=482us layout-update=109us tick=0us apply=0us layout-rebuild=0us style-resolve=0us layout-text=0us content-extent=0us mutations=0 layout-rebuilt=false leaf-boxes=348us leaf-render=21us leaf-repaints=1 fragments=25us emit=11591us raster=37315us acquire=121us clear=359us compose=607us capture=0us present=109us a11y=19360us raster-inner=35848us invalidate=2673us rebuild=81us master=1403us vello=31153us dirty-tiles=0 producer=1us staging=0us producer-calls=2 stages=0
[cambium-host] frame total=72553us hook=101us relayout=486us layout-update=110us tick=0us apply=0us layout-rebuild=0us style-resolve=0us layout-text=0us content-extent=0us mutations=0 layout-rebuilt=false leaf-boxes=352us leaf-render=20us leaf-repaints=1 fragments=25us emit=10546us raster=40442us acquire=119us clear=353us compose=609us capture=0us present=114us a11y=19488us raster-inner=38549us invalidate=2752us rebuild=80us master=1484us vello=33740us dirty-tiles=0 producer=1us staging=0us producer-calls=2 stages=0
[cambium-host] frame total=69280us hook=100us relayout=492us layout-update=112us tick=0us apply=0us layout-rebuild=0us style-resolve=0us layout-text=0us content-extent=0us mutations=0 layout-rebuilt=false leaf-boxes=355us leaf-render=21us leaf-repaints=1 fragments=26us emit=11034us raster=36674us acquire=123us clear=364us compose=611us capture=0us present=109us a11y=19482us raster-inner=35461us invalidate=2665us rebuild=77us master=1316us vello=30889us dirty-tiles=0 producer=1us staging=0us producer-calls=2 stages=0
[cambium-host] frame total=69791us hook=99us relayout=487us layout-update=111us tick=0us apply=0us layout-rebuild=0us style-resolve=0us layout-text=0us content-extent=0us mutations=0 layout-rebuilt=false leaf-boxes=351us leaf-render=21us leaf-repaints=1 fragments=25us emit=10716us raster=37774us acquire=127us clear=353us compose=597us capture=0us present=110us a11y=19236us raster-inner=35851us invalidate=2710us rebuild=81us master=1489us vello=31105us dirty-tiles=0 producer=1us staging=0us producer-calls=2 stages=0
[cambium-host] frame total=70314us hook=97us relayout=486us layout-update=101us tick=0us apply=0us layout-rebuild=0us style-resolve=0us layout-text=0us content-extent=0us mutations=0 layout-rebuilt=false leaf-boxes=360us leaf-render=22us leaf-repaints=1 fragments=25us emit=11044us raster=37683us acquire=118us clear=351us compose=610us capture=0us present=116us a11y=19517us raster-inner=36501us invalidate=2662us rebuild=79us master=1342us vello=31915us dirty-tiles=0 producer=2us staging=0us producer-calls=2 stages=0
2026-10-10T10:26:07.333465Z  WARN swarm_discovery::socket: error sending mDNS: No route to host (os error 65)
2026-10-10T10:26:07.381165Z  WARN swarm_discovery::socket: error sending mDNS: No route to host (os error 65)
[cambium-host] frame total=70369us hook=101us relayout=486us layout-update=101us tick=0us apply=0us layout-rebuild=0us style-resolve=0us layout-text=0us content-extent=0us mutations=0 layout-rebuilt=false leaf-boxes=361us leaf-render=21us leaf-repaints=1 fragments=27us emit=10892us raster=37847us acquire=119us clear=349us compose=599us capture=0us present=108us a11y=19577us raster-inner=35913us invalidate=2569us rebuild=76us master=1482us vello=31322us dirty-tiles=0 producer=1us staging=0us producer-calls=2 stages=0
[cambium-host] frame total=70565us hook=101us relayout=492us layout-update=102us tick=0us apply=0us layout-rebuild=0us style-resolve=0us layout-text=0us content-extent=0us mutations=0 layout-rebuilt=false leaf-boxes=366us leaf-render=21us leaf-repaints=1 fragments=26us emit=11010us raster=37786us acquire=123us clear=352us compose=611us capture=0us present=116us a11y=19678us raster-inner=36529us invalidate=2693us rebuild=80us master=1320us vello=31927us dirty-tiles=0 producer=2us staging=0us producer-calls=2 stages=0
[cambium-host] frame total=74023us hook=100us relayout=487us layout-update=100us tick=0us apply=0us layout-rebuild=0us style-resolve=0us layout-text=0us content-extent=0us mutations=0 layout-rebuilt=false leaf-boxes=360us leaf-render=23us leaf-repaints=1 fragments=25us emit=11158us raster=41390us acquire=132us clear=375us compose=621us capture=0us present=106us a11y=19361us raster-inner=39741us invalidate=2766us rebuild=80us master=1738us vello=34628us dirty-tiles=0 producer=2us staging=0us producer-calls=2 stages=0
[cambium-host] frame total=73003us hook=102us relayout=487us layout-update=103us tick=0us apply=0us layout-rebuild=0us style-resolve=0us layout-text=0us content-extent=0us mutations=0 layout-rebuilt=false leaf-boxes=359us leaf-render=21us leaf-repaints=1 fragments=26us emit=11366us raster=40111us acquire=126us clear=382us compose=616us capture=0us present=115us a11y=19406us raster-inner=38523us invalidate=2616us rebuild=78us master=1434us vello=33933us dirty-tiles=0 producer=1us staging=0us producer-calls=2 stages=0
[cambium-host] frame total=202110us hook=100us relayout=490us layout-update=102us tick=0us apply=0us layout-rebuild=0us style-resolve=0us layout-text=0us content-extent=0us mutations=0 layout-rebuilt=false leaf-boxes=362us leaf-render=22us leaf-repaints=1 fragments=26us emit=10604us raster=37445us acquire=130us clear=382us compose=639us capture=132714us present=110us a11y=19204us raster-inner=36207us invalidate=2704us rebuild=75us master=1369us vello=31536us dirty-tiles=0 producer=2us staging=0us producer-calls=2 stages=0
2026-10-10T10:26:08.103222Z  WARN swarm_discovery::socket: error sending mDNS: No route to host (os error 65)
2026-10-10T10:26:08.134511Z  WARN swarm_discovery::socket: error sending mDNS: No route to host (os error 65)
2026-10-10T10:26:08.845816Z  WARN swarm_discovery::socket: error sending mDNS: No route to host (os error 65)
2026-10-10T10:26:08.864593Z  WARN swarm_discovery::socket: error sending mDNS: No route to host (os error 65)
[cambium-host] frame total=566485us hook=102us relayout=376191us layout-update=375834us tick=0us apply=0us layout-rebuild=375730us style-resolve=32404us layout-text=267016us content-extent=379us mutations=0 layout-rebuilt=true leaf-boxes=328us leaf-render=23us leaf-repaints=1 fragments=33us emit=11278us raster=49555us acquire=511us clear=354us compose=677us capture=0us present=119us a11y=19222us raster-inner=48791us invalidate=1747us rebuild=30379us master=640us vello=15810us dirty-tiles=130 producer=105181us staging=1350us producer-calls=2 stages=2
[cambium-host] frame total=48975us hook=100us relayout=493us layout-update=104us tick=0us apply=0us layout-rebuild=0us style-resolve=0us layout-text=0us content-extent=0us mutations=0 layout-rebuilt=false leaf-boxes=362us leaf-render=22us leaf-repaints=1 fragments=27us emit=10545us raster=16558us acquire=561us clear=363us compose=659us capture=0us present=110us a11y=19293us raster-inner=15319us invalidate=1639us rebuild=41us master=658us vello=12731us dirty-tiles=0 producer=3us staging=0us producer-calls=2 stages=0
[cambium-host] frame total=48420us hook=99us relayout=479us layout-update=100us tick=0us apply=0us layout-rebuild=0us style-resolve=0us layout-text=0us content-extent=0us mutations=0 layout-rebuilt=false leaf-boxes=355us leaf-render=21us leaf-repaints=1 fragments=26us emit=10691us raster=16611us acquire=119us clear=350us compose=607us capture=0us present=108us a11y=19069us raster-inner=15533us invalidate=1695us rebuild=40us master=695us vello=12895us dirty-tiles=0 producer=2us staging=0us producer-calls=2 stages=0
[cambium-host] frame total=51220us hook=99us relayout=481us layout-update=106us tick=0us apply=0us layout-rebuild=0us style-resolve=0us layout-text=0us content-extent=0us mutations=0 layout-rebuilt=false leaf-boxes=351us leaf-render=20us leaf-repaints=1 fragments=25us emit=12478us raster=17332us acquire=121us clear=381us compose=632us capture=0us present=112us a11y=19283us raster-inner=15926us invalidate=1802us rebuild=45us master=775us vello=13081us dirty-tiles=0 producer=1us staging=0us producer-calls=2 stages=0
[cambium-host] frame total=49456us hook=102us relayout=485us layout-update=102us tick=0us apply=0us layout-rebuild=0us style-resolve=0us layout-text=0us content-extent=0us mutations=0 layout-rebuilt=false leaf-boxes=357us leaf-render=22us leaf-repaints=1 fragments=26us emit=11516us raster=16645us acquire=125us clear=359us compose=616us capture=0us present=111us a11y=19207us raster-inner=15137us invalidate=1643us rebuild=40us master=737us vello=12513us dirty-tiles=0 producer=1us staging=0us producer-calls=2 stages=0
[cambium-host] frame total=50062us hook=101us relayout=488us layout-update=101us tick=0us apply=0us layout-rebuild=0us style-resolve=0us layout-text=0us content-extent=0us mutations=0 layout-rebuilt=false leaf-boxes=363us leaf-render=21us leaf-repaints=1 fragments=25us emit=10983us raster=17333us acquire=125us clear=361us compose=663us capture=0us present=140us a11y=19583us raster-inner=16390us invalidate=1718us rebuild=42us master=741us vello=13670us dirty-tiles=0 producer=1us staging=0us producer-calls=2 stages=0
[cambium-host] frame total=87998us hook=99us relayout=1487us layout-update=1165us tick=0us apply=0us layout-rebuild=0us style-resolve=0us layout-text=0us content-extent=0us mutations=0 layout-rebuilt=false leaf-boxes=297us leaf-render=21us leaf-repaints=1 fragments=26us emit=10604us raster=55233us acquire=119us clear=348us compose=622us capture=0us present=111us a11y=19082us raster-inner=53711us invalidate=1735us rebuild=33778us master=685us vello=17280us dirty-tiles=130 producer=2us staging=0us producer-calls=2 stages=0
2026-10-10T10:26:09.603975Z  WARN swarm_discovery::socket: error sending mDNS: No route to host (os error 65)
2026-10-10T10:26:09.617605Z  WARN swarm_discovery::socket: error sending mDNS: No route to host (os error 65)
[cambium-host] frame total=50863us hook=101us relayout=489us layout-update=103us tick=0us apply=0us layout-rebuild=0us style-resolve=0us layout-text=0us content-extent=0us mutations=0 layout-rebuilt=false leaf-boxes=361us leaf-render=21us leaf-repaints=1 fragments=26us emit=10606us raster=18982us acquire=116us clear=381us compose=609us capture=0us present=108us a11y=19178us raster-inner=17273us invalidate=1766us rebuild=43us master=744us vello=14500us dirty-tiles=0 producer=2us staging=0us producer-calls=2 stages=0
[cambium-host] frame total=50202us hook=98us relayout=483us layout-update=101us tick=0us apply=0us layout-rebuild=0us style-resolve=0us layout-text=0us content-extent=0us mutations=0 layout-rebuilt=false leaf-boxes=358us leaf-render=20us leaf-repaints=1 fragments=25us emit=10728us raster=18172us acquire=120us clear=345us compose=591us capture=0us present=111us a11y=19268us raster-inner=17057us invalidate=1636us rebuild=41us master=707us vello=14486us dirty-tiles=0 producer=1us staging=0us producer-calls=2 stages=0
[cambium-host] frame total=51056us hook=99us relayout=537us layout-update=105us tick=0us apply=0us layout-rebuild=0us style-resolve=0us layout-text=0us content-extent=0us mutations=0 layout-rebuilt=false leaf-boxes=407us leaf-render=22us leaf-repaints=1 fragments=26us emit=11483us raster=18479us acquire=125us clear=359us compose=617us capture=0us present=106us a11y=18949us raster-inner=17392us invalidate=1654us rebuild=40us master=755us vello=14704us dirty-tiles=0 producer=2us staging=0us producer-calls=2 stages=0
[cambium-host] frame total=53312us hook=101us relayout=485us layout-update=102us tick=0us apply=0us layout-rebuild=0us style-resolve=0us layout-text=0us content-extent=0us mutations=0 layout-rebuilt=false leaf-boxes=357us leaf-render=22us leaf-repaints=1 fragments=26us emit=12365us raster=19271us acquire=125us clear=367us compose=676us capture=0us present=141us a11y=19490us raster-inner=17911us invalidate=1803us rebuild=44us master=820us vello=14964us dirty-tiles=0 producer=1us staging=0us producer-calls=2 stages=0
[cambium-host] frame total=50333us hook=98us relayout=493us layout-update=103us tick=0us apply=0us layout-rebuild=0us style-resolve=0us layout-text=0us content-extent=0us mutations=0 layout-rebuilt=false leaf-boxes=364us leaf-render=22us leaf-repaints=1 fragments=26us emit=10688us raster=18654us acquire=119us clear=351us compose=598us capture=0us present=104us a11y=18934us raster-inner=17587us invalidate=1767us rebuild=40us master=776us vello=14772us dirty-tiles=0 producer=1us staging=0us producer-calls=2 stages=0
[cambium-host] frame total=180872us hook=99us relayout=482us layout-update=98us tick=0us apply=0us layout-rebuild=0us style-resolve=0us layout-text=0us content-extent=0us mutations=0 layout-rebuilt=false leaf-boxes=359us leaf-render=21us leaf-repaints=1 fragments=25us emit=10716us raster=18647us acquire=123us clear=392us compose=632us capture=130595us present=110us a11y=18788us raster-inner=17409us invalidate=1646us rebuild=43us master=810us vello=14664us dirty-tiles=0 producer=1us staging=0us producer-calls=2 stages=0
2026-10-10T10:26:10.382768Z  WARN swarm_discovery::socket: error sending mDNS: No route to host (os error 65)
2026-10-10T10:26:10.415080Z  WARN swarm_discovery::socket: error sending mDNS: No route to host (os error 65)
[cambium-host] frame total=265239us hook=99us relayout=213724us layout-update=213427us tick=0us apply=0us layout-rebuild=213314us style-resolve=32546us layout-text=177991us content-extent=390us mutations=2 layout-rebuilt=true leaf-boxes=268us leaf-render=24us leaf-repaints=1 fragments=32us emit=10801us raster=19973us acquire=123us clear=351us compose=603us capture=0us present=110us a11y=19136us raster-inner=19056us invalidate=1721us rebuild=2376us master=759us vello=13954us dirty-tiles=8 producer=2us staging=0us producer-calls=2 stages=0
[cambium-host] frame total=50006us hook=100us relayout=487us layout-update=110us tick=0us apply=0us layout-rebuild=0us style-resolve=0us layout-text=0us content-extent=0us mutations=0 layout-rebuilt=false leaf-boxes=353us leaf-render=21us leaf-repaints=1 fragments=25us emit=10764us raster=17922us acquire=118us clear=343us compose=591us capture=0us present=111us a11y=19278us raster-inner=16629us invalidate=1626us rebuild=40us master=672us vello=14049us dirty-tiles=0 producer=1us staging=0us producer-calls=2 stages=0
[cambium-host] frame total=50935us hook=101us relayout=490us layout-update=112us tick=0us apply=0us layout-rebuild=0us style-resolve=0us layout-text=0us content-extent=0us mutations=0 layout-rebuilt=false leaf-boxes=352us leaf-render=22us leaf-repaints=1 fragments=26us emit=11800us raster=18196us acquire=123us clear=342us compose=608us capture=0us present=105us a11y=18875us raster-inner=17128us invalidate=1701us rebuild=40us master=845us vello=14307us dirty-tiles=0 producer=2us staging=0us producer-calls=2 stages=0
[cambium-host] frame total=50277us hook=99us relayout=482us layout-update=108us tick=0us apply=0us layout-rebuild=0us style-resolve=0us layout-text=0us content-extent=0us mutations=0 layout-rebuilt=false leaf-boxes=350us leaf-render=21us leaf-repaints=1 fragments=25us emit=10951us raster=18286us acquire=119us clear=385us compose=595us capture=0us present=110us a11y=18961us raster-inner=16643us invalidate=1755us rebuild=42us master=720us vello=13900us dirty-tiles=0 producer=1us staging=0us producer-calls=2 stages=0
2026-10-10T10:26:11.142431Z  WARN swarm_discovery::socket: error sending mDNS: No route to host (os error 65)
[cambium-host] frame total=49427us hook=98us relayout=483us layout-update=111us tick=0us apply=0us layout-rebuild=0us style-resolve=0us layout-text=0us content-extent=0us mutations=0 layout-rebuilt=false leaf-boxes=349us leaf-render=20us leaf-repaints=1 fragments=25us emit=10604us raster=17566us acquire=117us clear=379us compose=598us capture=0us present=104us a11y=19185us raster-inner=16859us invalidate=1672us rebuild=41us master=700us vello=14193us dirty-tiles=0 producer=1us staging=0us producer-calls=2 stages=0
2026-10-10T10:26:11.175244Z  WARN swarm_discovery::socket: error sending mDNS: No route to host (os error 65)
[cambium-host] frame total=50027us hook=99us relayout=486us layout-update=112us tick=0us apply=0us layout-rebuild=0us style-resolve=0us layout-text=0us content-extent=0us mutations=0 layout-rebuilt=false leaf-boxes=350us leaf-render=19us leaf-repaints=1 fragments=24us emit=10791us raster=18194us acquire=117us clear=371us compose=587us capture=0us present=107us a11y=18985us raster-inner=16892us invalidate=1779us rebuild=43us master=748us vello=14093us dirty-tiles=0 producer=1us staging=0us producer-calls=2 stages=0
[cambium-host] frame total=49596us hook=99us relayout=484us layout-update=111us tick=0us apply=0us layout-rebuild=0us style-resolve=0us layout-text=0us content-extent=0us mutations=0 layout-rebuilt=false leaf-boxes=349us leaf-render=20us leaf-repaints=1 fragments=24us emit=10638us raster=18049us acquire=118us clear=345us compose=591us capture=0us present=107us a11y=18874us raster-inner=16749us invalidate=1659us rebuild=40us master=673us vello=14078us dirty-tiles=0 producer=3us staging=0us producer-calls=2 stages=0
[cambium-host] frame total=50721us hook=100us relayout=489us layout-update=110us tick=0us apply=0us layout-rebuild=0us style-resolve=0us layout-text=0us content-extent=0us mutations=0 layout-rebuilt=false leaf-boxes=353us leaf-render=22us leaf-repaints=1 fragments=26us emit=11377us raster=18137us acquire=113us clear=345us compose=618us capture=0us present=126us a11y=19122us raster-inner=17061us invalidate=1711us rebuild=40us master=819us vello=14254us dirty-tiles=0 producer=1us staging=0us producer-calls=2 stages=0
turnstone-theme: captured workshop_same_id
turnstone-theme: captured workshop_same_id_narrow
turnstone-theme: RESULT ok (49 frames, 2 captures)
2026-10-10T10:26:11.898662Z  WARN swarm_discovery::socket: error sending mDNS: No route to host (os error 65)
2026-10-10T10:26:11.910964Z  WARN swarm_discovery::socket: error sending mDNS: No route to host (os error 65)
2026-10-10T10:26:11.936465Z  INFO turnstone::shell::render: capture state open=false text= suggestions=0 surfaces=3 chrome=false nodes=12
2026-10-10T10:26:12.625012Z  WARN swarm_discovery::socket: error sending mDNS: No route to host (os error 65)
2026-10-10T10:26:12.649032Z  WARN swarm_discovery::socket: error sending mDNS: No route to host (os error 65)
2026-10-10T10:26:12.789892Z  INFO turnstone::shell::render: capture state open=false text= suggestions=0 surfaces=3 chrome=false nodes=12
2026-10-10T10:26:13.409878Z  WARN swarm_discovery::socket: error sending mDNS: No route to host (os error 65)
2026-10-10T10:26:13.451235Z  WARN swarm_discovery::socket: error sending mDNS: No route to host (os error 65)
2026-10-10T10:26:13.584666Z  INFO turnstone::shell::render: capture state open=false text= suggestions=0 surfaces=3 chrome=false nodes=12
2026-10-10T10:26:14.114447Z  INFO actor{actor="actor"}: armillary: actor finished actor="actor" lifetime_ms=14887
2026-10-10T10:26:14.116851Z  INFO actor{actor="actor"}: armillary: actor finished actor="actor" lifetime_ms=16811
2026-10-10T10:26:14.210167Z  WARN swarm_discovery::socket: error sending mDNS: No route to host (os error 65)
2026-10-10T10:26:14.216517Z  WARN swarm_discovery::socket: error sending mDNS: No route to host (os error 65)
2026-10-10T10:26:14.367162Z  INFO actor{actor="download-custody"}: armillary: actor finished actor="download-custody" lifetime_ms=17061
2026-10-10T10:26:14.367195Z  INFO actor{actor="turnstone-place"}: armillary: actor finished actor="turnstone-place" lifetime_ms=17061
2026-10-10T10:26:14.367417Z  INFO actor{actor="trail-memory"}: armillary: actor finished actor="trail-memory" lifetime_ms=17061
2026-10-10T10:26:14.368236Z  INFO actor{actor="actor"}: armillary: actor finished actor="actor" lifetime_ms=17082
2026-10-10T10:26:14.368254Z  INFO actor{actor="actor"}: armillary: actor finished actor="actor" lifetime_ms=17082
